******************************************************************************
             TMS320C2000 Linker PC v20.2.1                     
******************************************************************************
>> Linked Tue Jul 26 11:57:58 2022

OUTPUT FILE NAME:   <../hall_effect_pos_vel_track_enhanced.out>
ENTRY POINT SYMBOL: "_c_int00"  address: 000845ef


MEMORY CONFIGURATION

         name            origin    length      used     unused   attr    fill
----------------------  --------  ---------  --------  --------  ----  --------
PAGE 0:
  BEGIN                 00000000   00000002  00000000  00000002  RWIX
  RAMLS_PROG            00008000   00002000  000000b3  00001f4d  RWIX
  BEGIN_FLASH           00080000   00000002  00000002  00000000  RWIX
  FLASHA_N              00080002   0003fffe  00004d25  0003b2d9  RWIX
  RESET                 003fffc0   00000002  00000000  00000002  RWIX

PAGE 1:
  BOOT_RSVD             00000002   00000120  00000000  00000120  RWIX
  RAMM0M1               00000122   000006de  00000400  000002de  RWIX
  ADCARESULT            00000b00   00000018  00000018  00000000  RWIX
  ADCBRESULT            00000b20   00000018  00000018  00000000  RWIX
  ADCCRESULT            00000b40   00000018  00000018  00000000  RWIX
  ADCDRESULT            00000b60   00000018  00000018  00000000  RWIX
  CPU_TIMER0            00000c00   00000008  00000008  00000000  RWIX
  CPU_TIMER1            00000c08   00000008  00000008  00000000  RWIX
  CPU_TIMER2            00000c10   00000008  00000008  00000000  RWIX
  PIE_CTRL              00000ce0   00000020  0000001a  00000006  RWIX
  PIE_VECT              00000d00   00000200  000001c0  00000040  RWIX
  DMA                   00001000   00000200  000000e0  00000120  RWIX
  CLA1                  00001400   00000040  0000003e  00000002  RWIX
  CLA1_MSGRAMLOW        00001480   00000080  00000000  00000080  RWIX
  CLA1_MSGRAMHIGH       00001500   00000080  00000000  00000080  RWIX
  CLB1LOGICCFG          00003000   00000052  0000003e  00000014  RWIX
  CLB1LOGICCTRL         00003100   00000040  00000040  00000000  RWIX
  CLB1DATAEXCH          00003200   00000200  00000108  000000f8  RWIX
  CLB2LOGICCFG          00003400   00000052  0000003e  00000014  RWIX
  CLB2LOGICCTRL         00003500   00000040  00000040  00000000  RWIX
  CLB2DATAEXCH          00003600   00000200  00000108  000000f8  RWIX
  CLB3LOGICCFG          00003800   00000052  0000003e  00000014  RWIX
  CLB3LOGICCTRL         00003900   00000040  00000040  00000000  RWIX
  CLB3DATAEXCH          00003a00   00000200  00000108  000000f8  RWIX
  CLB4LOGICCFG          00003c00   00000052  0000003e  00000014  RWIX
  CLB4LOGICCTRL         00003d00   00000040  00000040  00000000  RWIX
  CLB4DATAEXCH          00003e00   00000200  00000108  000000f8  RWIX
  EPWM1                 00004000   00000100  00000100  00000000  RWIX
  EPWM2                 00004100   00000100  00000100  00000000  RWIX
  EPWM3                 00004200   00000100  00000100  00000000  RWIX
  EPWM4                 00004300   00000100  00000100  00000000  RWIX
  EPWM5                 00004400   00000100  00000100  00000000  RWIX
  EPWM6                 00004500   00000100  00000100  00000000  RWIX
  EPWM7                 00004600   00000100  00000100  00000000  RWIX
  EPWM8                 00004700   00000100  00000100  00000000  RWIX
  EPWM9                 00004800   00000100  00000100  00000000  RWIX
  EPWM10                00004900   00000100  00000100  00000000  RWIX
  EPWM11                00004a00   00000100  00000100  00000000  RWIX
  EPWM12                00004b00   00000100  00000100  00000000  RWIX
  ECAP1                 00005000   00000020  0000001a  00000006  RWIX
  ECAP2                 00005020   00000020  0000001a  00000006  RWIX
  ECAP3                 00005040   00000020  0000001a  00000006  RWIX
  ECAP4                 00005060   00000020  0000001a  00000006  RWIX
  ECAP5                 00005080   00000020  0000001a  00000006  RWIX
  ECAP6                 000050a0   00000020  0000001a  00000006  RWIX
  EQEP1                 00005100   00000040  00000022  0000001e  RWIX
  EQEP2                 00005140   00000040  00000022  0000001e  RWIX
  EQEP3                 00005180   00000040  00000022  0000001e  RWIX
  DACA                  00005c00   00000010  00000007  00000009  RWIX
  DACB                  00005c10   00000010  00000007  00000009  RWIX
  DACC                  00005c20   00000010  00000007  00000009  RWIX
  CMPSS1                00005c80   00000020  0000001b  00000005  RWIX
  CMPSS2                00005ca0   00000020  0000001b  00000005  RWIX
  CMPSS3                00005cc0   00000020  0000001b  00000005  RWIX
  CMPSS4                00005ce0   00000020  0000001b  00000005  RWIX
  CMPSS5                00005d00   00000020  0000001b  00000005  RWIX
  CMPSS6                00005d20   00000020  0000001b  00000005  RWIX
  CMPSS7                00005d40   00000020  0000001b  00000005  RWIX
  CMPSS8                00005d60   00000020  0000001b  00000005  RWIX
  SDFM1                 00005e00   00000080  00000048  00000038  RWIX
  SDFM2                 00005e80   00000080  00000048  00000038  RWIX
  MCBSPA                00006000   00000040  00000024  0000001c  RWIX
  MCBSPB                00006040   00000040  00000024  0000001c  RWIX
  SPIA                  00006100   00000010  00000010  00000000  RWIX
  SPIB                  00006110   00000010  00000010  00000000  RWIX
  SPIC                  00006120   00000010  00000010  00000000  RWIX
  SPID                  00006130   00000010  00000000  00000010  RWIX
  UPP                   00006200   00000100  00000048  000000b8  RWIX
  WD                    00007000   00000040  0000002b  00000015  RWIX
  NMIINTRUPT            00007060   00000010  00000007  00000009  RWIX
  XINT                  00007070   00000010  0000000b  00000005  RWIX
  SCIA                  00007200   00000010  00000010  00000000  RWIX
  SCIB                  00007210   00000010  00000010  00000000  RWIX
  SCIC                  00007220   00000010  00000010  00000000  RWIX
  SCID                  00007230   00000010  00000010  00000000  RWIX
  I2CA                  00007300   00000040  00000022  0000001e  RWIX
  I2CB                  00007340   00000040  00000022  0000001e  RWIX
  ADCA                  00007400   00000080  0000007c  00000004  RWIX
  ADCB                  00007480   00000080  0000007c  00000004  RWIX
  ADCC                  00007500   00000080  0000007c  00000004  RWIX
  ADCD                  00007580   00000080  0000007c  00000004  RWIX
  INPUT_XBAR            00007900   00000020  00000020  00000000  RWIX
  XBAR                  00007920   00000020  0000000e  00000012  RWIX
  SYNC_SOC              00007940   00000010  00000006  0000000a  RWIX
  DMACLASRCSEL          00007980   00000040  0000001a  00000026  RWIX
  EPWM_XBAR             00007a00   00000040  00000040  00000000  RWIX
  CLB_XBAR              00007a40   00000040  00000040  00000000  RWIX
  OUTPUT_XBAR           00007a80   00000040  00000040  00000000  RWIX
  GPIOCTRL              00007c00   00000180  00000180  00000000  RWIX
  GPIODAT               00007f00   00000030  00000030  00000000  RWIX
  RAMLS_DATA            0000a000   00001000  00000000  00001000  RWIX
  RAMD0D1               0000b000   00001000  00000000  00001000  RWIX
  RAMGS_IPCBuffCPU1     0000c000   00001000  00000000  00001000  RWIX
  RAMGS_IPCBuffCPU2     0000d000   00001000  00000000  00001000  RWIX
  RAMGS_DATA            0000e000   00007000  00000706  000068fa  RWIX
  CPU2TOCPU1RAM         0003f800   00000400  00000000  00000400  RWIX
  CPU1TOCPU2RAM         0003fc00   00000400  00000000  00000400  RWIX
  EMIF1                 00047000   00000800  00000028  000007d8  RWIX
  EMIF2                 00047800   00000800  00000028  000007d8  RWIX
  CANA                  00048000   00000200  00000164  0000009c  RWIX
  CANB                  0004a000   00000200  00000164  0000009c  RWIX
  IPC                   00050000   00000024  00000024  00000000  RWIX
  FLASHPUMPSEMAPHORE    00050024   00000002  00000002  00000000  RWIX
  DEV_CFG               0005d000   00000180  0000012e  00000052  RWIX
  ANALOG_SUBSYS         0005d180   00000080  0000003e  00000042  RWIX
  CLK_CFG               0005d200   00000100  00000032  000000ce  RWIX
  CPU_SYS               0005d300   00000100  00000082  0000007e  RWIX
  ROMPREFETCH           0005e608   00000002  00000002  00000000  RWIX
  DCSM_Z1               0005f000   00000030  00000022  0000000e  RWIX
  DCSM_Z2               0005f040   00000030  00000022  0000000e  RWIX
  DCSM_COMMON           0005f070   00000010  00000006  0000000a  RWIX
  MEMCFG                0005f400   00000080  00000076  0000000a  RWIX
  EMIF1CONFIG           0005f480   00000020  0000000a  00000016  RWIX
  EMIF2CONFIG           0005f4a0   00000020  0000000a  00000016  RWIX
  ACCESSPROTECTION      0005f4c0   00000040  0000002e  00000012  RWIX
  MEMORYERROR           0005f500   00000040  0000003a  00000006  RWIX
  ROMWAITSTATE          0005f540   00000002  00000002  00000000  RWIX
  FLASH0_CTRL           0005f800   00000300  00000182  0000017e  RWIX
  FLASH0_ECC            0005fb00   00000040  00000028  00000018  RWIX
  DCSM_Z1_OTP           00078000   00000020  00000000  00000020  RWIX
  DCSM_Z2_OTP           00078200   00000020  00000000  00000020  RWIX


SECTION ALLOCATION MAP

 output                                  attributes/
section   page    origin      length       input sections
--------  ----  ----------  ----------   ----------------
codestart 
*          0    00080000    00000002     
                  00080000    00000002     F2837xD_CodeStartBranch.obj (codestart)

ramfuncs   0    00080004    00000074     RUN ADDR = 00008000
                  00080004    0000004b     rtiostream_serial_c28x_ext_xcp.obj (ramfuncs:retain)
                  0008004f    00000029     datamodify_xcp.obj (ramfuncs)

AdcaResultRegsFile 
*          1    00000b00    00000018     UNINITIALIZED
                  00000b00    00000018     F2837xD_GlobalVariableDefs.obj (AdcaResultRegsFile)

AdcbResultRegsFile 
*          1    00000b20    00000018     UNINITIALIZED
                  00000b20    00000018     F2837xD_GlobalVariableDefs.obj (AdcbResultRegsFile)

AdccResultRegsFile 
*          1    00000b40    00000018     UNINITIALIZED
                  00000b40    00000018     F2837xD_GlobalVariableDefs.obj (AdccResultRegsFile)

AdcdResultRegsFile 
*          1    00000b60    00000018     UNINITIALIZED
                  00000b60    00000018     F2837xD_GlobalVariableDefs.obj (AdcdResultRegsFile)

CpuTimer0RegsFile 
*          1    00000c00    00000008     UNINITIALIZED
                  00000c00    00000008     F2837xD_GlobalVariableDefs.obj (CpuTimer0RegsFile)

CpuTimer1RegsFile 
*          1    00000c08    00000008     UNINITIALIZED
                  00000c08    00000008     F2837xD_GlobalVariableDefs.obj (CpuTimer1RegsFile)

CpuTimer2RegsFile 
*          1    00000c10    00000008     UNINITIALIZED
                  00000c10    00000008     F2837xD_GlobalVariableDefs.obj (CpuTimer2RegsFile)

PieCtrlRegsFile 
*          1    00000ce0    0000001a     UNINITIALIZED
                  00000ce0    0000001a     F2837xD_GlobalVariableDefs.obj (PieCtrlRegsFile)

PieVectTableFile 
*          1    00000d00    000001c0     UNINITIALIZED
                  00000d00    000001c0     F2837xD_GlobalVariableDefs.obj (PieVectTableFile)

EmuKeyVar 
*          1    00000d00    00000000     UNINITIALIZED

EmuBModeVar 
*          1    00000d00    00000000     UNINITIALIZED

FlashCallbackVar 
*          1    00000d00    00000000     UNINITIALIZED

FlashScalingVar 
*          1    00000d00    00000000     UNINITIALIZED

Cla1RegsFile 
*          1    00001400    0000003e     UNINITIALIZED
                  00001400    0000003e     F2837xD_GlobalVariableDefs.obj (Cla1RegsFile)

Clb1LogicCfgRegsFile 
*          1    00003000    0000003e     UNINITIALIZED
                  00003000    0000003e     F2837xD_GlobalVariableDefs.obj (Clb1LogicCfgRegsFile)

Clb1LogicCtrlRegsFile 
*          1    00003100    00000040     UNINITIALIZED
                  00003100    00000040     F2837xD_GlobalVariableDefs.obj (Clb1LogicCtrlRegsFile)

Clb2LogicCfgRegsFile 
*          1    00003400    0000003e     UNINITIALIZED
                  00003400    0000003e     F2837xD_GlobalVariableDefs.obj (Clb2LogicCfgRegsFile)

Clb2LogicCtrlRegsFile 
*          1    00003500    00000040     UNINITIALIZED
                  00003500    00000040     F2837xD_GlobalVariableDefs.obj (Clb2LogicCtrlRegsFile)

Clb3LogicCfgRegsFile 
*          1    00003800    0000003e     UNINITIALIZED
                  00003800    0000003e     F2837xD_GlobalVariableDefs.obj (Clb3LogicCfgRegsFile)

Clb3LogicCtrlRegsFile 
*          1    00003900    00000040     UNINITIALIZED
                  00003900    00000040     F2837xD_GlobalVariableDefs.obj (Clb3LogicCtrlRegsFile)

Clb4LogicCfgRegsFile 
*          1    00003c00    0000003e     UNINITIALIZED
                  00003c00    0000003e     F2837xD_GlobalVariableDefs.obj (Clb4LogicCfgRegsFile)

Clb4LogicCtrlRegsFile 
*          1    00003d00    00000040     UNINITIALIZED
                  00003d00    00000040     F2837xD_GlobalVariableDefs.obj (Clb4LogicCtrlRegsFile)

EPwm1RegsFile 
*          1    00004000    00000100     UNINITIALIZED
                  00004000    00000100     F2837xD_GlobalVariableDefs.obj (EPwm1RegsFile)

EPwm2RegsFile 
*          1    00004100    00000100     UNINITIALIZED
                  00004100    00000100     F2837xD_GlobalVariableDefs.obj (EPwm2RegsFile)

EPwm3RegsFile 
*          1    00004200    00000100     UNINITIALIZED
                  00004200    00000100     F2837xD_GlobalVariableDefs.obj (EPwm3RegsFile)

EPwm4RegsFile 
*          1    00004300    00000100     UNINITIALIZED
                  00004300    00000100     F2837xD_GlobalVariableDefs.obj (EPwm4RegsFile)

EPwm5RegsFile 
*          1    00004400    00000100     UNINITIALIZED
                  00004400    00000100     F2837xD_GlobalVariableDefs.obj (EPwm5RegsFile)

EPwm6RegsFile 
*          1    00004500    00000100     UNINITIALIZED
                  00004500    00000100     F2837xD_GlobalVariableDefs.obj (EPwm6RegsFile)

EPwm7RegsFile 
*          1    00004600    00000100     UNINITIALIZED
                  00004600    00000100     F2837xD_GlobalVariableDefs.obj (EPwm7RegsFile)

EPwm8RegsFile 
*          1    00004700    00000100     UNINITIALIZED
                  00004700    00000100     F2837xD_GlobalVariableDefs.obj (EPwm8RegsFile)

EPwm9RegsFile 
*          1    00004800    00000100     UNINITIALIZED
                  00004800    00000100     F2837xD_GlobalVariableDefs.obj (EPwm9RegsFile)

EPwm10RegsFile 
*          1    00004900    00000100     UNINITIALIZED
                  00004900    00000100     F2837xD_GlobalVariableDefs.obj (EPwm10RegsFile)

EPwm11RegsFile 
*          1    00004a00    00000100     UNINITIALIZED
                  00004a00    00000100     F2837xD_GlobalVariableDefs.obj (EPwm11RegsFile)

EPwm12RegsFile 
*          1    00004b00    00000100     UNINITIALIZED
                  00004b00    00000100     F2837xD_GlobalVariableDefs.obj (EPwm12RegsFile)

ECap1RegsFile 
*          1    00005000    0000001a     UNINITIALIZED
                  00005000    0000001a     F2837xD_GlobalVariableDefs.obj (ECap1RegsFile)

ECap2RegsFile 
*          1    00005020    0000001a     UNINITIALIZED
                  00005020    0000001a     F2837xD_GlobalVariableDefs.obj (ECap2RegsFile)

ECap3RegsFile 
*          1    00005040    0000001a     UNINITIALIZED
                  00005040    0000001a     F2837xD_GlobalVariableDefs.obj (ECap3RegsFile)

ECap4RegsFile 
*          1    00005060    0000001a     UNINITIALIZED
                  00005060    0000001a     F2837xD_GlobalVariableDefs.obj (ECap4RegsFile)

ECap5RegsFile 
*          1    00005080    0000001a     UNINITIALIZED
                  00005080    0000001a     F2837xD_GlobalVariableDefs.obj (ECap5RegsFile)

ECap6RegsFile 
*          1    000050a0    0000001a     UNINITIALIZED
                  000050a0    0000001a     F2837xD_GlobalVariableDefs.obj (ECap6RegsFile)

EQep1RegsFile 
*          1    00005100    00000022     UNINITIALIZED
                  00005100    00000022     F2837xD_GlobalVariableDefs.obj (EQep1RegsFile)

EQep2RegsFile 
*          1    00005140    00000022     UNINITIALIZED
                  00005140    00000022     F2837xD_GlobalVariableDefs.obj (EQep2RegsFile)

EQep3RegsFile 
*          1    00005180    00000022     UNINITIALIZED
                  00005180    00000022     F2837xD_GlobalVariableDefs.obj (EQep3RegsFile)

DacaRegsFile 
*          1    00005c00    00000007     UNINITIALIZED
                  00005c00    00000007     F2837xD_GlobalVariableDefs.obj (DacaRegsFile)

DacbRegsFile 
*          1    00005c10    00000007     UNINITIALIZED
                  00005c10    00000007     F2837xD_GlobalVariableDefs.obj (DacbRegsFile)

DaccRegsFile 
*          1    00005c20    00000007     UNINITIALIZED
                  00005c20    00000007     F2837xD_GlobalVariableDefs.obj (DaccRegsFile)

Cmpss1RegsFile 
*          1    00005c80    0000001b     UNINITIALIZED
                  00005c80    0000001b     F2837xD_GlobalVariableDefs.obj (Cmpss1RegsFile)

Cmpss2RegsFile 
*          1    00005ca0    0000001b     UNINITIALIZED
                  00005ca0    0000001b     F2837xD_GlobalVariableDefs.obj (Cmpss2RegsFile)

Cmpss3RegsFile 
*          1    00005cc0    0000001b     UNINITIALIZED
                  00005cc0    0000001b     F2837xD_GlobalVariableDefs.obj (Cmpss3RegsFile)

Cmpss4RegsFile 
*          1    00005ce0    0000001b     UNINITIALIZED
                  00005ce0    0000001b     F2837xD_GlobalVariableDefs.obj (Cmpss4RegsFile)

Cmpss5RegsFile 
*          1    00005d00    0000001b     UNINITIALIZED
                  00005d00    0000001b     F2837xD_GlobalVariableDefs.obj (Cmpss5RegsFile)

Cmpss6RegsFile 
*          1    00005d20    0000001b     UNINITIALIZED
                  00005d20    0000001b     F2837xD_GlobalVariableDefs.obj (Cmpss6RegsFile)

Cmpss7RegsFile 
*          1    00005d40    0000001b     UNINITIALIZED
                  00005d40    0000001b     F2837xD_GlobalVariableDefs.obj (Cmpss7RegsFile)

Cmpss8RegsFile 
*          1    00005d60    0000001b     UNINITIALIZED
                  00005d60    0000001b     F2837xD_GlobalVariableDefs.obj (Cmpss8RegsFile)

I2caRegsFile 
*          1    00007300    00000022     UNINITIALIZED
                  00007300    00000022     F2837xD_GlobalVariableDefs.obj (I2caRegsFile)

I2cbRegsFile 
*          1    00007340    00000022     UNINITIALIZED
                  00007340    00000022     F2837xD_GlobalVariableDefs.obj (I2cbRegsFile)

AdcaRegsFile 
*          1    00007400    0000007c     UNINITIALIZED
                  00007400    0000007c     F2837xD_GlobalVariableDefs.obj (AdcaRegsFile)

AdcbRegsFile 
*          1    00007480    0000007c     UNINITIALIZED
                  00007480    0000007c     F2837xD_GlobalVariableDefs.obj (AdcbRegsFile)

AdccRegsFile 
*          1    00007500    0000007c     UNINITIALIZED
                  00007500    0000007c     F2837xD_GlobalVariableDefs.obj (AdccRegsFile)

AdcdRegsFile 
*          1    00007580    0000007c     UNINITIALIZED
                  00007580    0000007c     F2837xD_GlobalVariableDefs.obj (AdcdRegsFile)

CanaRegsFile 
*          1    00048000    00000164     UNINITIALIZED
                  00048000    00000164     F2837xD_GlobalVariableDefs.obj (CanaRegsFile)

CanbRegsFile 
*          1    0004a000    00000164     UNINITIALIZED
                  0004a000    00000164     F2837xD_GlobalVariableDefs.obj (CanbRegsFile)

AnalogSubsysRegsFile 
*          1    0005d180    0000003e     UNINITIALIZED
                  0005d180    0000003e     F2837xD_GlobalVariableDefs.obj (AnalogSubsysRegsFile)

Cla1SoftIntRegsFile 
*          1    00000ce0    00000000     DSECT

Clb1DataExchRegsFile 
*          1    00003200    00000108     UNINITIALIZED
                  00003200    00000108     F2837xD_GlobalVariableDefs.obj (Clb1DataExchRegsFile)

Clb2DataExchRegsFile 
*          1    00003600    00000108     UNINITIALIZED
                  00003600    00000108     F2837xD_GlobalVariableDefs.obj (Clb2DataExchRegsFile)

Clb3DataExchRegsFile 
*          1    00003a00    00000108     UNINITIALIZED
                  00003a00    00000108     F2837xD_GlobalVariableDefs.obj (Clb3DataExchRegsFile)

Clb4DataExchRegsFile 
*          1    00003e00    00000108     UNINITIALIZED
                  00003e00    00000108     F2837xD_GlobalVariableDefs.obj (Clb4DataExchRegsFile)

Sdfm1RegsFile 
*          1    00005e00    00000048     UNINITIALIZED
                  00005e00    00000048     F2837xD_GlobalVariableDefs.obj (Sdfm1RegsFile)

Sdfm2RegsFile 
*          1    00005e80    00000048     UNINITIALIZED
                  00005e80    00000048     F2837xD_GlobalVariableDefs.obj (Sdfm2RegsFile)

McbspaRegsFile 
*          1    00006000    00000024     UNINITIALIZED
                  00006000    00000024     F2837xD_GlobalVariableDefs.obj (McbspaRegsFile)

McbspbRegsFile 
*          1    00006040    00000024     UNINITIALIZED
                  00006040    00000024     F2837xD_GlobalVariableDefs.obj (McbspbRegsFile)

SpiaRegsFile 
*          1    00006100    00000010     UNINITIALIZED
                  00006100    00000010     F2837xD_GlobalVariableDefs.obj (SpiaRegsFile)

SpibRegsFile 
*          1    00006110    00000010     UNINITIALIZED
                  00006110    00000010     F2837xD_GlobalVariableDefs.obj (SpibRegsFile)

SpicRegsFile 
*          1    00006120    00000010     UNINITIALIZED
                  00006120    00000010     F2837xD_GlobalVariableDefs.obj (SpicRegsFile)

UppRegsFile 
*          1    00006200    00000048     UNINITIALIZED
                  00006200    00000048     F2837xD_GlobalVariableDefs.obj (UppRegsFile)

WdRegsFile 
*          1    00007000    0000002b     UNINITIALIZED
                  00007000    0000002b     F2837xD_GlobalVariableDefs.obj (WdRegsFile)

NmiIntruptRegsFile 
*          1    00007060    00000007     UNINITIALIZED
                  00007060    00000007     F2837xD_GlobalVariableDefs.obj (NmiIntruptRegsFile)

XintRegsFile 
*          1    00007070    0000000b     UNINITIALIZED
                  00007070    0000000b     F2837xD_GlobalVariableDefs.obj (XintRegsFile)

SciaRegsFile 
*          1    00007200    00000010     UNINITIALIZED
                  00007200    00000010     F2837xD_GlobalVariableDefs.obj (SciaRegsFile)

ScibRegsFile 
*          1    00007210    00000010     UNINITIALIZED
                  00007210    00000010     F2837xD_GlobalVariableDefs.obj (ScibRegsFile)

ScicRegsFile 
*          1    00007220    00000010     UNINITIALIZED
                  00007220    00000010     F2837xD_GlobalVariableDefs.obj (ScicRegsFile)

ScidRegsFile 
*          1    00007230    00000010     UNINITIALIZED
                  00007230    00000010     F2837xD_GlobalVariableDefs.obj (ScidRegsFile)

InputXbarRegsFile 
*          1    00007900    00000020     UNINITIALIZED
                  00007900    00000020     F2837xD_GlobalVariableDefs.obj (InputXbarRegsFile)

XbarRegsFile 
*          1    00007920    0000000e     UNINITIALIZED
                  00007920    0000000e     F2837xD_GlobalVariableDefs.obj (XbarRegsFile)

SyncSocRegsFile 
*          1    00007940    00000006     UNINITIALIZED
                  00007940    00000006     F2837xD_GlobalVariableDefs.obj (SyncSocRegsFile)

EPwmXbarRegsFile 
*          1    00007a00    00000040     UNINITIALIZED
                  00007a00    00000040     F2837xD_GlobalVariableDefs.obj (EPwmXbarRegsFile)

ClbXbarRegsFile 
*          1    00007a40    00000040     UNINITIALIZED
                  00007a40    00000040     F2837xD_GlobalVariableDefs.obj (ClbXbarRegsFile)

OutputXbarRegsFile 
*          1    00007a80    00000040     UNINITIALIZED
                  00007a80    00000040     F2837xD_GlobalVariableDefs.obj (OutputXbarRegsFile)

GpioCtrlRegsFile 
*          1    00007c00    00000180     UNINITIALIZED
                  00007c00    00000180     F2837xD_GlobalVariableDefs.obj (GpioCtrlRegsFile)

GpioDataRegsFile 
*          1    00007f00    00000030     UNINITIALIZED
                  00007f00    00000030     F2837xD_GlobalVariableDefs.obj (GpioDataRegsFile)

IpcRegsFile 
*          1    00050000    00000024     UNINITIALIZED
                  00050000    00000024     F2837xD_GlobalVariableDefs.obj (IpcRegsFile)

FlashPumpSemaphoreRegsFile 
*          1    00050024    00000002     UNINITIALIZED
                  00050024    00000002     F2837xD_GlobalVariableDefs.obj (FlashPumpSemaphoreRegsFile)

RomPrefetchRegsFile 
*          1    0005e608    00000002     UNINITIALIZED
                  0005e608    00000002     F2837xD_GlobalVariableDefs.obj (RomPrefetchRegsFile)

DcsmZ1RegsFile 
*          1    0005f000    00000022     UNINITIALIZED
                  0005f000    00000022     F2837xD_GlobalVariableDefs.obj (DcsmZ1RegsFile)

DcsmZ2RegsFile 
*          1    0005f040    00000022     UNINITIALIZED
                  0005f040    00000022     F2837xD_GlobalVariableDefs.obj (DcsmZ2RegsFile)

DcsmCommonRegsFile 
*          1    0005f070    00000006     UNINITIALIZED
                  0005f070    00000006     F2837xD_GlobalVariableDefs.obj (DcsmCommonRegsFile)

DmaRegsFile 
*          1    00001000    000000e0     UNINITIALIZED
                  00001000    000000e0     F2837xD_GlobalVariableDefs.obj (DmaRegsFile)

DmaClaSrcSelRegsFile 
*          1    00007980    0000001a     UNINITIALIZED
                  00007980    0000001a     F2837xD_GlobalVariableDefs.obj (DmaClaSrcSelRegsFile)

Emif1RegsFile 
*          1    00047000    00000028     UNINITIALIZED
                  00047000    00000028     F2837xD_GlobalVariableDefs.obj (Emif1RegsFile)

Emif2RegsFile 
*          1    00047800    00000028     UNINITIALIZED
                  00047800    00000028     F2837xD_GlobalVariableDefs.obj (Emif2RegsFile)

MemCfgRegsFile 
*          1    0005f400    00000076     UNINITIALIZED
                  0005f400    00000076     F2837xD_GlobalVariableDefs.obj (MemCfgRegsFile)

Emif1ConfigRegsFile 
*          1    0005f480    0000000a     UNINITIALIZED
                  0005f480    0000000a     F2837xD_GlobalVariableDefs.obj (Emif1ConfigRegsFile)

Emif2ConfigRegsFile 
*          1    0005f4a0    0000000a     UNINITIALIZED
                  0005f4a0    0000000a     F2837xD_GlobalVariableDefs.obj (Emif2ConfigRegsFile)

AccessProtectionRegsFile 
*          1    0005f4c0    0000002e     UNINITIALIZED
                  0005f4c0    0000002e     F2837xD_GlobalVariableDefs.obj (AccessProtectionRegsFile)

MemoryErrorRegsFile 
*          1    0005f500    0000003a     UNINITIALIZED
                  0005f500    0000003a     F2837xD_GlobalVariableDefs.obj (MemoryErrorRegsFile)

RomWaitStateRegsFile 
*          1    0005f540    00000002     UNINITIALIZED
                  0005f540    00000002     F2837xD_GlobalVariableDefs.obj (RomWaitStateRegsFile)

Flash0CtrlRegsFile 
*          1    0005f800    00000182     UNINITIALIZED
                  0005f800    00000182     F2837xD_GlobalVariableDefs.obj (Flash0CtrlRegsFile)

Flash0EccRegsFile 
*          1    0005fb00    00000028     UNINITIALIZED
                  0005fb00    00000028     F2837xD_GlobalVariableDefs.obj (Flash0EccRegsFile)

DevCfgRegsFile 
*          1    0005d000    0000012e     UNINITIALIZED
                  0005d000    0000012e     F2837xD_GlobalVariableDefs.obj (DevCfgRegsFile)

ClkCfgRegsFile 
*          1    0005d200    00000032     UNINITIALIZED
                  0005d200    00000032     F2837xD_GlobalVariableDefs.obj (ClkCfgRegsFile)

CpuSysRegsFile 
*          1    0005d300    00000082     UNINITIALIZED
                  0005d300    00000082     F2837xD_GlobalVariableDefs.obj (CpuSysRegsFile)

.cinit     0    00084aec    000001e3     
                  00084aec    00000087     hall_effect_pos_vel_track_enhanced_data.obj (.cinit)
                  00084b73    0000005b     xcp_ext_classic_trigger.obj (.cinit)
                  00084bce    0000004c     xcp_ext_common.obj (.cinit)
                  00084c1a    0000001e     xcp_daq.obj (.cinit)
                  00084c38    00000014     xcp.obj (.cinit)
                  00084c4c    00000014     xcp_frame_serial.obj (.cinit)
                  00084c60    00000011     hall_effect_pos_vel_track_enhanced.obj (.cinit)
                  00084c71    0000000f     xcp_standard.obj (.cinit)
                  00084c80    0000000e     rts2800_fpu32.lib : exit.c.obj (.cinit)
                  00084c8e    0000000a     c2837xDBoard_Realtime_Support.obj (.cinit)
                  00084c98    00000008     ert_main.obj (.cinit)
                  00084ca0    00000008     xcp_drv_rtiostream.obj (.cinit)
                  00084ca8    00000008     xcp_transport.obj (.cinit)
                  00084cb0    00000005     rts2800_fpu32.lib : _lock.c.obj (.cinit:__lock)
                  00084cb5    00000005                       : _lock.c.obj (.cinit:__unlock)
                  00084cba    00000005     xcp_ext_common.obj (.cinit:_xcpCurrentSimulationTimeInTicks)
                  00084cbf    00000005     rtiostream_serial_c28x_ext_xcp.obj (.cinit)
                  00084cc4    00000005     xcp_calibration.obj (.cinit)
                  00084cc9    00000004     MW_c28xGPIO.obj (.cinit)
                  00084ccd    00000002     --HOLE-- [fill = 0]

.pinit     0    00080004    00000000     UNINITIALIZED

.text      0    00080078    000047e3     
                  00080078    00000cbd     xcp_daq.obj (.text)
                  00080d35    000007dc     hall_effect_pos_vel_track_enhanced.obj (.text)
                  00081511    00000585     F2837xD_DefaultISR.obj (.text:retain)
                  00081a96    000004aa     F2837xD_SysCtrl.obj (.text)
                  00081f40    00000477     xcp_mem_default.obj (.text)
                  000823b7    000003b5     xcp.obj (.text)
                  0008276c    000002ea     xcp_transport.obj (.text)
                  00082a56    000002da     F2837xD_Ipc_Driver_Lite.obj (.text)
                  00082d30    00000244     F2837xD_Gpio.obj (.text)
                  00082f74    0000022a     xcp_standard.obj (.text)
                  0008319e    0000021e     c2837xDBoard_Realtime_Support.obj (.text)
                  000833bc    0000020f     xcp_frame_serial.obj (.text)
                  000835cb    000001b6     xcp_ext_classic_trigger.obj (.text)
                  00083781    0000018e     xcp_ext_common.obj (.text)
                  0008390f    00000170     xcp_ext_mode.obj (.text)
                  00083a7f    0000016a     xcp_drv_rtiostream.obj (.text)
                  00083be9    00000144     MW_c28xx_adc.obj (.text)
                  00083d2d    0000011c     rtiostream_serial_c28x_ext_xcp.obj (.text)
                  00083e49    000000f0     F2837xD_Adc.obj (.text)
                  00083f39    000000e6     c2837xDBoard_Realtime_Support.obj (.text:retain)
                  0008401f    000000d6     MW_c28xx_csl.obj (.text:retain)
                  000840f5    000000d4     xcp_calibration.obj (.text)
                  000841c9    000000c8     ert_main.obj (.text)
                  00084291    000000bb     MW_c28xx_board.obj (.text)
                  0008434c    000000b9     datamodify_xcp.obj (.text)
                  00084405    0000009f     MW_c28xx_cap.obj (.text)
                  000844a4    0000007c     F2837xD_CpuTimers.obj (.text)
                  00084520    00000070     c2837xDSchedulerTimer0.obj (.text)
                  00084590    0000005f     xcp_fifo.obj (.text)
                  000845ef    00000056     rts2800_fpu32.lib : boot28.asm.obj (.text)
                  00084645    00000044     c2837xDSchedulerTimer0.obj (.text:retain)
                  00084689    00000043     MW_c28xx_csl.obj (.text)
                  000846cc    00000032     MW_c28xx_pwm.obj (.text)
                  000846fe    00000030     MW_c28xGPIO.obj (.text)
                  0008472e    00000029     rts2800_fpu32.lib : exit.c.obj (.text)
                  00084757    00000028     F2837xD_PieCtrl.obj (.text)
                  0008477f    00000026     F2837xD_PieVect.obj (.text)
                  000847a5    00000024     rts2800_fpu32.lib : cpy_tbl.c.obj (.text)
                  000847c9    0000001f     xcp_ext_param_default_serial.obj (.text)
                  000847e8    0000001d     rts2800_fpu32.lib : memcpy.c.obj (.text)
                  00084805    00000012                       : args_main.c.obj (.text)
                  00084817    00000011     MW_c28xGlobalInterrupts.obj (.text)
                  00084828    0000000c     MW_c28xx_xbar.obj (.text)
                  00084834    0000000c     c2000HardwareTimerConfig.obj (.text)
                  00084840    00000009     rts2800_fpu32.lib : _lock.c.obj (.text)
                  00084849    00000008     F2837xD_CodeStartBranch.obj (.text)
                  00084851    00000007     rts2800_fpu32.lib : memset.c.obj (.text)
                  00084858    00000002                       : pre_init.c.obj (.text)
                  0008485a    00000001                       : startup.c.obj (.text)

.TI.ramfunc 
*          0    0008485c    0000003f     RUN ADDR = 00008074
                  0008485c    00000037     F2837xD_SysCtrl.obj (.TI.ramfunc)
                  00084893    00000004     F2837xD_usDelay.obj (.TI.ramfunc)
                  00084897    00000004     sysctl.obj (.TI.ramfunc)

.econst    0    0008489c    0000024e     
                  0008489c    000001c0     F2837xD_PieVect.obj (.econst:_PieVectTableInit)
                  00084a5c    00000048     xcp_daq.obj (.econst:_daqSupportedRxPacket)
                  00084aa4    0000002a     xcp_standard.obj (.econst:_standardSupportedRxPacket)
                  00084ace    0000000c     xcp_calibration.obj (.econst:_calibrationSupportedRxPacket)
                  00084ada    00000006     xcp_mem_default.obj (.econst:_xcpMemMainBlockSizes)
                  00084ae0    00000006     xcp_mem_default.obj (.econst:_xcpMemMainBlocksNumber)
                  00084ae6    00000004     hall_effect_pos_vel_track_enhanced.obj (.econst)

.switch    0    00084cd0    0000005e     
                  00084cd0    00000024     c2837xDBoard_Realtime_Support.obj (.switch:_CPU02toCPU01IPC0IntHandler)
                  00084cf4    0000001e     xcp.obj (.switch:_genericOutputPacketHandler)
                  00084d12    0000001c     c2837xDBoard_Realtime_Support.obj (.switch:_setInXBARForCPU2)

.stack     1    00000122    00000400     UNINITIALIZED
                  00000122    00000400     --HOLE--

.reset     0    003fffc0    00000002     DSECT
                  003fffc0    00000002     rts2800_fpu32.lib : boot28.asm.obj (.reset)

GETBUFFER 
*          0    0003f800    00000000     DSECT

GETWRITEIDX 
*          0    0003f800    00000000     DSECT

PUTREADIDX 
*          0    0003f800    00000000     DSECT

WRITEFLAG1CPU2 
*          0    0003f800    00000000     DSECT

WRITEFLAG2CPU2 
*          0    0003f800    00000000     DSECT

READFLAG1CPU2 
*          0    0003f800    00000000     DSECT

READFLAG2CPU2 
*          0    0003f800    00000000     DSECT

.ebss      1    0000e000    00000706     UNINITIALIZED
                  0000e000    00000323     xcp_mem_default.obj (.ebss:_xcpMemReservedPoolsChunk)
                  0000e323    00000001     MW_c28xGPIO.obj (.ebss)
                  0000e324    0000001c     xcp_ext_classic_trigger.obj (.ebss)
                  0000e340    0000011b     xcp_mem_default.obj (.ebss:_xcpMemMainChunk)
                  0000e45b    00000001     MW_c28xGlobalInterrupts.obj (.ebss)
                  0000e45c    0000001e     xcp_ext_common.obj (.ebss)
                  0000e47a    00000006     c2837xDBoard_Realtime_Support.obj (.ebss)
                  0000e480    000000b8     hall_effect_pos_vel_track_enhanced.obj (.ebss)
                  0000e538    00000008     xcp.obj (.ebss:_groupPacketLookup)
                  0000e540    00000084     hall_effect_pos_vel_track_enhanced_data.obj (.ebss)
                  0000e5c4    00000018     F2837xD_CpuTimers.obj (.ebss)
                  0000e5dc    00000018     hall_effect_pos_vel_track_enhanced.obj (.ebss:_systemRan$3)
                  0000e5f4    0000000a     xcp_ext_mode.obj (.ebss:_xcpCustomTriggerFunction)
                  0000e5fe    00000002     rts2800_fpu32.lib : _lock.c.obj (.ebss:__lock)
                  0000e600    0000006c     xcp_mem_default.obj (.ebss:_xcpMemPoolDescriptors)
                  0000e66c    00000008     xcp_transport.obj (.ebss:_txFifo)
                  0000e674    00000008     xcp_standard.obj (.ebss)
                  0000e67c    00000004     xcp_transport.obj (.ebss:_rxFifo)
                  0000e680    00000042     datamodify_xcp.obj (.ebss)
                  0000e6c2    00000018     xcp_daq.obj (.ebss)
                  0000e6da    00000006     rts2800_fpu32.lib : exit.c.obj (.ebss)
                  0000e6e0    00000005     xcp.obj (.ebss)
                  0000e6e5    00000005     xcp_frame_serial.obj (.ebss)
                  0000e6ea    00000004     xcp_ext_common.obj (.ebss:_xcpCurrentSimulationTimeInTicks)
                  0000e6ee    00000004     xcp_mem_default.obj (.ebss:_xcpMemCustomPoolDescriptors)
                  0000e6f2    00000004     ert_main.obj (.ebss)
                  0000e6f6    00000004     xcp_mem_default.obj (.ebss)
                  0000e6fa    00000004     xcp_transport.obj (.ebss)
                  0000e6fe    00000002     rts2800_fpu32.lib : _lock.c.obj (.ebss:__unlock)
                  0000e700    00000002     rtiostream_serial_c28x_ext_xcp.obj (.ebss)
                  0000e702    00000002     xcp_calibration.obj (.ebss)
                  0000e704    00000002     xcp_drv_rtiostream.obj (.ebss)

MODULE SUMMARY

       Module                                        code    initialized data   uninitialized data
       ------                                        ----    ----------------   ------------------
    <current directory>
       F2837xD_GlobalVariableDefs.obj                0       0                  9854              
       xcp_daq.obj                                   3261    102                24                
       xcp_mem_default.obj                           1143    12                 1202              
       hall_effect_pos_vel_track_enhanced.obj        2012    21                 208               
       F2837xD_DefaultISR.obj                        1413    0                  0                 
       F2837xD_SysCtrl.obj                           1304    0                  0                 
       xcp.obj                                       949     50                 13                
       c2837xDBoard_Realtime_Support.obj             772     74                 6                 
       xcp_transport.obj                             746     8                  16                
       F2837xD_Ipc_Driver_Lite.obj                   730     0                  0                 
       xcp_standard.obj                              554     57                 8                 
       F2837xD_Gpio.obj                              580     0                  0                 
       xcp_ext_classic_trigger.obj                   438     91                 28                
       xcp_frame_serial.obj                          527     20                 5                 
       xcp_ext_common.obj                            398     81                 34                
       F2837xD_PieVect.obj                           38      448                0                 
       rtiostream_serial_c28x_ext_xcp.obj            434     5                  2                 
       xcp_ext_mode.obj                              368     0                  10                
       xcp_drv_rtiostream.obj                        362     8                  2                 
       datamodify_xcp.obj                            267     0                  66                
       MW_c28xx_adc.obj                              324     0                  0                 
       MW_c28xx_csl.obj                              281     0                  0                 
       hall_effect_pos_vel_track_enhanced_data.obj   0       135                132               
       F2837xD_Adc.obj                               240     0                  0                 
       xcp_calibration.obj                           212     17                 2                 
       ert_main.obj                                  200     8                  4                 
       MW_c28xx_board.obj                            187     0                  0                 
       c2837xDSchedulerTimer0.obj                    180     0                  0                 
       MW_c28xx_cap.obj                              159     0                  0                 
       F2837xD_CpuTimers.obj                         124     0                  24                
       xcp_fifo.obj                                  95      0                  0                 
       MW_c28xGPIO.obj                               48      4                  1                 
       MW_c28xx_pwm.obj                              50      0                  0                 
       F2837xD_PieCtrl.obj                           40      0                  0                 
       xcp_ext_param_default_serial.obj              31      0                  0                 
       MW_c28xGlobalInterrupts.obj                   17      0                  1                 
       MW_c28xx_xbar.obj                             12      0                  0                 
       c2000HardwareTimerConfig.obj                  12      0                  0                 
       F2837xD_CodeStartBranch.obj                   10      0                  0                 
       F2837xD_usDelay.obj                           8       0                  0                 
       sysctl.obj                                    8       0                  0                 
    +--+---------------------------------------------+-------+------------------+--------------------+
       Total:                                        18534   1141               11642             
                                                                                                  
    C:/PROGRA~3/MATLAB/SUPPOR~1/3P778C~1.INS/TIC28X~1.INS/TI-CGT~1.LTS/lib/rts2800_fpu32.lib
       boot28.asm.obj                                86      0                  0                 
       exit.c.obj                                    41      14                 6                 
       cpy_tbl.c.obj                                 36      0                  0                 
       memcpy.c.obj                                  29      0                  0                 
       _lock.c.obj                                   9       10                 4                 
       args_main.c.obj                               18      0                  0                 
       memset.c.obj                                  7       0                  0                 
       pre_init.c.obj                                2       0                  0                 
       startup.c.obj                                 1       0                  0                 
    +--+---------------------------------------------+-------+------------------+--------------------+
       Total:                                        229     24                 10                
                                                                                                  
       Stack:                                        0       0                  1024              
    +--+---------------------------------------------+-------+------------------+--------------------+
       Grand Total:                                  18763   1165               12676             


GLOBAL DATA SYMBOLS: SORTED BY DATA PAGE

address     data page           name
--------    ----------------    ----
00000122       4 (00000100)     __stack

00000b00      2c (00000b00)     _AdcaResultRegs
00000b20      2c (00000b00)     _AdcbResultRegs

00000b40      2d (00000b40)     _AdccResultRegs
00000b60      2d (00000b40)     _AdcdResultRegs

00000c00      30 (00000c00)     _CpuTimer0Regs
00000c08      30 (00000c00)     _CpuTimer1Regs
00000c10      30 (00000c00)     _CpuTimer2Regs

00000ce0      33 (00000cc0)     _PieCtrlRegs

00000d00      34 (00000d00)     _PieVectTable

00001000      40 (00001000)     _DmaRegs

00001400      50 (00001400)     _Cla1Regs

00003000      c0 (00003000)     _Clb1LogicCfgRegs

00003100      c4 (00003100)     _Clb1LogicCtrlRegs

00003200      c8 (00003200)     _Clb1DataExchRegs

00003400      d0 (00003400)     _Clb2LogicCfgRegs

00003500      d4 (00003500)     _Clb2LogicCtrlRegs

00003600      d8 (00003600)     _Clb2DataExchRegs

00003800      e0 (00003800)     _Clb3LogicCfgRegs

00003900      e4 (00003900)     _Clb3LogicCtrlRegs

00003a00      e8 (00003a00)     _Clb3DataExchRegs

00003c00      f0 (00003c00)     _Clb4LogicCfgRegs

00003d00      f4 (00003d00)     _Clb4LogicCtrlRegs

00003e00      f8 (00003e00)     _Clb4DataExchRegs

00004000     100 (00004000)     _EPwm1Regs

00004100     104 (00004100)     _EPwm2Regs

00004200     108 (00004200)     _EPwm3Regs

00004300     10c (00004300)     _EPwm4Regs

00004400     110 (00004400)     _EPwm5Regs

00004500     114 (00004500)     _EPwm6Regs

00004600     118 (00004600)     _EPwm7Regs

00004700     11c (00004700)     _EPwm8Regs

00004800     120 (00004800)     _EPwm9Regs

00004900     124 (00004900)     _EPwm10Regs

00004a00     128 (00004a00)     _EPwm11Regs

00004b00     12c (00004b00)     _EPwm12Regs

00005000     140 (00005000)     _ECap1Regs
00005020     140 (00005000)     _ECap2Regs

00005040     141 (00005040)     _ECap3Regs
00005060     141 (00005040)     _ECap4Regs

00005080     142 (00005080)     _ECap5Regs
000050a0     142 (00005080)     _ECap6Regs

00005100     144 (00005100)     _EQep1Regs

00005140     145 (00005140)     _EQep2Regs

00005180     146 (00005180)     _EQep3Regs

00005c00     170 (00005c00)     _DacaRegs
00005c10     170 (00005c00)     _DacbRegs
00005c20     170 (00005c00)     _DaccRegs

00005c80     172 (00005c80)     _Cmpss1Regs
00005ca0     172 (00005c80)     _Cmpss2Regs

00005cc0     173 (00005cc0)     _Cmpss3Regs
00005ce0     173 (00005cc0)     _Cmpss4Regs

00005d00     174 (00005d00)     _Cmpss5Regs
00005d20     174 (00005d00)     _Cmpss6Regs

00005d40     175 (00005d40)     _Cmpss7Regs
00005d60     175 (00005d40)     _Cmpss8Regs

00005e00     178 (00005e00)     _Sdfm1Regs

00005e80     17a (00005e80)     _Sdfm2Regs

00006000     180 (00006000)     _McbspaRegs

00006040     181 (00006040)     _McbspbRegs

00006100     184 (00006100)     _SpiaRegs
00006110     184 (00006100)     _SpibRegs
00006120     184 (00006100)     _SpicRegs

00006200     188 (00006200)     _UppRegs

00007000     1c0 (00007000)     _WdRegs

00007060     1c1 (00007040)     _NmiIntruptRegs
00007070     1c1 (00007040)     _XintRegs

00007200     1c8 (00007200)     _SciaRegs
00007210     1c8 (00007200)     _ScibRegs
00007220     1c8 (00007200)     _ScicRegs
00007230     1c8 (00007200)     _ScidRegs

00007300     1cc (00007300)     _I2caRegs

00007340     1cd (00007340)     _I2cbRegs

00007400     1d0 (00007400)     _AdcaRegs

00007480     1d2 (00007480)     _AdcbRegs

00007500     1d4 (00007500)     _AdccRegs

00007580     1d6 (00007580)     _AdcdRegs

00007900     1e4 (00007900)     _InputXbarRegs
00007920     1e4 (00007900)     _XbarRegs

00007940     1e5 (00007940)     _SyncSocRegs

00007980     1e6 (00007980)     _DmaClaSrcSelRegs

00007a00     1e8 (00007a00)     _EPwmXbarRegs

00007a40     1e9 (00007a40)     _ClbXbarRegs

00007a80     1ea (00007a80)     _OutputXbarRegs

00007c00     1f0 (00007c00)     _GpioCtrlRegs

00007f00     1fc (00007f00)     _GpioDataRegs

0000e323     38c (0000e300)     _GPIO_oneTimeInit
0000e324     38c (0000e300)     _xcpClassicTriggerEventId
0000e325     38c (0000e300)     _xcpClassicTriggerSignalAddressExtension
0000e326     38c (0000e300)     _xcpClassicTriggerDirection
0000e327     38c (0000e300)     _xcpClassicTriggerArmRequest
0000e328     38c (0000e300)     _xcpClassicTriggerCancelRequest
0000e329     38c (0000e300)     _xcpClassicTriggerSource
0000e32a     38c (0000e300)     _xcpClassicTriggerMode
0000e32b     38c (0000e300)     _xcpClassicTriggerStatus
0000e332     38c (0000e300)     _xcpClassicTriggerSignalAddress
0000e334     38c (0000e300)     _xcpClassicTriggerLevel
0000e336     38c (0000e300)     _xcpClassicTriggerDuration
0000e338     38c (0000e300)     _xcpClassicTriggerHoldOff
0000e33a     38c (0000e300)     _xcpClassicTriggerDelay

0000e45b     391 (0000e440)     _MW_InterruptDisableLock
0000e45c     391 (0000e440)     _xcpModelStartRequest
0000e45d     391 (0000e440)     _xcpModelStopRequest
0000e45e     391 (0000e440)     _xcpModelStatus
0000e45f     391 (0000e440)     _xcpExtmodeSimulationComplete
0000e462     391 (0000e440)     _xcpModelChecksum0
0000e464     391 (0000e440)     _xcpModelChecksum1
0000e466     391 (0000e440)     _xcpModelChecksum2
0000e468     391 (0000e440)     _xcpModelChecksum3
0000e46a     391 (0000e440)     _xcpModelIntegerCode
0000e46c     391 (0000e440)     _xcpExtmodeFinalSimulationTime
0000e46e     391 (0000e440)     _xcpDummyDoubleVariable
0000e47a     391 (0000e440)     _ErrorFlag
0000e47c     391 (0000e440)     _mwInitStart
0000e47e     391 (0000e440)     _mwInitEnd

0000e480     392 (0000e480)     _MW_adcAInitFlag
0000e481     392 (0000e480)     _MW_adcCInitFlag
0000e482     392 (0000e480)     _MW_adcBInitFlag
0000e484     392 (0000e480)     _currentTime

0000e4c0     393 (0000e4c0)     _hall_effect_pos_vel_track_en_DW

0000e500     394 (0000e500)     _hall_effect_pos_vel_track_enh_B

0000e540     395 (0000e540)     _hall_effect_pos_vel_track_enh_P

0000e5c4     397 (0000e5c0)     _CpuTimer0
0000e5cc     397 (0000e5c0)     _CpuTimer1
0000e5d4     397 (0000e5c0)     _CpuTimer2
0000e5fe     397 (0000e5c0)     __lock

0000e680     39a (0000e680)     _queRx

0000e6da     39b (0000e6c0)     ___TI_enable_exit_profile_output
0000e6dc     39b (0000e6c0)     ___TI_cleanup_ptr
0000e6de     39b (0000e6c0)     ___TI_dtors_ptr
0000e6ea     39b (0000e6c0)     _xcpCurrentSimulationTimeInTicks
0000e6f2     39b (0000e6c0)     _IsrOverrun
0000e6f4     39b (0000e6c0)     _stopRequested
0000e6f5     39b (0000e6c0)     _runModel
0000e6fe     39b (0000e6c0)     __unlock

0000e700     39c (0000e700)     _MW_SCI_PTR

00047000    11c0 (00047000)     _Emif1Regs

00047800    11e0 (00047800)     _Emif2Regs

00048000    1200 (00048000)     _CanaRegs

0004a000    1280 (0004a000)     _CanbRegs

00050000    1400 (00050000)     _IpcRegs
00050024    1400 (00050000)     _FlashPumpSemaphoreRegs

0005d000    1740 (0005d000)     _DevCfgRegs

0005d180    1746 (0005d180)     _AnalogSubsysRegs

0005d200    1748 (0005d200)     _ClkCfgRegs

0005d300    174c (0005d300)     _CpuSysRegs

0005e608    1798 (0005e600)     _RomPrefetchRegs

0005f000    17c0 (0005f000)     _DcsmZ1Regs

0005f040    17c1 (0005f040)     _DcsmZ2Regs
0005f070    17c1 (0005f040)     _DcsmCommonRegs

0005f400    17d0 (0005f400)     _MemCfgRegs

0005f480    17d2 (0005f480)     _Emif1ConfigRegs
0005f4a0    17d2 (0005f480)     _Emif2ConfigRegs

0005f4c0    17d3 (0005f4c0)     _AccessProtectionRegs

0005f500    17d4 (0005f500)     _MemoryErrorRegs

0005f540    17d5 (0005f540)     _RomWaitStateRegs

0005f800    17e0 (0005f800)     _Flash0CtrlRegs

0005fb00    17ec (0005fb00)     _Flash0EccRegs

0008489c    2122 (00084880)     _PieVectTableInit

00084ae8    212b (00084ac0)     _hall_effect_pos_vel_track_en_M


GLOBAL SYMBOLS: SORTED ALPHABETICALLY BY Name 

page  address   name                                            
----  -------   ----                                            
0     00080078  .text                                           
0     0008472e  C$$EXIT                                         
0     0008401f  _ADCA1_INT_isr                                  
0     000815cf  _ADCA1_ISR                                      
0     0008184f  _ADCA2_ISR                                      
0     00081859  _ADCA3_ISR                                      
0     00081863  _ADCA4_ISR                                      
0     00081845  _ADCA_EVT_ISR                                   
0     000815d9  _ADCB1_ISR                                      
0     00081877  _ADCB2_ISR                                      
0     00081881  _ADCB3_ISR                                      
0     0008188b  _ADCB4_ISR                                      
0     0008186d  _ADCB_EVT_ISR                                   
0     000815e3  _ADCC1_ISR                                      
0     000819df  _ADCC2_ISR                                      
0     000819e9  _ADCC3_ISR                                      
0     000819f3  _ADCC4_ISR                                      
0     000819d5  _ADCC_EVT_ISR                                   
0     00081601  _ADCD1_ISR                                      
0     00081a07  _ADCD2_ISR                                      
0     00081a11  _ADCD3_ISR                                      
0     00081a1b  _ADCD4_ISR                                      
0     000819fd  _ADCD_EVT_ISR                                   
0     00081a57  _AUX_PLL_SLIP_ISR                               
1     0005f4c0  _AccessProtectionRegs                           
0     00083e49  _AdcSetMode                                     
1     00007400  _AdcaRegs                                       
1     00000b00  _AdcaResultRegs                                 
1     00007480  _AdcbRegs                                       
1     00000b20  _AdcbResultRegs                                 
1     00007500  _AdccRegs                                       
1     00000b40  _AdccResultRegs                                 
1     00007580  _AdcdRegs                                       
1     00000b60  _AdcdResultRegs                                 
1     0005d180  _AnalogSubsysRegs                               
0     00081ecf  _AuxAuxClkSel                                   
0     00081eb9  _AuxIntOsc2Sel                                  
0     00081ec3  _AuxXtalOscSel                                  
0     00084395  _BytePacker16bits                               
0     0008436f  _BytePacker32bits                               
0     0008434c  _BytePackerInplace32bits                        
0     0008181d  _CANA0_ISR                                      
0     00081827  _CANA1_ISR                                      
0     00081831  _CANB0_ISR                                      
0     0008183b  _CANB1_ISR                                      
0     00081895  _CLA1_1_ISR                                     
0     0008189f  _CLA1_2_ISR                                     
0     000818a9  _CLA1_3_ISR                                     
0     000818b3  _CLA1_4_ISR                                     
0     000818bd  _CLA1_5_ISR                                     
0     000818c7  _CLA1_6_ISR                                     
0     000818d1  _CLA1_7_ISR                                     
0     000818db  _CLA1_8_ISR                                     
0     00081a61  _CLA_OVERFLOW_ISR                               
0     00081a6b  _CLA_UNDERFLOW_ISR                              
0     00083f39  _CPU02toCPU01IPC0IntHandler                     
0     00083eff  _CalAdcINL                                      
1     00048000  _CanaRegs                                       
1     0004a000  _CanbRegs                                       
1     00001400  _Cla1Regs                                       
1     00003200  _Clb1DataExchRegs                               
1     00003000  _Clb1LogicCfgRegs                               
1     00003100  _Clb1LogicCtrlRegs                              
1     00003600  _Clb2DataExchRegs                               
1     00003400  _Clb2LogicCfgRegs                               
1     00003500  _Clb2LogicCtrlRegs                              
1     00003a00  _Clb3DataExchRegs                               
1     00003800  _Clb3LogicCfgRegs                               
1     00003900  _Clb3LogicCtrlRegs                              
1     00003e00  _Clb4DataExchRegs                               
1     00003c00  _Clb4LogicCfgRegs                               
1     00003d00  _Clb4LogicCtrlRegs                              
1     00007a40  _ClbXbarRegs                                    
1     0005d200  _ClkCfgRegs                                     
1     00005c80  _Cmpss1Regs                                     
1     00005ca0  _Cmpss2Regs                                     
1     00005cc0  _Cmpss3Regs                                     
1     00005ce0  _Cmpss4Regs                                     
1     00005d00  _Cmpss5Regs                                     
1     00005d20  _Cmpss6Regs                                     
1     00005d40  _Cmpss7Regs                                     
1     00005d60  _Cmpss8Regs                                     
0     000844e5  _ConfigCpuTimer                                 
0     00081f23  _ConfigureTMXAnalogTrim                         
1     0005d300  _CpuSysRegs                                     
1     0000e5c4  _CpuTimer0                                      
1     00000c00  _CpuTimer0Regs                                  
1     0000e5cc  _CpuTimer1                                      
1     00000c08  _CpuTimer1Regs                                  
1     0000e5d4  _CpuTimer2                                      
1     00000c10  _CpuTimer2Regs                                  
0     00081e64  _CsmUnlock                                      
0     00081525  _DATALOG_ISR                                    
0     00081769  _DMA_CH1_ISR                                    
0     00081773  _DMA_CH2_ISR                                    
0     0008177d  _DMA_CH3_ISR                                    
0     00081787  _DMA_CH4_ISR                                    
0     00081791  _DMA_CH5_ISR                                    
0     0008179b  _DMA_CH6_ISR                                    
1     00005c00  _DacaRegs                                       
1     00005c10  _DacbRegs                                       
1     00005c20  _DaccRegs                                       
1     0005f070  _DcsmCommonRegs                                 
1     0005f000  _DcsmZ1Regs                                     
1     0005f040  _DcsmZ2Regs                                     
0     00082d29  _DelayLoop                                      
1     0005d000  _DevCfgRegs                                     
0     00081b79  _DisableDog                                     
0     00081b3a  _DisablePeripheralClocks                        
1     00007980  _DmaClaSrcSelRegs                               
1     00001000  _DmaRegs                                        
0     00084056  _ECAP1_INT_isr                                  
0     000816bf  _ECAP1_ISR                                      
0     0008408b  _ECAP2_INT_isr                                  
0     000816c9  _ECAP2_ISR                                      
0     000840c0  _ECAP3_INT_isr                                  
0     000816d3  _ECAP3_ISR                                      
0     000816dd  _ECAP4_ISR                                      
0     000816e7  _ECAP5_ISR                                      
0     000816f1  _ECAP6_ISR                                      
1     00005000  _ECap1Regs                                      
1     00005020  _ECap2Regs                                      
1     00005040  _ECap3Regs                                      
1     00005060  _ECap4Regs                                      
1     00005080  _ECap5Regs                                      
1     000050a0  _ECap6Regs                                      
0     00081a25  _EMIF_ERROR_ISR                                 
0     00081a7f  _EMPTY_ISR                                      
0     00081539  _EMU_ISR                                        
0     0008197b  _EPWM10_ISR                                     
0     00081953  _EPWM10_TZ_ISR                                  
0     00081985  _EPWM11_ISR                                     
0     0008195d  _EPWM11_TZ_ISR                                  
0     0008198f  _EPWM12_ISR                                     
0     00081967  _EPWM12_TZ_ISR                                  
0     0008166f  _EPWM1_ISR                                      
0     0008161f  _EPWM1_TZ_ISR                                   
0     00081679  _EPWM2_ISR                                      
0     00081629  _EPWM2_TZ_ISR                                   
0     00081683  _EPWM3_ISR                                      
0     00081633  _EPWM3_TZ_ISR                                   
0     0008168d  _EPWM4_ISR                                      
0     0008163d  _EPWM4_TZ_ISR                                   
0     00081697  _EPWM5_ISR                                      
0     00081647  _EPWM5_TZ_ISR                                   
0     000816a1  _EPWM6_ISR                                      
0     00081651  _EPWM6_TZ_ISR                                   
0     000816ab  _EPWM7_ISR                                      
0     0008165b  _EPWM7_TZ_ISR                                   
0     000816b5  _EPWM8_ISR                                      
0     00081665  _EPWM8_TZ_ISR                                   
0     00081971  _EPWM9_ISR                                      
0     00081949  _EPWM9_TZ_ISR                                   
1     00004900  _EPwm10Regs                                     
1     00004a00  _EPwm11Regs                                     
1     00004b00  _EPwm12Regs                                     
1     00004000  _EPwm1Regs                                      
1     00004100  _EPwm2Regs                                      
1     00004200  _EPwm3Regs                                      
1     00004300  _EPwm4Regs                                      
1     00004400  _EPwm5Regs                                      
1     00004500  _EPwm6Regs                                      
1     00004600  _EPwm7Regs                                      
1     00004700  _EPwm8Regs                                      
1     00004800  _EPwm9Regs                                      
1     00007a00  _EPwmXbarRegs                                   
0     000816fb  _EQEP1_ISR                                      
0     00081705  _EQEP2_ISR                                      
0     0008170f  _EQEP3_ISR                                      
1     00005100  _EQep1Regs                                      
1     00005140  _EQep2Regs                                      
1     00005180  _EQep3Regs                                      
1     0005f480  _Emif1ConfigRegs                                
1     00047000  _Emif1Regs                                      
1     0005f4a0  _Emif2ConfigRegs                                
1     00047800  _Emif2Regs                                      
0     00084776  _EnableInterrupts                               
1     0000e47a  _ErrorFlag                                      
0     000080ab  _F28x_usDelay                                   
0     00081a39  _FLASH_CORRECTABLE_ERROR_ISR                    
0     0008190d  _FPU_OVERFLOW_ISR                               
0     00081917  _FPU_UNDERFLOW_ISR                              
1     0005f800  _Flash0CtrlRegs                                 
1     0005fb00  _Flash0EccRegs                                  
0     0000809d  _FlashOff                                       
1     00050024  _FlashPumpSemaphoreRegs                         
0     00082f29  _GPIO_EnableUnbondedIOPullups                   
0     00082f04  _GPIO_EnableUnbondedIOPullupsFor100Pin          
0     00082eeb  _GPIO_EnableUnbondedIOPullupsFor176Pin          
0     00082f3f  _GPIO_ReadPin                                   
0     00082e90  _GPIO_SetupLock                                 
0     00082d70  _GPIO_SetupPinMux                               
0     00082dfc  _GPIO_SetupPinOptions                           
0     00082eb9  _GPIO_SetupXINT1Gpio                            
0     00082ec3  _GPIO_SetupXINT2Gpio                            
0     00082ecd  _GPIO_SetupXINT3Gpio                            
0     00082ed7  _GPIO_SetupXINT4Gpio                            
0     00082ee1  _GPIO_SetupXINT5Gpio                            
0     00084709  _GPIO_TogglePin                                 
0     00082f56  _GPIO_WritePin                                  
1     0000e323  _GPIO_oneTimeInit                               
1     00007c00  _GpioCtrlRegs                                   
1     00007f00  _GpioDataRegs                                   
0     00081eed  _HALT                                           
0     00081f06  _HIB                                            
0     000817af  _I2CA_FIFO_ISR                                  
0     000817a5  _I2CA_ISR                                       
0     000817c3  _I2CB_FIFO_ISR                                  
0     000817b9  _I2CB_ISR                                       
1     00007300  _I2caRegs                                       
1     00007340  _I2cbRegs                                       
0     00081ed9  _IDLE                                           
0     0008154d  _ILLEGAL_ISR                                    
0     00081921  _IPC0_ISR                                       
0     0008192b  _IPC1_ISR                                       
0     00081935  _IPC2_ISR                                       
0     0008193f  _IPC3_ISR                                       
0     00082ae8  _IPCLiteLtoRClearBits                           
0     00082b12  _IPCLiteLtoRClearBits_Protected                 
0     00082a71  _IPCLiteLtoRDataRead                            
0     00082b3c  _IPCLiteLtoRDataWrite                           
0     00082b61  _IPCLiteLtoRDataWrite_Protected                 
0     00082b86  _IPCLiteLtoRFunctionCall                        
0     00082a56  _IPCLiteLtoRGetResult                           
0     00082a94  _IPCLiteLtoRSetBits                             
0     00082abe  _IPCLiteLtoRSetBits_Protected                   
0     00082ba2  _IPCLiteReqMemAccess                            
0     00082c4c  _IPCLiteRtoLClearBits                           
0     00082c7c  _IPCLiteRtoLClearBits_Protected                 
0     00082bc6  _IPCLiteRtoLDataRead                            
0     00082caf  _IPCLiteRtoLDataWrite                           
0     00082cdc  _IPCLiteRtoLDataWrite_Protected                 
0     00082d0c  _IPCLiteRtoLFunctionCall                        
0     00082bed  _IPCLiteRtoLSetBits                             
0     00082c1b  _IPCLiteRtoLSetBits_Protected                   
0     00083cd6  _InitAdcA                                       
0     00083cf3  _InitAdcB                                       
0     00083d10  _InitAdcC                                       
0     00081d75  _InitAuxPll                                     
0     000844a4  _InitCpuTimers                                  
0     00008074  _InitFlash                                      
0     00082d30  _InitGpio                                       
0     00081ab6  _InitPeripheralClocks                           
0     00084757  _InitPieCtrl                                    
0     0008477f  _InitPieVectTable                               
0     00081a96  _InitSysCtrl                                    
0     00081b87  _InitSysPll                                     
1     00007900  _InputXbarRegs                                  
1     00050000  _IpcRegs                                        
1     0000e6f2  _IsrOverrun                                     
0     00081741  _MCBSPA_RX_ISR                                  
0     0008174b  _MCBSPA_TX_ISR                                  
0     00081755  _MCBSPB_RX_ISR                                  
0     0008175f  _MCBSPB_TX_ISR                                  
1     0000e45b  _MW_InterruptDisableLock                        
0     0008489b  _MW_RamfuncsLoadEnd                             
abs   0000003f  _MW_RamfuncsLoadSize                            
0     0008485c  _MW_RamfuncsLoadStart                           
0     000080b3  _MW_RamfuncsRunEnd                              
abs   0000003f  _MW_RamfuncsRunSize                             
0     00008074  _MW_RamfuncsRunStart                            
1     0000e700  _MW_SCI_PTR                                     
1     0000e480  _MW_adcAInitFlag                                
1     0000e482  _MW_adcBInitFlag                                
1     0000e481  _MW_adcCInitFlag                                
1     00006000  _McbspaRegs                                     
1     00006040  _McbspbRegs                                     
1     0005f400  _MemCfgRegs                                     
1     0005f500  _MemoryErrorRegs                                
0     00081543  _NMI_ISR                                        
0     00081a8c  _NOTUSED_ISR                                    
1     00007060  _NmiIntruptRegs                                 
0     000846fe  _OneTimeGpioInit                                
1     00007a80  _OutputXbarRegs                                 
0     00081a75  _PIE_RESERVED_ISR                               
1     00000ce0  _PieCtrlRegs                                    
1     00000d00  _PieVectTable                                   
0     0008489c  _PieVectTableInit                               
0     00081a43  _RAM_ACCESS_VIOLATION_ISR                       
0     00081a2f  _RAM_CORRECTABLE_ERROR_ISR                      
0     0008152f  _RTOS_ISR                                       
0     00080078  _RamfuncsLoadEnd                                
abs   00000074  _RamfuncsLoadSize                               
0     00080004  _RamfuncsLoadStart                              
0     00008074  _RamfuncsRunEnd                                 
abs   00000074  _RamfuncsRunSize                                
0     00008000  _RamfuncsRunStart                               
0     00081b61  _ReleaseFlashPump                               
1     0005e608  _RomPrefetchRegs                                
1     0005f540  _RomWaitStateRegs                               
0     000817f5  _SCIA_RX_ISR                                    
0     000817ff  _SCIA_TX_ISR                                    
0     00081809  _SCIB_RX_ISR                                    
0     00081813  _SCIB_TX_ISR                                    
0     000817cd  _SCIC_RX_ISR                                    
0     000817d7  _SCIC_TX_ISR                                    
0     000817e1  _SCID_RX_ISR                                    
0     000817eb  _SCID_TX_ISR                                    
0     00008000  _SCIRXINT_isr                                   
0     00081999  _SD1_ISR                                        
0     000819a3  _SD2_ISR                                        
0     00081719  _SPIA_RX_ISR                                    
0     00081723  _SPIA_TX_ISR                                    
0     0008172d  _SPIB_RX_ISR                                    
0     00081737  _SPIB_TX_ISR                                    
0     000819ad  _SPIC_RX_ISR                                    
0     000819b7  _SPIC_TX_ISR                                    
0     00081ee2  _STANDBY                                        
0     00081a4d  _SYS_PLL_SLIP_ISR                               
1     00007200  _SciaRegs                                       
1     00007210  _ScibRegs                                       
1     00007220  _ScicRegs                                       
1     00007230  _ScidRegs                                       
1     00005e00  _Sdfm1Regs                                      
1     00005e80  _Sdfm2Regs                                      
0     00081b52  _SeizeFlashPump                                 
0     00081b6b  _ServiceDog                                     
0     00084720  _Set_GPIOPin                                    
1     00006100  _SpiaRegs                                       
1     00006110  _SpibRegs                                       
1     00006120  _SpicRegs                                       
1     00007940  _SyncSocRegs                                    
0     000080af  _SysCtl_delay                                   
0     00081e85  _SysIntOsc1Sel                                  
0     00081e95  _SysIntOsc2Sel                                  
0     00081ea9  _SysXtalOscSel                                  
0     0008160b  _TIMER0_ISR                                     
0     00081511  _TIMER1_ISR                                     
0     0008151b  _TIMER2_ISR                                     
0     00084645  _TINT0_isr                                      
0     000819c1  _UPPA_ISR                                       
0     000819cb  _USBA_ISR                                       
0     000815b1  _USER10_ISR                                     
0     000815bb  _USER11_ISR                                     
0     000815c5  _USER12_ISR                                     
0     00081557  _USER1_ISR                                      
0     00081561  _USER2_ISR                                      
0     0008156b  _USER3_ISR                                      
0     00081575  _USER4_ISR                                      
0     0008157f  _USER5_ISR                                      
0     00081589  _USER6_ISR                                      
0     00081593  _USER7_ISR                                      
0     0008159d  _USER8_ISR                                      
0     000815a7  _USER9_ISR                                      
1     00006200  _UppRegs                                        
0     00081903  _VCU_ISR                                        
0     00081615  _WAKE_ISR                                       
1     00007000  _WdRegs                                         
0     000815ed  _XINT1_ISR                                      
0     000815f7  _XINT2_ISR                                      
0     000818e5  _XINT3_ISR                                      
0     000818ef  _XINT4_ISR                                      
0     000818f9  _XINT5_ISR                                      
1     00007920  _XbarRegs                                       
1     00007070  _XintRegs                                       
1     00000522  __STACK_END                                     
abs   00000400  __STACK_SIZE                                    
1     0000e6dc  ___TI_cleanup_ptr                               
1     0000e6de  ___TI_dtors_ptr                                 
1     0000e6da  ___TI_enable_exit_profile_output                
abs   ffffffff  ___TI_pprof_out_hndl                            
abs   ffffffff  ___TI_prof_data_size                            
abs   ffffffff  ___TI_prof_data_start                           
abs   ffffffff  ___binit__                                      
abs   ffffffff  ___c_args__                                     
0     00084aec  ___cinit__                                      
0     0008485b  ___etext__                                      
abs   ffffffff  ___pinit__                                      
0     00080078  ___text__                                       
0     00084805  __args_main                                     
1     0000e5fe  __lock                                          
0     00084848  __nop                                           
0     00084844  __register_lock                                 
0     00084840  __register_unlock                               
1     00000122  __stack                                         
0     0008485a  __system_post_cinit                             
0     00084858  __system_pre_init                               
1     0000e6fe  __unlock                                        
0     0008472e  _abort                                          
0     000843de  _addElement                                     
0     0008319e  _c2000_flash_init                               
0     000845ef  _c_int00                                        
0     00083cb6  _config_ADCA_SOC0                               
0     00083be9  _config_ADCA_SOC1                               
0     00083c4c  _config_ADCA_SOC2                               
0     00083c96  _config_ADCB_SOC0                               
0     00083c2a  _config_ADCB_SOC1                               
0     00083c76  _config_ADCC_SOC0                               
0     00083c08  _config_ADCC_SOC1                               
0     000846cc  _config_ePWM_GPIO                               
0     00084828  _configureIXbar                                 
0     00084520  _configureTimer0                                
0     000847a5  _copy_in                                        
1     0000e484  _currentTime                                    
0     0000804b  _deleteElement                                  
0     0008456d  _disableTimer0Interrupt                         
0     00084689  _disableWatchdog                                
0     00084563  _enableTimer0Interrupt                          
0     00084694  _enable_interrupts                              
0     00083d2d  _enable_interrupts_sci                          
0     00084730  _exit                                           
0     00083a0b  _extmodeBackgroundRun                           
0     000839c4  _extmodeEvent                                   
0     00083a51  _extmodeGetEventTriggerEnable                   
0     00083a34  _extmodeGetFinalSimulationTime                  
0     00083916  _extmodeInit                                    
0     0008390f  _extmodeParseArgs                               
0     00083a13  _extmodeReset                                   
0     00083a6b  _extmodeSetEventTriggerEnable                   
0     00083a49  _extmodeSetFinalSimulationTime                  
0     00083a30  _extmodeSimulationComplete                      
0     00083a2c  _extmodeStartRequested                          
0     00083a28  _extmodeStopRequested                           
0     00083970  _extmodeWaitForHostRequest                      
0     000824de  _genericOutputPacketHandler                     
0     0008481f  _globalInterruptDisable                         
0     00084817  _globalInterruptEnable                          
1     0000e4c0  _hall_effect_pos_vel_track_en_DW                
0     00084ae8  _hall_effect_pos_vel_track_en_M                 
1     0000e500  _hall_effect_pos_vel_track_enh_B                
1     0000e540  _hall_effect_pos_vel_track_enh_P                
0     0008118b  _hall_effect_pos_vel_track_enhanced_initialize  
0     00081084  _hall_effect_pos_vel_track_enhanced_step        
0     00081510  _hall_effect_pos_vel_track_enhanced_terminate   
0     00084834  _hardwareTimer1Init                             
0     000843b8  _initQue                                        
[...]
0     000833fb  _xcpFrameMsgSend                                
0     00083479  _xcpFrameMsgRecv                                
0     00083502  _xcpFrameCreateMsg                              
0     00083530  _xcpFrameExtractPacket                          
0     0008359e  _xcpFrameHeaderSize                             
0     000835a0  _xcpFrameTailSize                               
0     000835a2  _xcpFrameMaxDtoSize                             
0     000835a6  _xcpFrameMaxCtoSize                             
0     000835a8  _xcpFrameRestart                                
0     000835af  _xcpFrameSetCtoReservedMemPoolId                
0     000835b6  _xcpFrameReset                                  
0     000836f3  _xcpExtModeClassicTriggerInit                   
0     00083702  _xcpExtModeClassicTriggerEnabled                
0     00083742  _xcpExtModeClassicTriggerReset                  
0     00083762  _xcpExtModeClassicTriggerForceEnableStatusUpdate
0     00083781  _xcp_void_printf                                
0     0008381c  _xcpExtModeUpdateTime                           
0     00083823  _xcpExtModeGetUpdatedTimestamp                  
0     0008382a  _xcpGetTimestamp                                
0     00083841  _xcpExtModeInit                                 
0     00083869  _xcpExtModeRunBackground                        
0     000838c8  _xcpExtModeReset                                
0     0008390f  _extmodeParseArgs                               
0     00083916  _extmodeInit                                    
0     00083970  _extmodeWaitForHostRequest                      
0     000839c4  _extmodeEvent                                   
0     00083a0b  _extmodeBackgroundRun                           
0     00083a13  _extmodeReset                                   
0     00083a28  _extmodeStopRequested                           
0     00083a2c  _extmodeStartRequested                          
0     00083a30  _extmodeSimulationComplete                      
0     00083a34  _extmodeGetFinalSimulationTime                  
0     00083a49  _extmodeSetFinalSimulationTime                  
0     00083a51  _extmodeGetEventTriggerEnable                   
0     00083a6b  _extmodeSetEventTriggerEnable                   
0     00083a7f  _xcpDrvOpen                                     
0     00083a99  _xcpDrvIoctl                                    
0     00083aad  _xcpDrvSend                                     
0     00083b1c  _xcpDrvRecv                                     
0     00083b8b  _xcpDrvRecvUnknownSize                          
0     00083bce  _xcpDrvClose                                    
0     00083be9  _config_ADCA_SOC1                               
0     00083c08  _config_ADCC_SOC1                               
0     00083c2a  _config_ADCB_SOC1                               
0     00083c4c  _config_ADCA_SOC2                               
0     00083c76  _config_ADCC_SOC0                               
0     00083c96  _config_ADCB_SOC0                               
0     00083cb6  _config_ADCA_SOC0                               
0     00083cd6  _InitAdcA                                       
0     00083cf3  _InitAdcB                                       
0     00083d10  _InitAdcC                                       
0     00083d2d  _enable_interrupts_sci                          
0     00083d3c  _rtIOStreamOpen                                 
0     00083d5a  _rtIOStreamClose                                
0     00083d60  _rtIOStreamSend                                 
0     00083d6d  _rtIOStreamRecv                                 
0     00083d83  _init_SCI_external_mode                         
0     00083df3  _sci_rcv_external_mode                          
0     00083e31  _sci_xmit_external_mode                         
0     00083e49  _AdcSetMode                                     
0     00083eff  _CalAdcINL                                      
0     00083f39  _CPU02toCPU01IPC0IntHandler                     
0     0008401f  _ADCA1_INT_isr                                  
0     00084056  _ECAP1_INT_isr                                  
0     0008408b  _ECAP2_INT_isr                                  
0     000840c0  _ECAP3_INT_isr                                  
0     000841b7  _xcpCalibrationInit                             
0     000841bc  _xcpCalibrationGetPacketLookup                  
0     000841c0  _xcpCalibrationSetPacketLookup                  
0     000841c8  _xcpCalibrationReset                            
0     000841c9  _rt_OneStep                                     
0     000841ec  _main                                           
0     00084291  _init_board                                     
0     0008434c  _BytePackerInplace32bits                        
0     0008436f  _BytePacker32bits                               
0     00084395  _BytePacker16bits                               
0     000843b8  _initQue                                        
0     000843c5  _isEmpty                                        
0     000843d1  _isFull                                         
0     000843de  _addElement                                     
0     00084405  _init_CAP1                                      
0     0008443a  _init_CAP2                                      
0     0008446f  _init_CAP3                                      
0     000844a4  _InitCpuTimers                                  
0     000844e5  _ConfigCpuTimer                                 
0     00084520  _configureTimer0                                
0     0008455e  _stopTimer0                                     
0     00084563  _enableTimer0Interrupt                          
0     0008456d  _disableTimer0Interrupt                         
0     00084585  _restoreTimer0Interrupt                         
0     00084590  _xcpFifoInit                                    
0     00084599  _xcpFifoEnqueue                                 
0     000845a8  _xcpFifoDequeue                                 
0     000845bb  _xcpFifoEnqueueHead                             
0     000845ca  _xcpFifoSpliceHead                              
0     000845e0  _xcpFifoEmpty                                   
0     000845e9  _xcpFifoReset                                   
0     000845ef  _c_int00                                        
0     00084645  _TINT0_isr                                      
0     00084689  _disableWatchdog                                
0     00084694  _enable_interrupts                              
0     000846cc  _config_ePWM_GPIO                               
0     000846fe  _OneTimeGpioInit                                
0     00084709  _GPIO_TogglePin                                 
0     00084720  _Set_GPIOPin                                    
0     0008472e  C$$EXIT                                         
0     0008472e  _abort                                          
0     00084730  _exit                                           
0     00084757  _InitPieCtrl                                    
0     00084776  _EnableInterrupts                               
0     0008477f  _InitPieVectTable                               
0     000847a5  _copy_in                                        
0     000847c9  _xcpExtModeParseArgs                            
0     000847ce  _xcpTransportGetInitParameters                  
0     000847db  _xcpGetInitParameters                           
0     000847e8  _memcpy                                         
0     00084805  __args_main                                     
0     00084817  _globalInterruptEnable                          
0     0008481f  _globalInterruptDisable                         
0     00084828  _configureIXbar                                 
0     00084834  _hardwareTimer1Init                             
0     00084840  __register_unlock                               
0     00084844  __register_lock                                 
0     00084848  __nop                                           
0     00084851  _memset                                         
0     00084858  __system_pre_init                               
0     0008485a  __system_post_cinit                             
0     0008485b  ___etext__                                      
0     0008485b  etext                                           
0     0008485c  _MW_RamfuncsLoadStart                           
0     0008489b  _MW_RamfuncsLoadEnd                             
0     0008489c  _PieVectTableInit                               
0     00084ae8  _hall_effect_pos_vel_track_en_M                 
0     00084aec  ___cinit__                                      
0     00084aec  cinit                                           
1     00000122  __stack                                         
1     00000522  __STACK_END                                     
1     00000b00  _AdcaResultRegs                                 
1     00000b20  _AdcbResultRegs                                 
1     00000b40  _AdccResultRegs                                 
1     00000b60  _AdcdResultRegs                                 
1     00000c00  _CpuTimer0Regs                                  
1     00000c08  _CpuTimer1Regs                                  
1     00000c10  _CpuTimer2Regs                                  
1     00000ce0  _PieCtrlRegs                                    
1     00000d00  _PieVectTable                                   
1     00001000  _DmaRegs                                        
1     00001400  _Cla1Regs                                       
1     00003000  _Clb1LogicCfgRegs                               
1     00003100  _Clb1LogicCtrlRegs                              
1     00003200  _Clb1DataExchRegs                               
1     00003400  _Clb2LogicCfgRegs                               
1     00003500  _Clb2LogicCtrlRegs                              
1     00003600  _Clb2DataExchRegs                               
1     00003800  _Clb3LogicCfgRegs                               
1     00003900  _Clb3LogicCtrlRegs                              
1     00003a00  _Clb3DataExchRegs                               
1     00003c00  _Clb4LogicCfgRegs                               
1     00003d00  _Clb4LogicCtrlRegs                              
1     00003e00  _Clb4DataExchRegs                               
1     00004000  _EPwm1Regs                                      
1     00004100  _EPwm2Regs                                      
1     00004200  _EPwm3Regs                                      
1     00004300  _EPwm4Regs                                      
1     00004400  _EPwm5Regs                                      
1     00004500  _EPwm6Regs                                      
1     00004600  _EPwm7Regs                                      
1     00004700  _EPwm8Regs                                      
1     00004800  _EPwm9Regs                                      
1     00004900  _EPwm10Regs                                     
1     00004a00  _EPwm11Regs                                     
1     00004b00  _EPwm12Regs                                     
1     00005000  _ECap1Regs                                      
1     00005020  _ECap2Regs                                      
1     00005040  _ECap3Regs                                      
1     00005060  _ECap4Regs                                      
1     00005080  _ECap5Regs                                      
1     000050a0  _ECap6Regs                                      
1     00005100  _EQep1Regs                                      
1     00005140  _EQep2Regs                                      
1     00005180  _EQep3Regs                                      
1     00005c00  _DacaRegs                                       
1     00005c10  _DacbRegs                                       
1     00005c20  _DaccRegs                                       
1     00005c80  _Cmpss1Regs                                     
1     00005ca0  _Cmpss2Regs                                     
1     00005cc0  _Cmpss3Regs                                     
1     00005ce0  _Cmpss4Regs                                     
1     00005d00  _Cmpss5Regs                                     
1     00005d20  _Cmpss6Regs                                     
1     00005d40  _Cmpss7Regs                                     
1     00005d60  _Cmpss8Regs                                     
1     00005e00  _Sdfm1Regs                                      
1     00005e80  _Sdfm2Regs                                      
1     00006000  _McbspaRegs                                     
1     00006040  _McbspbRegs                                     
1     00006100  _SpiaRegs                                       
1     00006110  _SpibRegs                                       
1     00006120  _SpicRegs                                       
1     00006200  _UppRegs                                        
1     00007000  _WdRegs                                         
1     00007060  _NmiIntruptRegs                                 
1     00007070  _XintRegs                                       
1     00007200  _SciaRegs                                       
1     00007210  _ScibRegs                                       
1     00007220  _ScicRegs                                       
1     00007230  _ScidRegs                                       
1     00007300  _I2caRegs                                       
1     00007340  _I2cbRegs                                       
1     00007400  _AdcaRegs                                       
1     00007480  _AdcbRegs                                       
1     00007500  _AdccRegs                                       
1     00007580  _AdcdRegs                                       
1     00007900  _InputXbarRegs                                  
1     00007920  _XbarRegs                                       
1     00007940  _SyncSocRegs                                    
1     00007980  _DmaClaSrcSelRegs                               
1     00007a00  _EPwmXbarRegs                                   
1     00007a40  _ClbXbarRegs                                    
1     00007a80  _OutputXbarRegs                                 
1     00007c00  _GpioCtrlRegs                                   
1     00007f00  _GpioDataRegs                                   
1     0000e323  _GPIO_oneTimeInit                               
1     0000e324  _xcpClassicTriggerEventId                       
1     0000e325  _xcpClassicTriggerSignalAddressExtension        
1     0000e326  _xcpClassicTriggerDirection                     
1     0000e327  _xcpClassicTriggerArmRequest                    
1     0000e328  _xcpClassicTriggerCancelRequest                 
1     0000e329  _xcpClassicTriggerSource                        
1     0000e32a  _xcpClassicTriggerMode                          
1     0000e32b  _xcpClassicTriggerStatus                        
1     0000e332  _xcpClassicTriggerSignalAddress                 
1     0000e334  _xcpClassicTriggerLevel                         
1     0000e336  _xcpClassicTriggerDuration                      
1     0000e338  _xcpClassicTriggerHoldOff                       
1     0000e33a  _xcpClassicTriggerDelay                         
1     0000e45b  _MW_InterruptDisableLock                        
1     0000e45c  _xcpModelStartRequest                           
1     0000e45d  _xcpModelStopRequest                            
1     0000e45e  _xcpModelStatus                                 
1     0000e45f  _xcpExtmodeSimulationComplete                   
1     0000e462  _xcpModelChecksum0                              
1     0000e464  _xcpModelChecksum1                              
1     0000e466  _xcpModelChecksum2                              
1     0000e468  _xcpModelChecksum3                              
1     0000e46a  _xcpModelIntegerCode                            
1     0000e46c  _xcpExtmodeFinalSimulationTime                  
1     0000e46e  _xcpDummyDoubleVariable                         
1     0000e47a  _ErrorFlag                                      
1     0000e47c  _mwInitStart                                    
1     0000e47e  _mwInitEnd                                      
1     0000e480  _MW_adcAInitFlag                                
1     0000e481  _MW_adcCInitFlag                                
1     0000e482  _MW_adcBInitFlag                                
1     0000e484  _currentTime                                    
1     0000e4c0  _hall_effect_pos_vel_track_en_DW                
1     0000e500  _hall_effect_pos_vel_track_enh_B                
1     0000e540  _hall_effect_pos_vel_track_enh_P                
1     0000e5c4  _CpuTimer0                                      
1     0000e5cc  _CpuTimer1                                      
1     0000e5d4  _CpuTimer2                                      
1     0000e5fe  __lock                                          
1     0000e680  _queRx                                          
1     0000e6da  ___TI_enable_exit_profile_output                
1     0000e6dc  ___TI_cleanup_ptr                               
1     0000e6de  ___TI_dtors_ptr                                 
1     0000e6ea  _xcpCurrentSimulationTimeInTicks                
1     0000e6f2  _IsrOverrun                                     
1     0000e6f4  _stopRequested                                  
1     0000e6f5  _runModel                                       
1     0000e6fe  __unlock                                        
1     0000e700  _MW_SCI_PTR                                     
1     00047000  _Emif1Regs                                      
1     00047800  _Emif2Regs                                      
1     00048000  _CanaRegs                                       
1     0004a000  _CanbRegs                                       
1     00050000  _IpcRegs                                        
1     00050024  _FlashPumpSemaphoreRegs                         
1     0005d000  _DevCfgRegs                                     
1     0005d180  _AnalogSubsysRegs                               
1     0005d200  _ClkCfgRegs                                     
1     0005d300  _CpuSysRegs                                     
1     0005e608  _RomPrefetchRegs                                
1     0005f000  _DcsmZ1Regs                                     
1     0005f040  _DcsmZ2Regs                                     
1     0005f070  _DcsmCommonRegs                                 
1     0005f400  _MemCfgRegs                                     
1     0005f480  _Emif1ConfigRegs                                
1     0005f4a0  _Emif2ConfigRegs                                
1     0005f4c0  _AccessProtectionRegs                           
1     0005f500  _MemoryErrorRegs                                
1     0005f540  _RomWaitStateRegs                               
1     0005f800  _Flash0CtrlRegs                                 
1     0005fb00  _Flash0EccRegs                                  
abs   0000003f  _MW_RamfuncsLoadSize                            
abs   0000003f  _MW_RamfuncsRunSize                             
abs   00000074  _RamfuncsLoadSize                               
abs   00000074  _RamfuncsRunSize                                
abs   00000400  __STACK_SIZE                                    
abs   ffffffff  ___TI_pprof_out_hndl                            
abs   ffffffff  ___TI_prof_data_size                            
abs   ffffffff  ___TI_prof_data_start                           
abs   ffffffff  ___binit__                                      
abs   ffffffff  ___c_args__                                     
abs   ffffffff  ___pinit__                                      
abs   ffffffff  binit                                           
abs   ffffffff  pinit                                           

[605 symbols]
