******************************************************************************
             TMS320C2000 Linker PC v20.2.1                     
******************************************************************************
>> Linked Fri Jul  8 14:22:41 2022

OUTPUT FILE NAME:   <../adc_meas.out>
ENTRY POINT SYMBOL: "_c_int00"  address: 00083ba9


MEMORY CONFIGURATION

         name            origin    length      used     unused   attr    fill
----------------------  --------  ---------  --------  --------  ----  --------
PAGE 0:
  BEGIN                 00000000   00000002  00000000  00000002  RWIX
  RAMLS_PROG            00008000   00002000  000000b3  00001f4d  RWIX
  BEGIN_FLASH           00080000   00000002  00000002  00000000  RWIX
  FLASHA_N              00080002   0003fffe  00004207  0003bdf7  RWIX
  RESET                 003fffc0   00000002  00000000  00000002  RWIX

PAGE 1:
  BOOT_RSVD             00000002   00000120  00000000  00000120  RWIX
  RAMM0M1               00000122   000006de  00000400  000002de  RWIX
  ADCARESULT            00000b00   00000018  00000018  00000000  RWIX
  ADCBRESULT            00000b20   00000018  00000018  00000000  RWIX
  ADCCRESULT            00000b40   00000018  00000018  00000000  RWIX
  ADCDRESULT            00000b60   00000018  00000018  00000000  RWIX
  CPU_TIMER0            00000c00   00000008  00000008  00000000  RWIX
  CPU_TIMER1            00000c08   00000008  00000008  00000000  RWIX
  CPU_TIMER2            00000c10   00000008  00000008  00000000  RWIX
  PIE_CTRL              00000ce0   00000020  0000001a  00000006  RWIX
  PIE_VECT              00000d00   00000200  000001c0  00000040  RWIX
  DMA                   00001000   00000200  000000e0  00000120  RWIX
  CLA1                  00001400   00000040  0000003e  00000002  RWIX
  CLA1_MSGRAMLOW        00001480   00000080  00000000  00000080  RWIX
  CLA1_MSGRAMHIGH       00001500   00000080  00000000  00000080  RWIX
  CLB1LOGICCFG          00003000   00000052  0000003e  00000014  RWIX
  CLB1LOGICCTRL         00003100   00000040  00000040  00000000  RWIX
  CLB1DATAEXCH          00003200   00000200  00000108  000000f8  RWIX
  CLB2LOGICCFG          00003400   00000052  0000003e  00000014  RWIX
  CLB2LOGICCTRL         00003500   00000040  00000040  00000000  RWIX
  CLB2DATAEXCH          00003600   00000200  00000108  000000f8  RWIX
  CLB3LOGICCFG          00003800   00000052  0000003e  00000014  RWIX
  CLB3LOGICCTRL         00003900   00000040  00000040  00000000  RWIX
  CLB3DATAEXCH          00003a00   00000200  00000108  000000f8  RWIX
  CLB4LOGICCFG          00003c00   00000052  0000003e  00000014  RWIX
  CLB4LOGICCTRL         00003d00   00000040  00000040  00000000  RWIX
  CLB4DATAEXCH          00003e00   00000200  00000108  000000f8  RWIX
  EPWM1                 00004000   00000100  00000100  00000000  RWIX
  EPWM2                 00004100   00000100  00000100  00000000  RWIX
  EPWM3                 00004200   00000100  00000100  00000000  RWIX
  EPWM4                 00004300   00000100  00000100  00000000  RWIX
  EPWM5                 00004400   00000100  00000100  00000000  RWIX
  EPWM6                 00004500   00000100  00000100  00000000  RWIX
  EPWM7                 00004600   00000100  00000100  00000000  RWIX
  EPWM8                 00004700   00000100  00000100  00000000  RWIX
  EPWM9                 00004800   00000100  00000100  00000000  RWIX
  EPWM10                00004900   00000100  00000100  00000000  RWIX
  EPWM11                00004a00   00000100  00000100  00000000  RWIX
  EPWM12                00004b00   00000100  00000100  00000000  RWIX
  ECAP1                 00005000   00000020  0000001a  00000006  RWIX
  ECAP2                 00005020   00000020  0000001a  00000006  RWIX
  ECAP3                 00005040   00000020  0000001a  00000006  RWIX
  ECAP4                 00005060   00000020  0000001a  00000006  RWIX
  ECAP5                 00005080   00000020  0000001a  00000006  RWIX
  ECAP6                 000050a0   00000020  0000001a  00000006  RWIX
  EQEP1                 00005100   00000040  00000022  0000001e  RWIX
  EQEP2                 00005140   00000040  00000022  0000001e  RWIX
  EQEP3                 00005180   00000040  00000022  0000001e  RWIX
  DACA                  00005c00   00000010  00000007  00000009  RWIX
  DACB                  00005c10   00000010  00000007  00000009  RWIX
  DACC                  00005c20   00000010  00000007  00000009  RWIX
  CMPSS1                00005c80   00000020  0000001b  00000005  RWIX
  CMPSS2                00005ca0   00000020  0000001b  00000005  RWIX
  CMPSS3                00005cc0   00000020  0000001b  00000005  RWIX
  CMPSS4                00005ce0   00000020  0000001b  00000005  RWIX
  CMPSS5                00005d00   00000020  0000001b  00000005  RWIX
  CMPSS6                00005d20   00000020  0000001b  00000005  RWIX
  CMPSS7                00005d40   00000020  0000001b  00000005  RWIX
  CMPSS8                00005d60   00000020  0000001b  00000005  RWIX
  SDFM1                 00005e00   00000080  00000048  00000038  RWIX
  SDFM2                 00005e80   00000080  00000048  00000038  RWIX
  MCBSPA                00006000   00000040  00000024  0000001c  RWIX
  MCBSPB                00006040   00000040  00000024  0000001c  RWIX
  SPIA                  00006100   00000010  00000010  00000000  RWIX
  SPIB                  00006110   00000010  00000010  00000000  RWIX
  SPIC                  00006120   00000010  00000010  00000000  RWIX
  SPID                  00006130   00000010  00000000  00000010  RWIX
  UPP                   00006200   00000100  00000048  000000b8  RWIX
  WD                    00007000   00000040  0000002b  00000015  RWIX
  NMIINTRUPT            00007060   00000010  00000007  00000009  RWIX
  XINT                  00007070   00000010  0000000b  00000005  RWIX
  SCIA                  00007200   00000010  00000010  00000000  RWIX
  SCIB                  00007210   00000010  00000010  00000000  RWIX
  SCIC                  00007220   00000010  00000010  00000000  RWIX
  SCID                  00007230   00000010  00000010  00000000  RWIX
  I2CA                  00007300   00000040  00000022  0000001e  RWIX
  I2CB                  00007340   00000040  00000022  0000001e  RWIX
  ADCA                  00007400   00000080  0000007c  00000004  RWIX
  ADCB                  00007480   00000080  0000007c  00000004  RWIX
  ADCC                  00007500   00000080  0000007c  00000004  RWIX
  ADCD                  00007580   00000080  0000007c  00000004  RWIX
  INPUT_XBAR            00007900   00000020  00000020  00000000  RWIX
  XBAR                  00007920   00000020  0000000e  00000012  RWIX
  SYNC_SOC              00007940   00000010  00000006  0000000a  RWIX
  DMACLASRCSEL          00007980   00000040  0000001a  00000026  RWIX
  EPWM_XBAR             00007a00   00000040  00000040  00000000  RWIX
  CLB_XBAR              00007a40   00000040  00000040  00000000  RWIX
  OUTPUT_XBAR           00007a80   00000040  00000040  00000000  RWIX
  GPIOCTRL              00007c00   00000180  00000180  00000000  RWIX
  GPIODAT               00007f00   00000030  00000030  00000000  RWIX
  RAMLS_DATA            0000a000   00001000  00000000  00001000  RWIX
  RAMD0D1               0000b000   00001000  00000000  00001000  RWIX
  RAMGS_IPCBuffCPU1     0000c000   00001000  00000000  00001000  RWIX
  RAMGS_IPCBuffCPU2     0000d000   00001000  00000000  00001000  RWIX
  RAMGS_DATA            0000e000   00007000  000002c1  00006d3f  RWIX
  CPU2TOCPU1RAM         0003f800   00000400  00000000  00000400  RWIX
  CPU1TOCPU2RAM         0003fc00   00000400  00000000  00000400  RWIX
  EMIF1                 00047000   00000800  00000028  000007d8  RWIX
  EMIF2                 00047800   00000800  00000028  000007d8  RWIX
  CANA                  00048000   00000200  00000164  0000009c  RWIX
  CANB                  0004a000   00000200  00000164  0000009c  RWIX
  IPC                   00050000   00000024  00000024  00000000  RWIX
  FLASHPUMPSEMAPHORE    00050024   00000002  00000002  00000000  RWIX
  DEV_CFG               0005d000   00000180  0000012e  00000052  RWIX
  ANALOG_SUBSYS         0005d180   00000080  0000003e  00000042  RWIX
  CLK_CFG               0005d200   00000100  00000032  000000ce  RWIX
  CPU_SYS               0005d300   00000100  00000082  0000007e  RWIX
  ROMPREFETCH           0005e608   00000002  00000002  00000000  RWIX
  DCSM_Z1               0005f000   00000030  00000022  0000000e  RWIX
  DCSM_Z2               0005f040   00000030  00000022  0000000e  RWIX
  DCSM_COMMON           0005f070   00000010  00000006  0000000a  RWIX
  MEMCFG                0005f400   00000080  00000076  0000000a  RWIX
  EMIF1CONFIG           0005f480   00000020  0000000a  00000016  RWIX
  EMIF2CONFIG           0005f4a0   00000020  0000000a  00000016  RWIX
  ACCESSPROTECTION      0005f4c0   00000040  0000002e  00000012  RWIX
  MEMORYERROR           0005f500   00000040  0000003a  00000006  RWIX
  ROMWAITSTATE          0005f540   00000002  00000002  00000000  RWIX
  FLASH0_CTRL           0005f800   00000300  00000182  0000017e  RWIX
  FLASH0_ECC            0005fb00   00000040  00000028  00000018  RWIX
  DCSM_Z1_OTP           00078000   00000020  00000000  00000020  RWIX
  DCSM_Z2_OTP           00078200   00000020  00000000  00000020  RWIX


SECTION ALLOCATION MAP

 output                                  attributes/
section   page    origin      length       input sections
--------  ----  ----------  ----------   ----------------
codestart 
*          0    00080000    00000002     
                  00080000    00000002     F2837xD_CodeStartBranch.obj (codestart)

ramfuncs   0    00080004    00000074     RUN ADDR = 00008000
                  00080004    0000004b     rtiostream_serial_c28x_ext_xcp.obj (ramfuncs:retain)
                  0008004f    00000029     datamodify_xcp.obj (ramfuncs)

AdcaResultRegsFile 
*          1    00000b00    00000018     UNINITIALIZED
                  00000b00    00000018     F2837xD_GlobalVariableDefs.obj (AdcaResultRegsFile)

AdcbResultRegsFile 
*          1    00000b20    00000018     UNINITIALIZED
                  00000b20    00000018     F2837xD_GlobalVariableDefs.obj (AdcbResultRegsFile)

AdccResultRegsFile 
*          1    00000b40    00000018     UNINITIALIZED
                  00000b40    00000018     F2837xD_GlobalVariableDefs.obj (AdccResultRegsFile)

AdcdResultRegsFile 
*          1    00000b60    00000018     UNINITIALIZED
                  00000b60    00000018     F2837xD_GlobalVariableDefs.obj (AdcdResultRegsFile)

CpuTimer0RegsFile 
*          1    00000c00    00000008     UNINITIALIZED
                  00000c00    00000008     F2837xD_GlobalVariableDefs.obj (CpuTimer0RegsFile)

CpuTimer1RegsFile 
*          1    00000c08    00000008     UNINITIALIZED
                  00000c08    00000008     F2837xD_GlobalVariableDefs.obj (CpuTimer1RegsFile)

CpuTimer2RegsFile 
*          1    00000c10    00000008     UNINITIALIZED
                  00000c10    00000008     F2837xD_GlobalVariableDefs.obj (CpuTimer2RegsFile)

PieCtrlRegsFile 
*          1    00000ce0    0000001a     UNINITIALIZED
                  00000ce0    0000001a     F2837xD_GlobalVariableDefs.obj (PieCtrlRegsFile)

PieVectTableFile 
*          1    00000d00    000001c0     UNINITIALIZED
                  00000d00    000001c0     F2837xD_GlobalVariableDefs.obj (PieVectTableFile)

EmuKeyVar 
*          1    00000d00    00000000     UNINITIALIZED

EmuBModeVar 
*          1    00000d00    00000000     UNINITIALIZED

FlashCallbackVar 
*          1    00000d00    00000000     UNINITIALIZED

FlashScalingVar 
*          1    00000d00    00000000     UNINITIALIZED

Cla1RegsFile 
*          1    00001400    0000003e     UNINITIALIZED
                  00001400    0000003e     F2837xD_GlobalVariableDefs.obj (Cla1RegsFile)

Clb1LogicCfgRegsFile 
*          1    00003000    0000003e     UNINITIALIZED
                  00003000    0000003e     F2837xD_GlobalVariableDefs.obj (Clb1LogicCfgRegsFile)

Clb1LogicCtrlRegsFile 
*          1    00003100    00000040     UNINITIALIZED
                  00003100    00000040     F2837xD_GlobalVariableDefs.obj (Clb1LogicCtrlRegsFile)

Clb2LogicCfgRegsFile 
*          1    00003400    0000003e     UNINITIALIZED
                  00003400    0000003e     F2837xD_GlobalVariableDefs.obj (Clb2LogicCfgRegsFile)

Clb2LogicCtrlRegsFile 
*          1    00003500    00000040     UNINITIALIZED
                  00003500    00000040     F2837xD_GlobalVariableDefs.obj (Clb2LogicCtrlRegsFile)

Clb3LogicCfgRegsFile 
*          1    00003800    0000003e     UNINITIALIZED
                  00003800    0000003e     F2837xD_GlobalVariableDefs.obj (Clb3LogicCfgRegsFile)

Clb3LogicCtrlRegsFile 
*          1    00003900    00000040     UNINITIALIZED
                  00003900    00000040     F2837xD_GlobalVariableDefs.obj (Clb3LogicCtrlRegsFile)

Clb4LogicCfgRegsFile 
*          1    00003c00    0000003e     UNINITIALIZED
                  00003c00    0000003e     F2837xD_GlobalVariableDefs.obj (Clb4LogicCfgRegsFile)

Clb4LogicCtrlRegsFile 
*          1    00003d00    00000040     UNINITIALIZED
                  00003d00    00000040     F2837xD_GlobalVariableDefs.obj (Clb4LogicCtrlRegsFile)

EPwm1RegsFile 
*          1    00004000    00000100     UNINITIALIZED
                  00004000    00000100     F2837xD_GlobalVariableDefs.obj (EPwm1RegsFile)

EPwm2RegsFile 
*          1    00004100    00000100     UNINITIALIZED
                  00004100    00000100     F2837xD_GlobalVariableDefs.obj (EPwm2RegsFile)

EPwm3RegsFile 
*          1    00004200    00000100     UNINITIALIZED
                  00004200    00000100     F2837xD_GlobalVariableDefs.obj (EPwm3RegsFile)

EPwm4RegsFile 
*          1    00004300    00000100     UNINITIALIZED
                  00004300    00000100     F2837xD_GlobalVariableDefs.obj (EPwm4RegsFile)

EPwm5RegsFile 
*          1    00004400    00000100     UNINITIALIZED
                  00004400    00000100     F2837xD_GlobalVariableDefs.obj (EPwm5RegsFile)

EPwm6RegsFile 
*          1    00004500    00000100     UNINITIALIZED
                  00004500    00000100     F2837xD_GlobalVariableDefs.obj (EPwm6RegsFile)

EPwm7RegsFile 
*          1    00004600    00000100     UNINITIALIZED
                  00004600    00000100     F2837xD_GlobalVariableDefs.obj (EPwm7RegsFile)

EPwm8RegsFile 
*          1    00004700    00000100     UNINITIALIZED
                  00004700    00000100     F2837xD_GlobalVariableDefs.obj (EPwm8RegsFile)

EPwm9RegsFile 
*          1    00004800    00000100     UNINITIALIZED
                  00004800    00000100     F2837xD_GlobalVariableDefs.obj (EPwm9RegsFile)

EPwm10RegsFile 
*          1    00004900    00000100     UNINITIALIZED
                  00004900    00000100     F2837xD_GlobalVariableDefs.obj (EPwm10RegsFile)

EPwm11RegsFile 
*          1    00004a00    00000100     UNINITIALIZED
                  00004a00    00000100     F2837xD_GlobalVariableDefs.obj (EPwm11RegsFile)

EPwm12RegsFile 
*          1    00004b00    00000100     UNINITIALIZED
                  00004b00    00000100     F2837xD_GlobalVariableDefs.obj (EPwm12RegsFile)

ECap1RegsFile 
*          1    00005000    0000001a     UNINITIALIZED
                  00005000    0000001a     F2837xD_GlobalVariableDefs.obj (ECap1RegsFile)

ECap2RegsFile 
*          1    00005020    0000001a     UNINITIALIZED
                  00005020    0000001a     F2837xD_GlobalVariableDefs.obj (ECap2RegsFile)

ECap3RegsFile 
*          1    00005040    0000001a     UNINITIALIZED
                  00005040    0000001a     F2837xD_GlobalVariableDefs.obj (ECap3RegsFile)

ECap4RegsFile 
*          1    00005060    0000001a     UNINITIALIZED
                  00005060    0000001a     F2837xD_GlobalVariableDefs.obj (ECap4RegsFile)

ECap5RegsFile 
*          1    00005080    0000001a     UNINITIALIZED
                  00005080    0000001a     F2837xD_GlobalVariableDefs.obj (ECap5RegsFile)

ECap6RegsFile 
*          1    000050a0    0000001a     UNINITIALIZED
                  000050a0    0000001a     F2837xD_GlobalVariableDefs.obj (ECap6RegsFile)

EQep1RegsFile 
*          1    00005100    00000022     UNINITIALIZED
                  00005100    00000022     F2837xD_GlobalVariableDefs.obj (EQep1RegsFile)

EQep2RegsFile 
*          1    00005140    00000022     UNINITIALIZED
                  00005140    00000022     F2837xD_GlobalVariableDefs.obj (EQep2RegsFile)

EQep3RegsFile 
*          1    00005180    00000022     UNINITIALIZED
                  00005180    00000022     F2837xD_GlobalVariableDefs.obj (EQep3RegsFile)

DacaRegsFile 
*          1    00005c00    00000007     UNINITIALIZED
                  00005c00    00000007     F2837xD_GlobalVariableDefs.obj (DacaRegsFile)

DacbRegsFile 
*          1    00005c10    00000007     UNINITIALIZED
                  00005c10    00000007     F2837xD_GlobalVariableDefs.obj (DacbRegsFile)

DaccRegsFile 
*          1    00005c20    00000007     UNINITIALIZED
                  00005c20    00000007     F2837xD_GlobalVariableDefs.obj (DaccRegsFile)

Cmpss1RegsFile 
*          1    00005c80    0000001b     UNINITIALIZED
                  00005c80    0000001b     F2837xD_GlobalVariableDefs.obj (Cmpss1RegsFile)

Cmpss2RegsFile 
*          1    00005ca0    0000001b     UNINITIALIZED
                  00005ca0    0000001b     F2837xD_GlobalVariableDefs.obj (Cmpss2RegsFile)

Cmpss3RegsFile 
*          1    00005cc0    0000001b     UNINITIALIZED
                  00005cc0    0000001b     F2837xD_GlobalVariableDefs.obj (Cmpss3RegsFile)

Cmpss4RegsFile 
*          1    00005ce0    0000001b     UNINITIALIZED
                  00005ce0    0000001b     F2837xD_GlobalVariableDefs.obj (Cmpss4RegsFile)

Cmpss5RegsFile 
*          1    00005d00    0000001b     UNINITIALIZED
                  00005d00    0000001b     F2837xD_GlobalVariableDefs.obj (Cmpss5RegsFile)

Cmpss6RegsFile 
*          1    00005d20    0000001b     UNINITIALIZED
                  00005d20    0000001b     F2837xD_GlobalVariableDefs.obj (Cmpss6RegsFile)

Cmpss7RegsFile 
*          1    00005d40    0000001b     UNINITIALIZED
                  00005d40    0000001b     F2837xD_GlobalVariableDefs.obj (Cmpss7RegsFile)

Cmpss8RegsFile 
*          1    00005d60    0000001b     UNINITIALIZED
                  00005d60    0000001b     F2837xD_GlobalVariableDefs.obj (Cmpss8RegsFile)

I2caRegsFile 
*          1    00007300    00000022     UNINITIALIZED
                  00007300    00000022     F2837xD_GlobalVariableDefs.obj (I2caRegsFile)

I2cbRegsFile 
*          1    00007340    00000022     UNINITIALIZED
                  00007340    00000022     F2837xD_GlobalVariableDefs.obj (I2cbRegsFile)

AdcaRegsFile 
*          1    00007400    0000007c     UNINITIALIZED
                  00007400    0000007c     F2837xD_GlobalVariableDefs.obj (AdcaRegsFile)

AdcbRegsFile 
*          1    00007480    0000007c     UNINITIALIZED
                  00007480    0000007c     F2837xD_GlobalVariableDefs.obj (AdcbRegsFile)

AdccRegsFile 
*          1    00007500    0000007c     UNINITIALIZED
                  00007500    0000007c     F2837xD_GlobalVariableDefs.obj (AdccRegsFile)

AdcdRegsFile 
*          1    00007580    0000007c     UNINITIALIZED
                  00007580    0000007c     F2837xD_GlobalVariableDefs.obj (AdcdRegsFile)

CanaRegsFile 
*          1    00048000    00000164     UNINITIALIZED
                  00048000    00000164     F2837xD_GlobalVariableDefs.obj (CanaRegsFile)

CanbRegsFile 
*          1    0004a000    00000164     UNINITIALIZED
                  0004a000    00000164     F2837xD_GlobalVariableDefs.obj (CanbRegsFile)

AnalogSubsysRegsFile 
*          1    0005d180    0000003e     UNINITIALIZED
                  0005d180    0000003e     F2837xD_GlobalVariableDefs.obj (AnalogSubsysRegsFile)

Cla1SoftIntRegsFile 
*          1    00000ce0    00000000     DSECT

Clb1DataExchRegsFile 
*          1    00003200    00000108     UNINITIALIZED
                  00003200    00000108     F2837xD_GlobalVariableDefs.obj (Clb1DataExchRegsFile)

Clb2DataExchRegsFile 
*          1    00003600    00000108     UNINITIALIZED
                  00003600    00000108     F2837xD_GlobalVariableDefs.obj (Clb2DataExchRegsFile)

Clb3DataExchRegsFile 
*          1    00003a00    00000108     UNINITIALIZED
                  00003a00    00000108     F2837xD_GlobalVariableDefs.obj (Clb3DataExchRegsFile)

Clb4DataExchRegsFile 
*          1    00003e00    00000108     UNINITIALIZED
                  00003e00    00000108     F2837xD_GlobalVariableDefs.obj (Clb4DataExchRegsFile)

Sdfm1RegsFile 
*          1    00005e00    00000048     UNINITIALIZED
                  00005e00    00000048     F2837xD_GlobalVariableDefs.obj (Sdfm1RegsFile)

Sdfm2RegsFile 
*          1    00005e80    00000048     UNINITIALIZED
                  00005e80    00000048     F2837xD_GlobalVariableDefs.obj (Sdfm2RegsFile)

McbspaRegsFile 
*          1    00006000    00000024     UNINITIALIZED
                  00006000    00000024     F2837xD_GlobalVariableDefs.obj (McbspaRegsFile)

McbspbRegsFile 
*          1    00006040    00000024     UNINITIALIZED
                  00006040    00000024     F2837xD_GlobalVariableDefs.obj (McbspbRegsFile)

SpiaRegsFile 
*          1    00006100    00000010     UNINITIALIZED
                  00006100    00000010     F2837xD_GlobalVariableDefs.obj (SpiaRegsFile)

SpibRegsFile 
*          1    00006110    00000010     UNINITIALIZED
                  00006110    00000010     F2837xD_GlobalVariableDefs.obj (SpibRegsFile)

SpicRegsFile 
*          1    00006120    00000010     UNINITIALIZED
                  00006120    00000010     F2837xD_GlobalVariableDefs.obj (SpicRegsFile)

UppRegsFile 
*          1    00006200    00000048     UNINITIALIZED
                  00006200    00000048     F2837xD_GlobalVariableDefs.obj (UppRegsFile)

WdRegsFile 
*          1    00007000    0000002b     UNINITIALIZED
                  00007000    0000002b     F2837xD_GlobalVariableDefs.obj (WdRegsFile)

NmiIntruptRegsFile 
*          1    00007060    00000007     UNINITIALIZED
                  00007060    00000007     F2837xD_GlobalVariableDefs.obj (NmiIntruptRegsFile)

XintRegsFile 
*          1    00007070    0000000b     UNINITIALIZED
                  00007070    0000000b     F2837xD_GlobalVariableDefs.obj (XintRegsFile)

SciaRegsFile 
*          1    00007200    00000010     UNINITIALIZED
                  00007200    00000010     F2837xD_GlobalVariableDefs.obj (SciaRegsFile)

ScibRegsFile 
*          1    00007210    00000010     UNINITIALIZED
                  00007210    00000010     F2837xD_GlobalVariableDefs.obj (ScibRegsFile)

ScicRegsFile 
*          1    00007220    00000010     UNINITIALIZED
                  00007220    00000010     F2837xD_GlobalVariableDefs.obj (ScicRegsFile)

ScidRegsFile 
*          1    00007230    00000010     UNINITIALIZED
                  00007230    00000010     F2837xD_GlobalVariableDefs.obj (ScidRegsFile)

InputXbarRegsFile 
*          1    00007900    00000020     UNINITIALIZED
                  00007900    00000020     F2837xD_GlobalVariableDefs.obj (InputXbarRegsFile)

XbarRegsFile 
*          1    00007920    0000000e     UNINITIALIZED
                  00007920    0000000e     F2837xD_GlobalVariableDefs.obj (XbarRegsFile)

SyncSocRegsFile 
*          1    00007940    00000006     UNINITIALIZED
                  00007940    00000006     F2837xD_GlobalVariableDefs.obj (SyncSocRegsFile)

EPwmXbarRegsFile 
*          1    00007a00    00000040     UNINITIALIZED
                  00007a00    00000040     F2837xD_GlobalVariableDefs.obj (EPwmXbarRegsFile)

ClbXbarRegsFile 
*          1    00007a40    00000040     UNINITIALIZED
                  00007a40    00000040     F2837xD_GlobalVariableDefs.obj (ClbXbarRegsFile)

OutputXbarRegsFile 
*          1    00007a80    00000040     UNINITIALIZED
                  00007a80    00000040     F2837xD_GlobalVariableDefs.obj (OutputXbarRegsFile)

GpioCtrlRegsFile 
*          1    00007c00    00000180     UNINITIALIZED
                  00007c00    00000180     F2837xD_GlobalVariableDefs.obj (GpioCtrlRegsFile)

GpioDataRegsFile 
*          1    00007f00    00000030     UNINITIALIZED
                  00007f00    00000030     F2837xD_GlobalVariableDefs.obj (GpioDataRegsFile)

IpcRegsFile 
*          1    00050000    00000024     UNINITIALIZED
                  00050000    00000024     F2837xD_GlobalVariableDefs.obj (IpcRegsFile)

FlashPumpSemaphoreRegsFile 
*          1    00050024    00000002     UNINITIALIZED
                  00050024    00000002     F2837xD_GlobalVariableDefs.obj (FlashPumpSemaphoreRegsFile)

RomPrefetchRegsFile 
*          1    0005e608    00000002     UNINITIALIZED
                  0005e608    00000002     F2837xD_GlobalVariableDefs.obj (RomPrefetchRegsFile)

DcsmZ1RegsFile 
*          1    0005f000    00000022     UNINITIALIZED
                  0005f000    00000022     F2837xD_GlobalVariableDefs.obj (DcsmZ1RegsFile)

DcsmZ2RegsFile 
*          1    0005f040    00000022     UNINITIALIZED
                  0005f040    00000022     F2837xD_GlobalVariableDefs.obj (DcsmZ2RegsFile)

DcsmCommonRegsFile 
*          1    0005f070    00000006     UNINITIALIZED
                  0005f070    00000006     F2837xD_GlobalVariableDefs.obj (DcsmCommonRegsFile)

DmaRegsFile 
*          1    00001000    000000e0     UNINITIALIZED
                  00001000    000000e0     F2837xD_GlobalVariableDefs.obj (DmaRegsFile)

DmaClaSrcSelRegsFile 
*          1    00007980    0000001a     UNINITIALIZED
                  00007980    0000001a     F2837xD_GlobalVariableDefs.obj (DmaClaSrcSelRegsFile)

Emif1RegsFile 
*          1    00047000    00000028     UNINITIALIZED
                  00047000    00000028     F2837xD_GlobalVariableDefs.obj (Emif1RegsFile)

Emif2RegsFile 
*          1    00047800    00000028     UNINITIALIZED
                  00047800    00000028     F2837xD_GlobalVariableDefs.obj (Emif2RegsFile)

MemCfgRegsFile 
*          1    0005f400    00000076     UNINITIALIZED
                  0005f400    00000076     F2837xD_GlobalVariableDefs.obj (MemCfgRegsFile)

Emif1ConfigRegsFile 
*          1    0005f480    0000000a     UNINITIALIZED
                  0005f480    0000000a     F2837xD_GlobalVariableDefs.obj (Emif1ConfigRegsFile)

Emif2ConfigRegsFile 
*          1    0005f4a0    0000000a     UNINITIALIZED
                  0005f4a0    0000000a     F2837xD_GlobalVariableDefs.obj (Emif2ConfigRegsFile)

AccessProtectionRegsFile 
*          1    0005f4c0    0000002e     UNINITIALIZED
                  0005f4c0    0000002e     F2837xD_GlobalVariableDefs.obj (AccessProtectionRegsFile)

MemoryErrorRegsFile 
*          1    0005f500    0000003a     UNINITIALIZED
                  0005f500    0000003a     F2837xD_GlobalVariableDefs.obj (MemoryErrorRegsFile)

RomWaitStateRegsFile 
*          1    0005f540    00000002     UNINITIALIZED
                  0005f540    00000002     F2837xD_GlobalVariableDefs.obj (RomWaitStateRegsFile)

Flash0CtrlRegsFile 
*          1    0005f800    00000182     UNINITIALIZED
                  0005f800    00000182     F2837xD_GlobalVariableDefs.obj (Flash0CtrlRegsFile)

Flash0EccRegsFile 
*          1    0005fb00    00000028     UNINITIALIZED
                  0005fb00    00000028     F2837xD_GlobalVariableDefs.obj (Flash0EccRegsFile)

DevCfgRegsFile 
*          1    0005d000    0000012e     UNINITIALIZED
                  0005d000    0000012e     F2837xD_GlobalVariableDefs.obj (DevCfgRegsFile)

ClkCfgRegsFile 
*          1    0005d200    00000032     UNINITIALIZED
                  0005d200    00000032     F2837xD_GlobalVariableDefs.obj (ClkCfgRegsFile)

CpuSysRegsFile 
*          1    0005d300    00000082     UNINITIALIZED
                  0005d300    00000082     F2837xD_GlobalVariableDefs.obj (CpuSysRegsFile)

.cinit     0    00084064    0000014f     
                  00084064    0000005b     xcp_ext_classic_trigger.obj (.cinit)
                  000840bf    0000004c     xcp_ext_common.obj (.cinit)
                  0008410b    0000001e     xcp_daq.obj (.cinit)
                  00084129    00000014     xcp.obj (.cinit)
                  0008413d    00000014     xcp_frame_serial.obj (.cinit)
                  00084151    0000000f     xcp_standard.obj (.cinit)
                  00084160    0000000e     rts2800_fpu32.lib : exit.c.obj (.cinit)
                  0008416e    0000000a     c2837xDBoard_Realtime_Support.obj (.cinit)
                  00084178    00000008     ert_main.obj (.cinit)
                  00084180    00000008     xcp_drv_rtiostream.obj (.cinit)
                  00084188    00000008     xcp_transport.obj (.cinit)
                  00084190    00000005     rts2800_fpu32.lib : _lock.c.obj (.cinit:__lock)
                  00084195    00000005                       : _lock.c.obj (.cinit:__unlock)
                  0008419a    00000005     xcp_ext_common.obj (.cinit:_xcpCurrentSimulationTimeInTicks)
                  0008419f    00000005     rtiostream_serial_c28x_ext_xcp.obj (.cinit)
                  000841a4    00000005     xcp_calibration.obj (.cinit)
                  000841a9    00000004     MW_c28xGPIO.obj (.cinit)
                  000841ad    00000004     adc_meas.obj (.cinit)
                  000841b1    00000002     --HOLE-- [fill = 0]

.pinit     0    00080004    00000000     UNINITIALIZED

.text      0    00080078    00003d59     
                  00080078    00000cb9     xcp_daq.obj (.text)
                  00080d31    00000585     F2837xD_DefaultISR.obj (.text:retain)
                  000812b6    000004aa     F2837xD_SysCtrl.obj (.text)
                  00081760    00000469     xcp_mem_default.obj (.text)
                  00081bc9    000003b5     xcp.obj (.text)
                  00081f7e    000002ea     xcp_transport.obj (.text)
                  00082268    000002da     F2837xD_Ipc_Driver_Lite.obj (.text)
                  00082542    00000244     F2837xD_Gpio.obj (.text)
                  00082786    0000022a     xcp_standard.obj (.text)
                  000829b0    0000021e     c2837xDBoard_Realtime_Support.obj (.text)
                  00082bce    0000020f     xcp_frame_serial.obj (.text)
                  00082ddd    000001b6     xcp_ext_classic_trigger.obj (.text)
                  00082f93    0000018e     xcp_ext_common.obj (.text)
                  00083121    0000016d     xcp_ext_mode.obj (.text)
                  0008328e    0000016a     xcp_drv_rtiostream.obj (.text)
                  000833f8    0000011c     rtiostream_serial_c28x_ext_xcp.obj (.text)
                  00083514    000000f0     F2837xD_Adc.obj (.text)
                  00083604    000000e6     c2837xDBoard_Realtime_Support.obj (.text:retain)
                  000836ea    000000d4     xcp_calibration.obj (.text)
                  000837be    000000c6     ert_main.obj (.text)
                  00083884    000000b9     datamodify_xcp.obj (.text)
                  0008393d    00000094     MW_c28xx_board.obj (.text)
                  000839d1    0000008d     adc_meas.obj (.text)
                  00083a5e    0000007c     F2837xD_CpuTimers.obj (.text)
                  00083ada    00000070     c2837xDSchedulerTimer0.obj (.text)
                  00083b4a    0000005f     xcp_fifo.obj (.text)
                  00083ba9    00000056     rts2800_fpu32.lib : boot28.asm.obj (.text)
                  00083bff    00000044     c2837xDSchedulerTimer0.obj (.text:retain)
                  00083c43    0000003d     MW_c28xx_adc.obj (.text)
                  00083c80    00000030     MW_c28xGPIO.obj (.text)
                  00083cb0    00000029     rts2800_fpu32.lib : exit.c.obj (.text)
                  00083cd9    00000028     F2837xD_PieCtrl.obj (.text)
                  00083d01    00000026     F2837xD_PieVect.obj (.text)
                  00083d27    00000024     rts2800_fpu32.lib : cpy_tbl.c.obj (.text)
                  00083d4b    0000001f     xcp_ext_param_default_serial.obj (.text)
                  00083d6a    0000001d     rts2800_fpu32.lib : memcpy.c.obj (.text)
                  00083d87    00000012                       : args_main.c.obj (.text)
                  00083d99    00000011     MW_c28xGlobalInterrupts.obj (.text)
                  00083daa    0000000c     c2000HardwareTimerConfig.obj (.text)
                  00083db6    00000009     rts2800_fpu32.lib : _lock.c.obj (.text)
                  00083dbf    00000008     F2837xD_CodeStartBranch.obj (.text)
                  00083dc7    00000007     rts2800_fpu32.lib : memset.c.obj (.text)
                  00083dce    00000002                       : pre_init.c.obj (.text)
                  00083dd0    00000001                       : startup.c.obj (.text)

.TI.ramfunc 
*          0    00083dd4    0000003f     RUN ADDR = 00008074
                  00083dd4    00000037     F2837xD_SysCtrl.obj (.TI.ramfunc)
                  00083e0b    00000004     F2837xD_usDelay.obj (.TI.ramfunc)
                  00083e0f    00000004     sysctl.obj (.TI.ramfunc)

.econst    0    00083e14    0000024e     
                  00083e14    000001c0     F2837xD_PieVect.obj (.econst:_PieVectTableInit)
                  00083fd4    00000048     xcp_daq.obj (.econst:_daqSupportedRxPacket)
                  0008401c    0000002a     xcp_standard.obj (.econst:_standardSupportedRxPacket)
                  00084046    0000000c     xcp_calibration.obj (.econst:_calibrationSupportedRxPacket)
                  00084052    00000006     xcp_mem_default.obj (.econst:_xcpMemMainBlockSizes)
                  00084058    00000006     xcp_mem_default.obj (.econst:_xcpMemMainBlocksNumber)
                  0008405e    00000004     adc_meas.obj (.econst)

.switch    0    000841b4    0000005e     
                  000841b4    00000024     c2837xDBoard_Realtime_Support.obj (.switch:_CPU02toCPU01IPC0IntHandler)
                  000841d8    0000001e     xcp.obj (.switch:_genericOutputPacketHandler)
                  000841f6    0000001c     c2837xDBoard_Realtime_Support.obj (.switch:_setInXBARForCPU2)

.stack     1    00000122    00000400     UNINITIALIZED
                  00000122    00000400     --HOLE--

.reset     0    003fffc0    00000002     DSECT
                  003fffc0    00000002     rts2800_fpu32.lib : boot28.asm.obj (.reset)

GETBUFFER 
*          0    0003f800    00000000     DSECT

GETWRITEIDX 
*          0    0003f800    00000000     DSECT

PUTREADIDX 
*          0    0003f800    00000000     DSECT

WRITEFLAG1CPU2 
*          0    0003f800    00000000     DSECT

WRITEFLAG2CPU2 
*          0    0003f800    00000000     DSECT

READFLAG1CPU2 
*          0    0003f800    00000000     DSECT

READFLAG2CPU2 
*          0    0003f800    00000000     DSECT

.ebss      1    0000e000    000002c1     UNINITIALIZED
                  0000e000    000000fe     xcp_mem_default.obj (.ebss:_xcpMemReservedPoolsChunk)
                  0000e0fe    00000002     rts2800_fpu32.lib : _lock.c.obj (.ebss:__lock)
                  0000e100    0000005f     xcp_mem_default.obj (.ebss:_xcpMemMainChunk)
                  0000e15f    00000001     MW_c28xGPIO.obj (.ebss)
                  0000e160    0000001e     xcp_ext_common.obj (.ebss)
                  0000e17e    00000002     rts2800_fpu32.lib : _lock.c.obj (.ebss:__unlock)
                  0000e180    00000042     datamodify_xcp.obj (.ebss)
                  0000e1c2    0000003c     xcp_mem_default.obj (.ebss:_xcpMemPoolDescriptors)
                  0000e1fe    00000002     adc_meas.obj (.ebss:_systemRan$3)
                  0000e200    00000026     adc_meas.obj (.ebss)
                  0000e226    00000018     F2837xD_CpuTimers.obj (.ebss)
                  0000e23e    00000002     xcp_ext_mode.obj (.ebss:_xcpCustomTriggerFunction)
                  0000e240    0000001c     xcp_ext_classic_trigger.obj (.ebss)
                  0000e25c    00000018     xcp_daq.obj (.ebss)
                  0000e274    00000008     xcp.obj (.ebss:_groupPacketLookup)
                  0000e27c    00000004     xcp_transport.obj (.ebss:_rxFifo)
                  0000e280    00000008     xcp_transport.obj (.ebss:_txFifo)
                  0000e288    00000008     xcp_standard.obj (.ebss)
                  0000e290    00000006     c2837xDBoard_Realtime_Support.obj (.ebss)
                  0000e296    00000006     rts2800_fpu32.lib : exit.c.obj (.ebss)
                  0000e29c    00000005     xcp.obj (.ebss)
                  0000e2a1    00000005     xcp_frame_serial.obj (.ebss)
                  0000e2a6    00000004     xcp_ext_common.obj (.ebss:_xcpCurrentSimulationTimeInTicks)
                  0000e2aa    00000004     xcp_mem_default.obj (.ebss:_xcpMemCustomPoolDescriptors)
                  0000e2ae    00000004     ert_main.obj (.ebss)
                  0000e2b2    00000004     xcp_mem_default.obj (.ebss)
                  0000e2b6    00000004     xcp_transport.obj (.ebss)
                  0000e2ba    00000002     rtiostream_serial_c28x_ext_xcp.obj (.ebss)
                  0000e2bc    00000002     xcp_calibration.obj (.ebss)
                  0000e2be    00000002     xcp_drv_rtiostream.obj (.ebss)
                  0000e2c0    00000001     MW_c28xGlobalInterrupts.obj (.ebss)

MODULE SUMMARY

       Module                               code    initialized data   uninitialized data
       ------                               ----    ----------------   ------------------
    <current directory>
       F2837xD_GlobalVariableDefs.obj       0       0                  9854              
       xcp_daq.obj                          3257    102                24                
       xcp_mem_default.obj                  1129    12                 417               
       F2837xD_DefaultISR.obj               1413    0                  0                 
       F2837xD_SysCtrl.obj                  1304    0                  0                 
       xcp.obj                              949     50                 13                
       c2837xDBoard_Realtime_Support.obj    772     74                 6                 
       xcp_transport.obj                    746     8                  16                
       F2837xD_Ipc_Driver_Lite.obj          730     0                  0                 
       xcp_standard.obj                     554     57                 8                 
       F2837xD_Gpio.obj                     580     0                  0                 
       xcp_ext_classic_trigger.obj          438     91                 28                
       xcp_frame_serial.obj                 527     20                 5                 
       xcp_ext_common.obj                   398     81                 34                
       F2837xD_PieVect.obj                  38      448                0                 
       rtiostream_serial_c28x_ext_xcp.obj   434     5                  2                 
       xcp_drv_rtiostream.obj               362     8                  2                 
       xcp_ext_mode.obj                     365     0                  2                 
       datamodify_xcp.obj                   267     0                  66                
       F2837xD_Adc.obj                      240     0                  0                 
       xcp_calibration.obj                  212     17                 2                 
       ert_main.obj                         198     8                  4                 
       adc_meas.obj                         141     8                  40                
       c2837xDSchedulerTimer0.obj           180     0                  0                 
       F2837xD_CpuTimers.obj                124     0                  24                
       MW_c28xx_board.obj                   148     0                  0                 
       xcp_fifo.obj                         95      0                  0                 
       MW_c28xx_adc.obj                     61      0                  0                 
       MW_c28xGPIO.obj                      48      4                  1                 
       F2837xD_PieCtrl.obj                  40      0                  0                 
       xcp_ext_param_default_serial.obj     31      0                  0                 
       MW_c28xGlobalInterrupts.obj          17      0                  1                 
       c2000HardwareTimerConfig.obj         12      0                  0                 
       F2837xD_CodeStartBranch.obj          10      0                  0                 
       F2837xD_usDelay.obj                  8       0                  0                 
       sysctl.obj                           8       0                  0                 
    +--+------------------------------------+-------+------------------+--------------------+
       Total:                               15836   993                10549             
                                                                                         
    C:/PROGRA~3/MATLAB/SUPPOR~1/3P778C~1.INS/TIC28X~1.INS/TI-CGT~1.LTS/lib/rts2800_fpu32.lib
       boot28.asm.obj                       86      0                  0                 
       exit.c.obj                           41      14                 6                 
       cpy_tbl.c.obj                        36      0                  0                 
       memcpy.c.obj                         29      0                  0                 
       _lock.c.obj                          9       10                 4                 
       args_main.c.obj                      18      0                  0                 
       memset.c.obj                         7       0                  0                 
       pre_init.c.obj                       2       0                  0                 
       startup.c.obj                        1       0                  0                 
    +--+------------------------------------+-------+------------------+--------------------+
       Total:                               229     24                 10                
                                                                                         
       Stack:                               0       0                  1024              
    +--+------------------------------------+-------+------------------+--------------------+
       Grand Total:                         16065   1017               11583             


GLOBAL DATA SYMBOLS: SORTED BY DATA PAGE

address     data page           name
--------    ----------------    ----
00000122       4 (00000100)     __stack

00000b00      2c (00000b00)     _AdcaResultRegs
00000b20      2c (00000b00)     _AdcbResultRegs

00000b40      2d (00000b40)     _AdccResultRegs
00000b60      2d (00000b40)     _AdcdResultRegs

00000c00      30 (00000c00)     _CpuTimer0Regs
00000c08      30 (00000c00)     _CpuTimer1Regs
00000c10      30 (00000c00)     _CpuTimer2Regs

00000ce0      33 (00000cc0)     _PieCtrlRegs

00000d00      34 (00000d00)     _PieVectTable

00001000      40 (00001000)     _DmaRegs

00001400      50 (00001400)     _Cla1Regs

00003000      c0 (00003000)     _Clb1LogicCfgRegs

00003100      c4 (00003100)     _Clb1LogicCtrlRegs

00003200      c8 (00003200)     _Clb1DataExchRegs

00003400      d0 (00003400)     _Clb2LogicCfgRegs

00003500      d4 (00003500)     _Clb2LogicCtrlRegs

00003600      d8 (00003600)     _Clb2DataExchRegs

00003800      e0 (00003800)     _Clb3LogicCfgRegs

00003900      e4 (00003900)     _Clb3LogicCtrlRegs

00003a00      e8 (00003a00)     _Clb3DataExchRegs

00003c00      f0 (00003c00)     _Clb4LogicCfgRegs

00003d00      f4 (00003d00)     _Clb4LogicCtrlRegs

00003e00      f8 (00003e00)     _Clb4DataExchRegs

00004000     100 (00004000)     _EPwm1Regs

00004100     104 (00004100)     _EPwm2Regs

00004200     108 (00004200)     _EPwm3Regs

00004300     10c (00004300)     _EPwm4Regs

00004400     110 (00004400)     _EPwm5Regs

00004500     114 (00004500)     _EPwm6Regs

00004600     118 (00004600)     _EPwm7Regs

00004700     11c (00004700)     _EPwm8Regs

00004800     120 (00004800)     _EPwm9Regs

00004900     124 (00004900)     _EPwm10Regs

00004a00     128 (00004a00)     _EPwm11Regs

00004b00     12c (00004b00)     _EPwm12Regs

00005000     140 (00005000)     _ECap1Regs
00005020     140 (00005000)     _ECap2Regs

00005040     141 (00005040)     _ECap3Regs
00005060     141 (00005040)     _ECap4Regs

00005080     142 (00005080)     _ECap5Regs
000050a0     142 (00005080)     _ECap6Regs

00005100     144 (00005100)     _EQep1Regs

00005140     145 (00005140)     _EQep2Regs

00005180     146 (00005180)     _EQep3Regs

00005c00     170 (00005c00)     _DacaRegs
00005c10     170 (00005c00)     _DacbRegs
00005c20     170 (00005c00)     _DaccRegs

00005c80     172 (00005c80)     _Cmpss1Regs
00005ca0     172 (00005c80)     _Cmpss2Regs

00005cc0     173 (00005cc0)     _Cmpss3Regs
00005ce0     173 (00005cc0)     _Cmpss4Regs

00005d00     174 (00005d00)     _Cmpss5Regs
00005d20     174 (00005d00)     _Cmpss6Regs

00005d40     175 (00005d40)     _Cmpss7Regs
00005d60     175 (00005d40)     _Cmpss8Regs

00005e00     178 (00005e00)     _Sdfm1Regs

00005e80     17a (00005e80)     _Sdfm2Regs

00006000     180 (00006000)     _McbspaRegs

00006040     181 (00006040)     _McbspbRegs

00006100     184 (00006100)     _SpiaRegs
00006110     184 (00006100)     _SpibRegs
00006120     184 (00006100)     _SpicRegs

00006200     188 (00006200)     _UppRegs

00007000     1c0 (00007000)     _WdRegs

00007060     1c1 (00007040)     _NmiIntruptRegs
00007070     1c1 (00007040)     _XintRegs

00007200     1c8 (00007200)     _SciaRegs
00007210     1c8 (00007200)     _ScibRegs
00007220     1c8 (00007200)     _ScicRegs
00007230     1c8 (00007200)     _ScidRegs

00007300     1cc (00007300)     _I2caRegs

00007340     1cd (00007340)     _I2cbRegs

00007400     1d0 (00007400)     _AdcaRegs

00007480     1d2 (00007480)     _AdcbRegs

00007500     1d4 (00007500)     _AdccRegs

00007580     1d6 (00007580)     _AdcdRegs

00007900     1e4 (00007900)     _InputXbarRegs
00007920     1e4 (00007900)     _XbarRegs

00007940     1e5 (00007940)     _SyncSocRegs

00007980     1e6 (00007980)     _DmaClaSrcSelRegs

00007a00     1e8 (00007a00)     _EPwmXbarRegs

00007a40     1e9 (00007a40)     _ClbXbarRegs

00007a80     1ea (00007a80)     _OutputXbarRegs

00007c00     1f0 (00007c00)     _GpioCtrlRegs

00007f00     1fc (00007f00)     _GpioDataRegs

0000e0fe     383 (0000e0c0)     __lock

0000e15f     385 (0000e140)     _GPIO_oneTimeInit
0000e160     385 (0000e140)     _xcpModelStartRequest
0000e161     385 (0000e140)     _xcpModelStopRequest
0000e162     385 (0000e140)     _xcpModelStatus
0000e163     385 (0000e140)     _xcpExtmodeSimulationComplete
0000e166     385 (0000e140)     _xcpModelChecksum0
0000e168     385 (0000e140)     _xcpModelChecksum1
0000e16a     385 (0000e140)     _xcpModelChecksum2
0000e16c     385 (0000e140)     _xcpModelChecksum3
0000e16e     385 (0000e140)     _xcpModelIntegerCode
0000e170     385 (0000e140)     _xcpExtmodeFinalSimulationTime
0000e172     385 (0000e140)     _xcpDummyDoubleVariable
0000e17e     385 (0000e140)     __unlock

0000e180     386 (0000e180)     _queRx

0000e200     388 (0000e200)     _adc_meas_B
0000e201     388 (0000e200)     _MW_adcCInitFlag
0000e202     388 (0000e200)     _adc_meas_DW
0000e226     388 (0000e200)     _CpuTimer0
0000e22e     388 (0000e200)     _CpuTimer1
0000e236     388 (0000e200)     _CpuTimer2

0000e240     389 (0000e240)     _xcpClassicTriggerEventId
0000e241     389 (0000e240)     _xcpClassicTriggerSignalAddressExtension
0000e242     389 (0000e240)     _xcpClassicTriggerDirection
0000e243     389 (0000e240)     _xcpClassicTriggerArmRequest
0000e244     389 (0000e240)     _xcpClassicTriggerCancelRequest
0000e245     389 (0000e240)     _xcpClassicTriggerSource
0000e246     389 (0000e240)     _xcpClassicTriggerMode
0000e247     389 (0000e240)     _xcpClassicTriggerStatus
0000e24e     389 (0000e240)     _xcpClassicTriggerSignalAddress
0000e250     389 (0000e240)     _xcpClassicTriggerLevel
0000e252     389 (0000e240)     _xcpClassicTriggerDuration
0000e254     389 (0000e240)     _xcpClassicTriggerHoldOff
0000e256     389 (0000e240)     _xcpClassicTriggerDelay

0000e290     38a (0000e280)     _ErrorFlag
0000e292     38a (0000e280)     _mwInitStart
0000e294     38a (0000e280)     _mwInitEnd
0000e296     38a (0000e280)     ___TI_enable_exit_profile_output
0000e298     38a (0000e280)     ___TI_cleanup_ptr
0000e29a     38a (0000e280)     ___TI_dtors_ptr
0000e2a6     38a (0000e280)     _xcpCurrentSimulationTimeInTicks
0000e2ae     38a (0000e280)     _IsrOverrun
0000e2b0     38a (0000e280)     _stopRequested
0000e2b1     38a (0000e280)     _runModel
0000e2ba     38a (0000e280)     _MW_SCI_PTR

0000e2c0     38b (0000e2c0)     _MW_InterruptDisableLock

00047000    11c0 (00047000)     _Emif1Regs

00047800    11e0 (00047800)     _Emif2Regs

00048000    1200 (00048000)     _CanaRegs

0004a000    1280 (0004a000)     _CanbRegs

00050000    1400 (00050000)     _IpcRegs
00050024    1400 (00050000)     _FlashPumpSemaphoreRegs

0005d000    1740 (0005d000)     _DevCfgRegs

0005d180    1746 (0005d180)     _AnalogSubsysRegs

0005d200    1748 (0005d200)     _ClkCfgRegs

0005d300    174c (0005d300)     _CpuSysRegs

0005e608    1798 (0005e600)     _RomPrefetchRegs

0005f000    17c0 (0005f000)     _DcsmZ1Regs

0005f040    17c1 (0005f040)     _DcsmZ2Regs
0005f070    17c1 (0005f040)     _DcsmCommonRegs

0005f400    17d0 (0005f400)     _MemCfgRegs

0005f480    17d2 (0005f480)     _Emif1ConfigRegs
0005f4a0    17d2 (0005f480)     _Emif2ConfigRegs

0005f4c0    17d3 (0005f4c0)     _AccessProtectionRegs

0005f500    17d4 (0005f500)     _MemoryErrorRegs

0005f540    17d5 (0005f540)     _RomWaitStateRegs

0005f800    17e0 (0005f800)     _Flash0CtrlRegs

0005fb00    17ec (0005fb00)     _Flash0EccRegs

00083e14    20f8 (00083e00)     _PieVectTableInit

00084060    2101 (00084040)     _adc_meas_M


GLOBAL SYMBOLS: SORTED ALPHABETICALLY BY Name 

page  address   name                                            
----  -------   ----                                            
0     00080078  .text                                           
0     00083cb0  C$$EXIT                                         
0     00080def  _ADCA1_ISR                                      
0     0008106f  _ADCA2_ISR                                      
0     00081079  _ADCA3_ISR                                      
0     00081083  _ADCA4_ISR                                      
0     00081065  _ADCA_EVT_ISR                                   
0     00080df9  _ADCB1_ISR                                      
0     00081097  _ADCB2_ISR                                      
0     000810a1  _ADCB3_ISR                                      
0     000810ab  _ADCB4_ISR                                      
0     0008108d  _ADCB_EVT_ISR                                   
0     00080e03  _ADCC1_ISR                                      
0     000811ff  _ADCC2_ISR                                      
0     00081209  _ADCC3_ISR                                      
0     00081213  _ADCC4_ISR                                      
0     000811f5  _ADCC_EVT_ISR                                   
0     00080e21  _ADCD1_ISR                                      
0     00081227  _ADCD2_ISR                                      
0     00081231  _ADCD3_ISR                                      
0     0008123b  _ADCD4_ISR                                      
0     0008121d  _ADCD_EVT_ISR                                   
0     00081277  _AUX_PLL_SLIP_ISR                               
1     0005f4c0  _AccessProtectionRegs                           
0     00083514  _AdcSetMode                                     
1     00007400  _AdcaRegs                                       
1     00000b00  _AdcaResultRegs                                 
1     00007480  _AdcbRegs                                       
1     00000b20  _AdcbResultRegs                                 
1     00007500  _AdccRegs                                       
1     00000b40  _AdccResultRegs                                 
1     00007580  _AdcdRegs                                       
1     00000b60  _AdcdResultRegs                                 
1     0005d180  _AnalogSubsysRegs                               
0     000816ef  _AuxAuxClkSel                                   
0     000816d9  _AuxIntOsc2Sel                                  
0     000816e3  _AuxXtalOscSel                                  
0     000838cd  _BytePacker16bits                               
0     000838a7  _BytePacker32bits                               
0     00083884  _BytePackerInplace32bits                        
0     0008103d  _CANA0_ISR                                      
0     00081047  _CANA1_ISR                                      
0     00081051  _CANB0_ISR                                      
0     0008105b  _CANB1_ISR                                      
0     000810b5  _CLA1_1_ISR                                     
0     000810bf  _CLA1_2_ISR                                     
0     000810c9  _CLA1_3_ISR                                     
0     000810d3  _CLA1_4_ISR                                     
0     000810dd  _CLA1_5_ISR                                     
0     000810e7  _CLA1_6_ISR                                     
0     000810f1  _CLA1_7_ISR                                     
0     000810fb  _CLA1_8_ISR                                     
0     00081281  _CLA_OVERFLOW_ISR                               
0     0008128b  _CLA_UNDERFLOW_ISR                              
0     00083604  _CPU02toCPU01IPC0IntHandler                     
0     000835ca  _CalAdcINL                                      
1     00048000  _CanaRegs                                       
1     0004a000  _CanbRegs                                       
1     00001400  _Cla1Regs                                       
1     00003200  _Clb1DataExchRegs                               
1     00003000  _Clb1LogicCfgRegs                               
1     00003100  _Clb1LogicCtrlRegs                              
1     00003600  _Clb2DataExchRegs                               
1     00003400  _Clb2LogicCfgRegs                               
1     00003500  _Clb2LogicCtrlRegs                              
1     00003a00  _Clb3DataExchRegs                               
1     00003800  _Clb3LogicCfgRegs                               
1     00003900  _Clb3LogicCtrlRegs                              
1     00003e00  _Clb4DataExchRegs                               
1     00003c00  _Clb4LogicCfgRegs                               
1     00003d00  _Clb4LogicCtrlRegs                              
1     00007a40  _ClbXbarRegs                                    
1     0005d200  _ClkCfgRegs                                     
1     00005c80  _Cmpss1Regs                                     
1     00005ca0  _Cmpss2Regs                                     
1     00005cc0  _Cmpss3Regs                                     
1     00005ce0  _Cmpss4Regs                                     
1     00005d00  _Cmpss5Regs                                     
1     00005d20  _Cmpss6Regs                                     
1     00005d40  _Cmpss7Regs                                     
1     00005d60  _Cmpss8Regs                                     
0     00083a9f  _ConfigCpuTimer                                 
0     00081743  _ConfigureTMXAnalogTrim                         
1     0005d300  _CpuSysRegs                                     
1     0000e226  _CpuTimer0                                      
1     00000c00  _CpuTimer0Regs                                  
1     0000e22e  _CpuTimer1                                      
1     00000c08  _CpuTimer1Regs                                  
1     0000e236  _CpuTimer2                                      
1     00000c10  _CpuTimer2Regs                                  
0     00081684  _CsmUnlock                                      
0     00080d45  _DATALOG_ISR                                    
0     00080f89  _DMA_CH1_ISR                                    
0     00080f93  _DMA_CH2_ISR                                    
0     00080f9d  _DMA_CH3_ISR                                    
0     00080fa7  _DMA_CH4_ISR                                    
0     00080fb1  _DMA_CH5_ISR                                    
0     00080fbb  _DMA_CH6_ISR                                    
1     00005c00  _DacaRegs                                       
1     00005c10  _DacbRegs                                       
1     00005c20  _DaccRegs                                       
1     0005f070  _DcsmCommonRegs                                 
1     0005f000  _DcsmZ1Regs                                     
1     0005f040  _DcsmZ2Regs                                     
0     0008253b  _DelayLoop                                      
1     0005d000  _DevCfgRegs                                     
0     00081399  _DisableDog                                     
0     0008135a  _DisablePeripheralClocks                        
1     00007980  _DmaClaSrcSelRegs                               
1     00001000  _DmaRegs                                        
0     00080edf  _ECAP1_ISR                                      
0     00080ee9  _ECAP2_ISR                                      
0     00080ef3  _ECAP3_ISR                                      
0     00080efd  _ECAP4_ISR                                      
0     00080f07  _ECAP5_ISR                                      
0     00080f11  _ECAP6_ISR                                      
1     00005000  _ECap1Regs                                      
1     00005020  _ECap2Regs                                      
1     00005040  _ECap3Regs                                      
1     00005060  _ECap4Regs                                      
1     00005080  _ECap5Regs                                      
1     000050a0  _ECap6Regs                                      
0     00081245  _EMIF_ERROR_ISR                                 
0     0008129f  _EMPTY_ISR                                      
0     00080d59  _EMU_ISR                                        
0     0008119b  _EPWM10_ISR                                     
0     00081173  _EPWM10_TZ_ISR                                  
0     000811a5  _EPWM11_ISR                                     
0     0008117d  _EPWM11_TZ_ISR                                  
0     000811af  _EPWM12_ISR                                     
0     00081187  _EPWM12_TZ_ISR                                  
0     00080e8f  _EPWM1_ISR                                      
0     00080e3f  _EPWM1_TZ_ISR                                   
0     00080e99  _EPWM2_ISR                                      
0     00080e49  _EPWM2_TZ_ISR                                   
0     00080ea3  _EPWM3_ISR                                      
0     00080e53  _EPWM3_TZ_ISR                                   
0     00080ead  _EPWM4_ISR                                      
0     00080e5d  _EPWM4_TZ_ISR                                   
0     00080eb7  _EPWM5_ISR                                      
0     00080e67  _EPWM5_TZ_ISR                                   
0     00080ec1  _EPWM6_ISR                                      
0     00080e71  _EPWM6_TZ_ISR                                   
0     00080ecb  _EPWM7_ISR                                      
0     00080e7b  _EPWM7_TZ_ISR                                   
0     00080ed5  _EPWM8_ISR                                      
0     00080e85  _EPWM8_TZ_ISR                                   
0     00081191  _EPWM9_ISR                                      
0     00081169  _EPWM9_TZ_ISR                                   
1     00004900  _EPwm10Regs                                     
1     00004a00  _EPwm11Regs                                     
1     00004b00  _EPwm12Regs                                     
1     00004000  _EPwm1Regs                                      
1     00004100  _EPwm2Regs                                      
1     00004200  _EPwm3Regs                                      
1     00004300  _EPwm4Regs                                      
1     00004400  _EPwm5Regs                                      
1     00004500  _EPwm6Regs                                      
1     00004600  _EPwm7Regs                                      
1     00004700  _EPwm8Regs                                      
1     00004800  _EPwm9Regs                                      
1     00007a00  _EPwmXbarRegs                                   
0     00080f1b  _EQEP1_ISR                                      
0     00080f25  _EQEP2_ISR                                      
0     00080f2f  _EQEP3_ISR                                      
1     00005100  _EQep1Regs                                      
1     00005140  _EQep2Regs                                      
1     00005180  _EQep3Regs                                      
1     0005f480  _Emif1ConfigRegs                                
1     00047000  _Emif1Regs                                      
1     0005f4a0  _Emif2ConfigRegs                                
1     00047800  _Emif2Regs                                      
0     00083cf8  _EnableInterrupts                               
1     0000e290  _ErrorFlag                                      
0     000080ab  _F28x_usDelay                                   
0     00081259  _FLASH_CORRECTABLE_ERROR_ISR                    
0     0008112d  _FPU_OVERFLOW_ISR                               
0     00081137  _FPU_UNDERFLOW_ISR                              
1     0005f800  _Flash0CtrlRegs                                 
1     0005fb00  _Flash0EccRegs                                  
0     0000809d  _FlashOff                                       
1     00050024  _FlashPumpSemaphoreRegs                         
0     0008273b  _GPIO_EnableUnbondedIOPullups                   
0     00082716  _GPIO_EnableUnbondedIOPullupsFor100Pin          
0     000826fd  _GPIO_EnableUnbondedIOPullupsFor176Pin          
0     00082751  _GPIO_ReadPin                                   
0     000826a2  _GPIO_SetupLock                                 
0     00082582  _GPIO_SetupPinMux                               
0     0008260e  _GPIO_SetupPinOptions                           
0     000826cb  _GPIO_SetupXINT1Gpio                            
0     000826d5  _GPIO_SetupXINT2Gpio                            
0     000826df  _GPIO_SetupXINT3Gpio                            
0     000826e9  _GPIO_SetupXINT4Gpio                            
0     000826f3  _GPIO_SetupXINT5Gpio                            
0     00083c8b  _GPIO_TogglePin                                 
0     00082768  _GPIO_WritePin                                  
1     0000e15f  _GPIO_oneTimeInit                               
1     00007c00  _GpioCtrlRegs                                   
1     00007f00  _GpioDataRegs                                   
0     0008170d  _HALT                                           
0     00081726  _HIB                                            
0     00080fcf  _I2CA_FIFO_ISR                                  
0     00080fc5  _I2CA_ISR                                       
0     00080fe3  _I2CB_FIFO_ISR                                  
0     00080fd9  _I2CB_ISR                                       
1     00007300  _I2caRegs                                       
1     00007340  _I2cbRegs                                       
0     000816f9  _IDLE                                           
0     00080d6d  _ILLEGAL_ISR                                    
0     00081141  _IPC0_ISR                                       
0     0008114b  _IPC1_ISR                                       
0     00081155  _IPC2_ISR                                       
0     0008115f  _IPC3_ISR                                       
0     000822fa  _IPCLiteLtoRClearBits                           
0     00082324  _IPCLiteLtoRClearBits_Protected                 
0     00082283  _IPCLiteLtoRDataRead                            
0     0008234e  _IPCLiteLtoRDataWrite                           
0     00082373  _IPCLiteLtoRDataWrite_Protected                 
0     00082398  _IPCLiteLtoRFunctionCall                        
0     00082268  _IPCLiteLtoRGetResult                           
0     000822a6  _IPCLiteLtoRSetBits                             
0     000822d0  _IPCLiteLtoRSetBits_Protected                   
0     000823b4  _IPCLiteReqMemAccess                            
0     0008245e  _IPCLiteRtoLClearBits                           
0     0008248e  _IPCLiteRtoLClearBits_Protected                 
0     000823d8  _IPCLiteRtoLDataRead                            
0     000824c1  _IPCLiteRtoLDataWrite                           
0     000824ee  _IPCLiteRtoLDataWrite_Protected                 
0     0008251e  _IPCLiteRtoLFunctionCall                        
0     000823ff  _IPCLiteRtoLSetBits                             
0     0008242d  _IPCLiteRtoLSetBits_Protected                   
0     00083c63  _InitAdcC                                       
0     00081595  _InitAuxPll                                     
0     00083a5e  _InitCpuTimers                                  
0     00008074  _InitFlash                                      
0     00082542  _InitGpio                                       
0     000812d6  _InitPeripheralClocks                           
0     00083cd9  _InitPieCtrl                                    
0     00083d01  _InitPieVectTable                               
0     000812b6  _InitSysCtrl                                    
0     000813a7  _InitSysPll                                     
1     00007900  _InputXbarRegs                                  
1     00050000  _IpcRegs                                        
1     0000e2ae  _IsrOverrun                                     
0     00080f61  _MCBSPA_RX_ISR                                  
0     00080f6b  _MCBSPA_TX_ISR                                  
0     00080f75  _MCBSPB_RX_ISR                                  
0     00080f7f  _MCBSPB_TX_ISR                                  
1     0000e2c0  _MW_InterruptDisableLock                        
0     00083e13  _MW_RamfuncsLoadEnd                             
abs   0000003f  _MW_RamfuncsLoadSize                            
0     00083dd4  _MW_RamfuncsLoadStart                           
0     000080b3  _MW_RamfuncsRunEnd                              
abs   0000003f  _MW_RamfuncsRunSize                             
0     00008074  _MW_RamfuncsRunStart                            
1     0000e2ba  _MW_SCI_PTR                                     
1     0000e201  _MW_adcCInitFlag                                
1     00006000  _McbspaRegs                                     
1     00006040  _McbspbRegs                                     
1     0005f400  _MemCfgRegs                                     
1     0005f500  _MemoryErrorRegs                                
0     00080d63  _NMI_ISR                                        
0     000812ac  _NOTUSED_ISR                                    
1     00007060  _NmiIntruptRegs                                 
0     00083c80  _OneTimeGpioInit                                
1     00007a80  _OutputXbarRegs                                 
0     00081295  _PIE_RESERVED_ISR                               
1     00000ce0  _PieCtrlRegs                                    
1     00000d00  _PieVectTable                                   
0     00083e14  _PieVectTableInit                               
0     00081263  _RAM_ACCESS_VIOLATION_ISR                       
0     0008124f  _RAM_CORRECTABLE_ERROR_ISR                      
0     00080d4f  _RTOS_ISR                                       
0     00080078  _RamfuncsLoadEnd                                
abs   00000074  _RamfuncsLoadSize                               
0     00080004  _RamfuncsLoadStart                              
0     00008074  _RamfuncsRunEnd                                 
abs   00000074  _RamfuncsRunSize                                
0     00008000  _RamfuncsRunStart                               
0     00081381  _ReleaseFlashPump                               
1     0005e608  _RomPrefetchRegs                                
1     0005f540  _RomWaitStateRegs                               
0     00081015  _SCIA_RX_ISR                                    
0     0008101f  _SCIA_TX_ISR                                    
0     00081029  _SCIB_RX_ISR                                    
0     00081033  _SCIB_TX_ISR                                    
0     00080fed  _SCIC_RX_ISR                                    
0     00080ff7  _SCIC_TX_ISR                                    
0     00081001  _SCID_RX_ISR                                    
0     0008100b  _SCID_TX_ISR                                    
0     00008000  _SCIRXINT_isr                                   
0     000811b9  _SD1_ISR                                        
0     000811c3  _SD2_ISR                                        
0     00080f39  _SPIA_RX_ISR                                    
0     00080f43  _SPIA_TX_ISR                                    
0     00080f4d  _SPIB_RX_ISR                                    
0     00080f57  _SPIB_TX_ISR                                    
0     000811cd  _SPIC_RX_ISR                                    
0     000811d7  _SPIC_TX_ISR                                    
0     00081702  _STANDBY                                        
0     0008126d  _SYS_PLL_SLIP_ISR                               
1     00007200  _SciaRegs                                       
1     00007210  _ScibRegs                                       
1     00007220  _ScicRegs                                       
1     00007230  _ScidRegs                                       
1     00005e00  _Sdfm1Regs                                      
1     00005e80  _Sdfm2Regs                                      
0     00081372  _SeizeFlashPump                                 
0     0008138b  _ServiceDog                                     
0     00083ca2  _Set_GPIOPin                                    
1     00006100  _SpiaRegs                                       
1     00006110  _SpibRegs                                       
1     00006120  _SpicRegs                                       
1     00007940  _SyncSocRegs                                    
0     000080af  _SysCtl_delay                                   
0     000816a5  _SysIntOsc1Sel                                  
0     000816b5  _SysIntOsc2Sel                                  
0     000816c9  _SysXtalOscSel                                  
0     00080e2b  _TIMER0_ISR                                     
0     00080d31  _TIMER1_ISR                                     
0     00080d3b  _TIMER2_ISR                                     
0     00083bff  _TINT0_isr                                      
0     000811e1  _UPPA_ISR                                       
0     000811eb  _USBA_ISR                                       
0     00080dd1  _USER10_ISR                                     
0     00080ddb  _USER11_ISR                                     
0     00080de5  _USER12_ISR                                     
0     00080d77  _USER1_ISR                                      
0     00080d81  _USER2_ISR                                      
0     00080d8b  _USER3_ISR                                      
0     00080d95  _USER4_ISR                                      
0     00080d9f  _USER5_ISR                                      
0     00080da9  _USER6_ISR                                      
0     00080db3  _USER7_ISR                                      
0     00080dbd  _USER8_ISR                                      
0     00080dc7  _USER9_ISR                                      
1     00006200  _UppRegs                                        
0     00081123  _VCU_ISR                                        
0     00080e35  _WAKE_ISR                                       
1     00007000  _WdRegs                                         
0     00080e0d  _XINT1_ISR                                      
0     00080e17  _XINT2_ISR                                      
0     00081105  _XINT3_ISR                                      
0     0008110f  _XINT4_ISR                                      
0     00081119  _XINT5_ISR                                      
1     00007920  _XbarRegs                                       
1     00007070  _XintRegs                                       
1     00000522  __STACK_END                                     
abs   00000400  __STACK_SIZE                                    
1     0000e298  ___TI_cleanup_ptr                               
1     0000e29a  ___TI_dtors_ptr                                 
1     0000e296  ___TI_enable_exit_profile_output                
abs   ffffffff  ___TI_pprof_out_hndl                            
abs   ffffffff  ___TI_prof_data_size                            
abs   ffffffff  ___TI_prof_data_start                           
abs   ffffffff  ___binit__                                      
abs   ffffffff  ___c_args__                                     
0     00084064  ___cinit__                                      
0     00083dd1  ___etext__                                      
abs   ffffffff  ___pinit__                                      
0     00080078  ___text__                                       
0     00083d87  __args_main                                     
1     0000e0fe  __lock                                          
0     00083dbe  __nop                                           
0     00083dba  __register_lock                                 
0     00083db6  __register_unlock                               
1     00000122  __stack                                         
0     00083dd0  __system_post_cinit                             
0     00083dce  __system_pre_init                               
1     0000e17e  __unlock                                        
0     00083cb0  _abort                                          
1     0000e200  _adc_meas_B                                     
1     0000e202  _adc_meas_DW                                    
0     00084060  _adc_meas_M                                     
0     000839f8  _adc_meas_initialize                            
0     000839d1  _adc_meas_step                                  
0     00083a5d  _adc_meas_terminate                             
0     00083916  _addElement                                     
0     000829b0  _c2000_flash_init                               
0     00083ba9  _c_int00                                        
0     00083c43  _config_ADCC_SOC0                               
0     00083ada  _configureTimer0                                
0     00083d27  _copy_in                                        
0     0000804b  _deleteElement                                  
0     00083b27  _disableTimer0Interrupt                         
0     00083b1d  _enableTimer0Interrupt                          
0     000833f8  _enable_interrupts_sci                          
0     00083cb2  _exit                                           
0     0008321a  _extmodeBackgroundRun                           
0     000831d4  _extmodeEvent                                   
0     00083260  _extmodeGetEventTriggerEnable                   
0     00083243  _extmodeGetFinalSimulationTime                  
0     00083128  _extmodeInit                                    
0     00083121  _extmodeParseArgs                               
0     00083222  _extmodeReset                                   
0     0008327a  _extmodeSetEventTriggerEnable                   
0     00083258  _extmodeSetFinalSimulationTime                  
0     0008323f  _extmodeSimulationComplete                      
0     0008323b  _extmodeStartRequested                          
0     00083237  _extmodeStopRequested                           
0     00083180  _extmodeWaitForHostRequest                      
0     00081cf0  _genericOutputPacketHandler                     
0     00083da1  _globalInterruptDisable                         
0     00083d99  _globalInterruptEnable                          
0     00083daa  _hardwareTimer1Init                             
0     000838f0  _initQue                                        
0     000829c9  _initSetGPIOIPC                                 
0     0008344e  _init_SCI_external_mode                         
0     0008393d  _init_board                                     
0     000838fd  _isEmpty                                        
0     00083909  _isFull                                         
0     000837e1  _main                                           
0     00083d6a  _memcpy                                         
0     00083dc7  _memset                                         
1     0000e294  _mwInitEnd                                      
1     0000e292  _mwInitStart                                    
1     0000e180  _queRx                                          
0     00083b3f  _restoreTimer0Interrupt                         
0     00083425  _rtIOStreamClose                                
0     00083407  _rtIOStreamOpen                                 
0     00083438  _rtIOStreamRecv                                 
0     0008342b  _rtIOStreamSend                                 
0     000837be  _rt_OneStep                                     
1     0000e2b1  _runModel                                       
0     000834be  _sci_rcv_external_mode                          
0     000834fc  _sci_xmit_external_mode                         
0     00082b76  _setEpwmXBARForCPU2                             
0     00082a4d  _setGPIOForCPU2                                 
0     00082aa0  _setInXBARForCPU2                               
0     00082b09  _setOutXBARForCPU2                              
1     0000e2b0  _stopRequested                                  
0     00083b18  _stopTimer0                                     
0     000837b1  _xcpCalibrationGetPacketLookup                  
0     000837ac  _xcpCalibrationInit                             
0     000837bd  _xcpCalibrationReset                            
0     000837b5  _xcpCalibrationSetPacketLookup                  
1     0000e243  _xcpClassicTriggerArmRequest                    
1     0000e244  _xcpClassicTriggerCancelRequest                 
1     0000e256  _xcpClassicTriggerDelay                         
1     0000e242  _xcpClassicTriggerDirection                     
1     0000e252  _xcpClassicTriggerDuration                      
1     0000e240  _xcpClassicTriggerEventId                       
1     0000e254  _xcpClassicTriggerHoldOff                       
1     0000e250  _xcpClassicTriggerLevel                         
1     0000e246  _xcpClassicTriggerMode                          
1     0000e24e  _xcpClassicTriggerSignalAddress                 
1     0000e241  _xcpClassicTriggerSignalAddressExtension        
1     0000e245  _xcpClassicTriggerSource                        
1     0000e247  _xcpClassicTriggerStatus                        
1     0000e2a6  _xcpCurrentSimulationTimeInTicks                
0     00080902  _xcpDaqEvent                                    
0     00080b57  _xcpDaqEventsFlush                              
0     00080d2f  _xcpDaqExtendedInit                             
0     00080d30  _xcpDaqExtendedReset                            
0     00080d0e  _xcpDaqGetCustomPoolMemoryManager               
0     000808f6  _xcpDaqGetPacketLookup                          
0     000808e6  _xcpDaqInit                                     
[...]
0     00082751  _GPIO_ReadPin                                   
0     00082768  _GPIO_WritePin                                  
0     0008296a  _xcpStandardInit                                
0     00082971  _xcpStandardGetPacketLookup                     
0     00082975  _xcpStandardSetPacketLookup                     
0     0008297d  _xcpStandardReset                               
0     00082983  _xcpStandardGetAddressFromMta                   
0     00082987  _xcpStandardSetMta                              
0     00082999  _xcpStandardGetMta                              
0     000829a5  _xcpStandardIncrementMta                        
0     000829ae  _xcpStandardExtendedInit                        
0     000829af  _xcpStandardExtendedReset                       
0     000829b0  _c2000_flash_init                               
0     000829c9  _initSetGPIOIPC                                 
0     00082a4d  _setGPIOForCPU2                                 
0     00082aa0  _setInXBARForCPU2                               
0     00082b09  _setOutXBARForCPU2                              
0     00082b76  _setEpwmXBARForCPU2                             
0     00082bd8  _xcpSxiChecksum                                 
0     00082bf3  _xcpFrameInit                                   
0     00082c0d  _xcpFrameMsgSend                                
0     00082c8b  _xcpFrameMsgRecv                                
0     00082d14  _xcpFrameCreateMsg                              
0     00082d42  _xcpFrameExtractPacket                          
0     00082db0  _xcpFrameHeaderSize                             
0     00082db2  _xcpFrameTailSize                               
0     00082db4  _xcpFrameMaxDtoSize                             
0     00082db8  _xcpFrameMaxCtoSize                             
0     00082dba  _xcpFrameRestart                                
0     00082dc1  _xcpFrameSetCtoReservedMemPoolId                
0     00082dc8  _xcpFrameReset                                  
0     00082f05  _xcpExtModeClassicTriggerInit                   
0     00082f14  _xcpExtModeClassicTriggerEnabled                
0     00082f54  _xcpExtModeClassicTriggerReset                  
0     00082f74  _xcpExtModeClassicTriggerForceEnableStatusUpdate
0     00082f93  _xcp_void_printf                                
0     0008302e  _xcpExtModeUpdateTime                           
0     00083035  _xcpExtModeGetUpdatedTimestamp                  
0     0008303c  _xcpGetTimestamp                                
0     00083053  _xcpExtModeInit                                 
0     0008307b  _xcpExtModeRunBackground                        
0     000830da  _xcpExtModeReset                                
0     00083121  _extmodeParseArgs                               
0     00083128  _extmodeInit                                    
0     00083180  _extmodeWaitForHostRequest                      
0     000831d4  _extmodeEvent                                   
0     0008321a  _extmodeBackgroundRun                           
0     00083222  _extmodeReset                                   
0     00083237  _extmodeStopRequested                           
0     0008323b  _extmodeStartRequested                          
0     0008323f  _extmodeSimulationComplete                      
0     00083243  _extmodeGetFinalSimulationTime                  
0     00083258  _extmodeSetFinalSimulationTime                  
0     00083260  _extmodeGetEventTriggerEnable                   
0     0008327a  _extmodeSetEventTriggerEnable                   
0     0008328e  _xcpDrvOpen                                     
0     000832a8  _xcpDrvIoctl                                    
0     000832bc  _xcpDrvSend                                     
0     0008332b  _xcpDrvRecv                                     
0     0008339a  _xcpDrvRecvUnknownSize                          
0     000833dd  _xcpDrvClose                                    
0     000833f8  _enable_interrupts_sci                          
0     00083407  _rtIOStreamOpen                                 
0     00083425  _rtIOStreamClose                                
0     0008342b  _rtIOStreamSend                                 
0     00083438  _rtIOStreamRecv                                 
0     0008344e  _init_SCI_external_mode                         
0     000834be  _sci_rcv_external_mode                          
0     000834fc  _sci_xmit_external_mode                         
0     00083514  _AdcSetMode                                     
0     000835ca  _CalAdcINL                                      
0     00083604  _CPU02toCPU01IPC0IntHandler                     
0     000837ac  _xcpCalibrationInit                             
0     000837b1  _xcpCalibrationGetPacketLookup                  
0     000837b5  _xcpCalibrationSetPacketLookup                  
0     000837bd  _xcpCalibrationReset                            
0     000837be  _rt_OneStep                                     
0     000837e1  _main                                           
0     00083884  _BytePackerInplace32bits                        
0     000838a7  _BytePacker32bits                               
0     000838cd  _BytePacker16bits                               
0     000838f0  _initQue                                        
0     000838fd  _isEmpty                                        
0     00083909  _isFull                                         
0     00083916  _addElement                                     
0     0008393d  _init_board                                     
0     000839d1  _adc_meas_step                                  
0     000839f8  _adc_meas_initialize                            
0     00083a5d  _adc_meas_terminate                             
0     00083a5e  _InitCpuTimers                                  
0     00083a9f  _ConfigCpuTimer                                 
0     00083ada  _configureTimer0                                
0     00083b18  _stopTimer0                                     
0     00083b1d  _enableTimer0Interrupt                          
0     00083b27  _disableTimer0Interrupt                         
0     00083b3f  _restoreTimer0Interrupt                         
0     00083b4a  _xcpFifoInit                                    
0     00083b53  _xcpFifoEnqueue                                 
0     00083b62  _xcpFifoDequeue                                 
0     00083b75  _xcpFifoEnqueueHead                             
0     00083b84  _xcpFifoSpliceHead                              
0     00083b9a  _xcpFifoEmpty                                   
0     00083ba3  _xcpFifoReset                                   
0     00083ba9  _c_int00                                        
0     00083bff  _TINT0_isr                                      
0     00083c43  _config_ADCC_SOC0                               
0     00083c63  _InitAdcC                                       
0     00083c80  _OneTimeGpioInit                                
0     00083c8b  _GPIO_TogglePin                                 
0     00083ca2  _Set_GPIOPin                                    
0     00083cb0  C$$EXIT                                         
0     00083cb0  _abort                                          
0     00083cb2  _exit                                           
0     00083cd9  _InitPieCtrl                                    
0     00083cf8  _EnableInterrupts                               
0     00083d01  _InitPieVectTable                               
0     00083d27  _copy_in                                        
0     00083d4b  _xcpExtModeParseArgs                            
0     00083d50  _xcpTransportGetInitParameters                  
0     00083d5d  _xcpGetInitParameters                           
0     00083d6a  _memcpy                                         
0     00083d87  __args_main                                     
0     00083d99  _globalInterruptEnable                          
0     00083da1  _globalInterruptDisable                         
0     00083daa  _hardwareTimer1Init                             
0     00083db6  __register_unlock                               
0     00083dba  __register_lock                                 
0     00083dbe  __nop                                           
0     00083dc7  _memset                                         
0     00083dce  __system_pre_init                               
0     00083dd0  __system_post_cinit                             
0     00083dd1  ___etext__                                      
0     00083dd1  etext                                           
0     00083dd4  _MW_RamfuncsLoadStart                           
0     00083e13  _MW_RamfuncsLoadEnd                             
0     00083e14  _PieVectTableInit                               
0     00084060  _adc_meas_M                                     
0     00084064  ___cinit__                                      
0     00084064  cinit                                           
1     00000122  __stack                                         
1     00000522  __STACK_END                                     
1     00000b00  _AdcaResultRegs                                 
1     00000b20  _AdcbResultRegs                                 
1     00000b40  _AdccResultRegs                                 
1     00000b60  _AdcdResultRegs                                 
1     00000c00  _CpuTimer0Regs                                  
1     00000c08  _CpuTimer1Regs                                  
1     00000c10  _CpuTimer2Regs                                  
1     00000ce0  _PieCtrlRegs                                    
1     00000d00  _PieVectTable                                   
1     00001000  _DmaRegs                                        
1     00001400  _Cla1Regs                                       
1     00003000  _Clb1LogicCfgRegs                               
1     00003100  _Clb1LogicCtrlRegs                              
1     00003200  _Clb1DataExchRegs                               
1     00003400  _Clb2LogicCfgRegs                               
1     00003500  _Clb2LogicCtrlRegs                              
1     00003600  _Clb2DataExchRegs                               
1     00003800  _Clb3LogicCfgRegs                               
1     00003900  _Clb3LogicCtrlRegs                              
1     00003a00  _Clb3DataExchRegs                               
1     00003c00  _Clb4LogicCfgRegs                               
1     00003d00  _Clb4LogicCtrlRegs                              
1     00003e00  _Clb4DataExchRegs                               
1     00004000  _EPwm1Regs                                      
1     00004100  _EPwm2Regs                                      
1     00004200  _EPwm3Regs                                      
1     00004300  _EPwm4Regs                                      
1     00004400  _EPwm5Regs                                      
1     00004500  _EPwm6Regs                                      
1     00004600  _EPwm7Regs                                      
1     00004700  _EPwm8Regs                                      
1     00004800  _EPwm9Regs                                      
1     00004900  _EPwm10Regs                                     
1     00004a00  _EPwm11Regs                                     
1     00004b00  _EPwm12Regs                                     
1     00005000  _ECap1Regs                                      
1     00005020  _ECap2Regs                                      
1     00005040  _ECap3Regs                                      
1     00005060  _ECap4Regs                                      
1     00005080  _ECap5Regs                                      
1     000050a0  _ECap6Regs                                      
1     00005100  _EQep1Regs                                      
1     00005140  _EQep2Regs                                      
1     00005180  _EQep3Regs                                      
1     00005c00  _DacaRegs                                       
1     00005c10  _DacbRegs                                       
1     00005c20  _DaccRegs                                       
1     00005c80  _Cmpss1Regs                                     
1     00005ca0  _Cmpss2Regs                                     
1     00005cc0  _Cmpss3Regs                                     
1     00005ce0  _Cmpss4Regs                                     
1     00005d00  _Cmpss5Regs                                     
1     00005d20  _Cmpss6Regs                                     
1     00005d40  _Cmpss7Regs                                     
1     00005d60  _Cmpss8Regs                                     
1     00005e00  _Sdfm1Regs                                      
1     00005e80  _Sdfm2Regs                                      
1     00006000  _McbspaRegs                                     
1     00006040  _McbspbRegs                                     
1     00006100  _SpiaRegs                                       
1     00006110  _SpibRegs                                       
1     00006120  _SpicRegs                                       
1     00006200  _UppRegs                                        
1     00007000  _WdRegs                                         
1     00007060  _NmiIntruptRegs                                 
1     00007070  _XintRegs                                       
1     00007200  _SciaRegs                                       
1     00007210  _ScibRegs                                       
1     00007220  _ScicRegs                                       
1     00007230  _ScidRegs                                       
1     00007300  _I2caRegs                                       
1     00007340  _I2cbRegs                                       
1     00007400  _AdcaRegs                                       
1     00007480  _AdcbRegs                                       
1     00007500  _AdccRegs                                       
1     00007580  _AdcdRegs                                       
1     00007900  _InputXbarRegs                                  
1     00007920  _XbarRegs                                       
1     00007940  _SyncSocRegs                                    
1     00007980  _DmaClaSrcSelRegs                               
1     00007a00  _EPwmXbarRegs                                   
1     00007a40  _ClbXbarRegs                                    
1     00007a80  _OutputXbarRegs                                 
1     00007c00  _GpioCtrlRegs                                   
1     00007f00  _GpioDataRegs                                   
1     0000e0fe  __lock                                          
1     0000e15f  _GPIO_oneTimeInit                               
1     0000e160  _xcpModelStartRequest                           
1     0000e161  _xcpModelStopRequest                            
1     0000e162  _xcpModelStatus                                 
1     0000e163  _xcpExtmodeSimulationComplete                   
1     0000e166  _xcpModelChecksum0                              
1     0000e168  _xcpModelChecksum1                              
1     0000e16a  _xcpModelChecksum2                              
1     0000e16c  _xcpModelChecksum3                              
1     0000e16e  _xcpModelIntegerCode                            
1     0000e170  _xcpExtmodeFinalSimulationTime                  
1     0000e172  _xcpDummyDoubleVariable                         
1     0000e17e  __unlock                                        
1     0000e180  _queRx                                          
1     0000e200  _adc_meas_B                                     
1     0000e201  _MW_adcCInitFlag                                
1     0000e202  _adc_meas_DW                                    
1     0000e226  _CpuTimer0                                      
1     0000e22e  _CpuTimer1                                      
1     0000e236  _CpuTimer2                                      
1     0000e240  _xcpClassicTriggerEventId                       
1     0000e241  _xcpClassicTriggerSignalAddressExtension        
1     0000e242  _xcpClassicTriggerDirection                     
1     0000e243  _xcpClassicTriggerArmRequest                    
1     0000e244  _xcpClassicTriggerCancelRequest                 
1     0000e245  _xcpClassicTriggerSource                        
1     0000e246  _xcpClassicTriggerMode                          
1     0000e247  _xcpClassicTriggerStatus                        
1     0000e24e  _xcpClassicTriggerSignalAddress                 
1     0000e250  _xcpClassicTriggerLevel                         
1     0000e252  _xcpClassicTriggerDuration                      
1     0000e254  _xcpClassicTriggerHoldOff                       
1     0000e256  _xcpClassicTriggerDelay                         
1     0000e290  _ErrorFlag                                      
1     0000e292  _mwInitStart                                    
1     0000e294  _mwInitEnd                                      
1     0000e296  ___TI_enable_exit_profile_output                
1     0000e298  ___TI_cleanup_ptr                               
1     0000e29a  ___TI_dtors_ptr                                 
1     0000e2a6  _xcpCurrentSimulationTimeInTicks                
1     0000e2ae  _IsrOverrun                                     
1     0000e2b0  _stopRequested                                  
1     0000e2b1  _runModel                                       
1     0000e2ba  _MW_SCI_PTR                                     
1     0000e2c0  _MW_InterruptDisableLock                        
1     00047000  _Emif1Regs                                      
1     00047800  _Emif2Regs                                      
1     00048000  _CanaRegs                                       
1     0004a000  _CanbRegs                                       
1     00050000  _IpcRegs                                        
1     00050024  _FlashPumpSemaphoreRegs                         
1     0005d000  _DevCfgRegs                                     
1     0005d180  _AnalogSubsysRegs                               
1     0005d200  _ClkCfgRegs                                     
1     0005d300  _CpuSysRegs                                     
1     0005e608  _RomPrefetchRegs                                
1     0005f000  _DcsmZ1Regs                                     
1     0005f040  _DcsmZ2Regs                                     
1     0005f070  _DcsmCommonRegs                                 
1     0005f400  _MemCfgRegs                                     
1     0005f480  _Emif1ConfigRegs                                
1     0005f4a0  _Emif2ConfigRegs                                
1     0005f4c0  _AccessProtectionRegs                           
1     0005f500  _MemoryErrorRegs                                
1     0005f540  _RomWaitStateRegs                               
1     0005f800  _Flash0CtrlRegs                                 
1     0005fb00  _Flash0EccRegs                                  
abs   0000003f  _MW_RamfuncsLoadSize                            
abs   0000003f  _MW_RamfuncsRunSize                             
abs   00000074  _RamfuncsLoadSize                               
abs   00000074  _RamfuncsRunSize                                
abs   00000400  __STACK_SIZE                                    
abs   ffffffff  ___TI_pprof_out_hndl                            
abs   ffffffff  ___TI_prof_data_size                            
abs   ffffffff  ___TI_prof_data_start                           
abs   ffffffff  ___binit__                                      
abs   ffffffff  ___c_args__                                     
abs   ffffffff  ___pinit__                                      
abs   ffffffff  binit                                           
abs   ffffffff  pinit                                           

[578 symbols]
