******************************************************************************
             TMS320C2000 Linker PC v20.2.1                     
******************************************************************************
>> Linked Fri Jul  8 13:53:55 2022

OUTPUT FILE NAME:   <../launchpad_tx.out>
ENTRY POINT SYMBOL: "_c_int00"  address: 00082f97


MEMORY CONFIGURATION

         name            origin    length      used     unused   attr    fill
----------------------  --------  ---------  --------  --------  ----  --------
PAGE 0:
  BEGIN                 00000000   00000002  00000000  00000002  RWIX
  RAMLS_PROG            00008000   00002000  000000e7  00001f19  RWIX
  BEGIN_FLASH           00080000   00000002  00000002  00000000  RWIX
  FLASHA_N              00080002   0003fffe  00003794  0003c86a  RWIX
  RESET                 003fffc0   00000002  00000000  00000002  RWIX

PAGE 1:
  BOOT_RSVD             00000002   00000120  00000000  00000120  RWIX
  RAMM0M1               00000122   000006de  00000400  000002de  RWIX
  ADCARESULT            00000b00   00000018  00000018  00000000  RWIX
  ADCBRESULT            00000b20   00000018  00000018  00000000  RWIX
  ADCCRESULT            00000b40   00000018  00000018  00000000  RWIX
  ADCDRESULT            00000b60   00000018  00000018  00000000  RWIX
  CPU_TIMER0            00000c00   00000008  00000008  00000000  RWIX
  CPU_TIMER1            00000c08   00000008  00000008  00000000  RWIX
  CPU_TIMER2            00000c10   00000008  00000008  00000000  RWIX
  PIE_CTRL              00000ce0   00000020  0000001a  00000006  RWIX
  PIE_VECT              00000d00   00000200  000001c0  00000040  RWIX
  DMA                   00001000   00000200  000000e0  00000120  RWIX
  CLA1                  00001400   00000040  0000003e  00000002  RWIX
  CLA1_MSGRAMLOW        00001480   00000080  00000000  00000080  RWIX
  CLA1_MSGRAMHIGH       00001500   00000080  00000000  00000080  RWIX
  CLB1LOGICCFG          00003000   00000052  0000003e  00000014  RWIX
  CLB1LOGICCTRL         00003100   00000040  00000040  00000000  RWIX
  CLB1DATAEXCH          00003200   00000200  00000108  000000f8  RWIX
  CLB2LOGICCFG          00003400   00000052  0000003e  00000014  RWIX
  CLB2LOGICCTRL         00003500   00000040  00000040  00000000  RWIX
  CLB2DATAEXCH          00003600   00000200  00000108  000000f8  RWIX
  CLB3LOGICCFG          00003800   00000052  0000003e  00000014  RWIX
  CLB3LOGICCTRL         00003900   00000040  00000040  00000000  RWIX
  CLB3DATAEXCH          00003a00   00000200  00000108  000000f8  RWIX
  CLB4LOGICCFG          00003c00   00000052  0000003e  00000014  RWIX
  CLB4LOGICCTRL         00003d00   00000040  00000040  00000000  RWIX
  CLB4DATAEXCH          00003e00   00000200  00000108  000000f8  RWIX
  EPWM1                 00004000   00000100  00000100  00000000  RWIX
  EPWM2                 00004100   00000100  00000100  00000000  RWIX
  EPWM3                 00004200   00000100  00000100  00000000  RWIX
  EPWM4                 00004300   00000100  00000100  00000000  RWIX
  EPWM5                 00004400   00000100  00000100  00000000  RWIX
  EPWM6                 00004500   00000100  00000100  00000000  RWIX
  EPWM7                 00004600   00000100  00000100  00000000  RWIX
  EPWM8                 00004700   00000100  00000100  00000000  RWIX
  EPWM9                 00004800   00000100  00000100  00000000  RWIX
  EPWM10                00004900   00000100  00000100  00000000  RWIX
  EPWM11                00004a00   00000100  00000100  00000000  RWIX
  EPWM12                00004b00   00000100  00000100  00000000  RWIX
  ECAP1                 00005000   00000020  0000001a  00000006  RWIX
  ECAP2                 00005020   00000020  0000001a  00000006  RWIX
  ECAP3                 00005040   00000020  0000001a  00000006  RWIX
  ECAP4                 00005060   00000020  0000001a  00000006  RWIX
  ECAP5                 00005080   00000020  0000001a  00000006  RWIX
  ECAP6                 000050a0   00000020  0000001a  00000006  RWIX
  EQEP1                 00005100   00000040  00000022  0000001e  RWIX
  EQEP2                 00005140   00000040  00000022  0000001e  RWIX
  EQEP3                 00005180   00000040  00000022  0000001e  RWIX
  DACA                  00005c00   00000010  00000007  00000009  RWIX
  DACB                  00005c10   00000010  00000007  00000009  RWIX
  DACC                  00005c20   00000010  00000007  00000009  RWIX
  CMPSS1                00005c80   00000020  0000001b  00000005  RWIX
  CMPSS2                00005ca0   00000020  0000001b  00000005  RWIX
  CMPSS3                00005cc0   00000020  0000001b  00000005  RWIX
  CMPSS4                00005ce0   00000020  0000001b  00000005  RWIX
  CMPSS5                00005d00   00000020  0000001b  00000005  RWIX
  CMPSS6                00005d20   00000020  0000001b  00000005  RWIX
  CMPSS7                00005d40   00000020  0000001b  00000005  RWIX
  CMPSS8                00005d60   00000020  0000001b  00000005  RWIX
  SDFM1                 00005e00   00000080  00000048  00000038  RWIX
  SDFM2                 00005e80   00000080  00000048  00000038  RWIX
  MCBSPA                00006000   00000040  00000024  0000001c  RWIX
  MCBSPB                00006040   00000040  00000024  0000001c  RWIX
  SPIA                  00006100   00000010  00000010  00000000  RWIX
  SPIB                  00006110   00000010  00000010  00000000  RWIX
  SPIC                  00006120   00000010  00000010  00000000  RWIX
  SPID                  00006130   00000010  00000000  00000010  RWIX
  UPP                   00006200   00000100  00000048  000000b8  RWIX
  WD                    00007000   00000040  0000002b  00000015  RWIX
  NMIINTRUPT            00007060   00000010  00000007  00000009  RWIX
  XINT                  00007070   00000010  0000000b  00000005  RWIX
  SCIA                  00007200   00000010  00000010  00000000  RWIX
  SCIB                  00007210   00000010  00000010  00000000  RWIX
  SCIC                  00007220   00000010  00000010  00000000  RWIX
  SCID                  00007230   00000010  00000010  00000000  RWIX
  I2CA                  00007300   00000040  00000022  0000001e  RWIX
  I2CB                  00007340   00000040  00000022  0000001e  RWIX
  ADCA                  00007400   00000080  0000007c  00000004  RWIX
  ADCB                  00007480   00000080  0000007c  00000004  RWIX
  ADCC                  00007500   00000080  0000007c  00000004  RWIX
  ADCD                  00007580   00000080  0000007c  00000004  RWIX
  INPUT_XBAR            00007900   00000020  00000020  00000000  RWIX
  XBAR                  00007920   00000020  0000000e  00000012  RWIX
  SYNC_SOC              00007940   00000010  00000006  0000000a  RWIX
  DMACLASRCSEL          00007980   00000040  0000001a  00000026  RWIX
  EPWM_XBAR             00007a00   00000040  00000040  00000000  RWIX
  CLB_XBAR              00007a40   00000040  00000040  00000000  RWIX
  OUTPUT_XBAR           00007a80   00000040  00000040  00000000  RWIX
  GPIOCTRL              00007c00   00000180  00000180  00000000  RWIX
  GPIODAT               00007f00   00000030  00000030  00000000  RWIX
  RAMLS_DATA            0000a000   00001000  00000000  00001000  RWIX
  RAMD0D1               0000b000   00001000  00000400  00000c00  RWIX
  RAMGS_IPCBuffCPU1     0000c000   00001000  00000000  00001000  RWIX
  RAMGS_IPCBuffCPU2     0000d000   00001000  00000000  00001000  RWIX
  RAMGS_DATA            0000e000   00007000  000001d0  00006e30  RWIX
  CPU2TOCPU1RAM         0003f800   00000400  00000000  00000400  RWIX
  CPU1TOCPU2RAM         0003fc00   00000400  00000000  00000400  RWIX
  EMIF1                 00047000   00000800  00000028  000007d8  RWIX
  EMIF2                 00047800   00000800  00000028  000007d8  RWIX
  CANA                  00048000   00000200  00000164  0000009c  RWIX
  CANB                  0004a000   00000200  00000164  0000009c  RWIX
  IPC                   00050000   00000024  00000024  00000000  RWIX
  FLASHPUMPSEMAPHORE    00050024   00000002  00000002  00000000  RWIX
  DEV_CFG               0005d000   00000180  0000012e  00000052  RWIX
  ANALOG_SUBSYS         0005d180   00000080  0000003e  00000042  RWIX
  CLK_CFG               0005d200   00000100  00000032  000000ce  RWIX
  CPU_SYS               0005d300   00000100  00000082  0000007e  RWIX
  ROMPREFETCH           0005e608   00000002  00000002  00000000  RWIX
  DCSM_Z1               0005f000   00000030  00000022  0000000e  RWIX
  DCSM_Z2               0005f040   00000030  00000022  0000000e  RWIX
  DCSM_COMMON           0005f070   00000010  00000006  0000000a  RWIX
  MEMCFG                0005f400   00000080  00000076  0000000a  RWIX
  EMIF1CONFIG           0005f480   00000020  0000000a  00000016  RWIX
  EMIF2CONFIG           0005f4a0   00000020  0000000a  00000016  RWIX
  ACCESSPROTECTION      0005f4c0   00000040  0000002e  00000012  RWIX
  MEMORYERROR           0005f500   00000040  0000003a  00000006  RWIX
  ROMWAITSTATE          0005f540   00000002  00000002  00000000  RWIX
  FLASH0_CTRL           0005f800   00000300  00000182  0000017e  RWIX
  FLASH0_ECC            0005fb00   00000040  00000028  00000018  RWIX
  DCSM_Z1_OTP           00078000   00000020  00000000  00000020  RWIX
  DCSM_Z2_OTP           00078200   00000020  00000000  00000020  RWIX


SECTION ALLOCATION MAP

 output                                  attributes/
section   page    origin      length       input sections
--------  ----  ----------  ----------   ----------------
codestart 
*          0    00080000    00000002     
                  00080000    00000002     F2837xD_CodeStartBranch.obj (codestart)

ramfuncs   0    00080004    000000a8     RUN ADDR = 00008000
                  00080004    00000062     datamodify.obj (ramfuncs)
                  00080066    00000046     rtiostream_serial_c28x_ext.obj (ramfuncs:retain)

AdcaResultRegsFile 
*          1    00000b00    00000018     UNINITIALIZED
                  00000b00    00000018     F2837xD_GlobalVariableDefs.obj (AdcaResultRegsFile)

AdcbResultRegsFile 
*          1    00000b20    00000018     UNINITIALIZED
                  00000b20    00000018     F2837xD_GlobalVariableDefs.obj (AdcbResultRegsFile)

AdccResultRegsFile 
*          1    00000b40    00000018     UNINITIALIZED
                  00000b40    00000018     F2837xD_GlobalVariableDefs.obj (AdccResultRegsFile)

AdcdResultRegsFile 
*          1    00000b60    00000018     UNINITIALIZED
                  00000b60    00000018     F2837xD_GlobalVariableDefs.obj (AdcdResultRegsFile)

CpuTimer0RegsFile 
*          1    00000c00    00000008     UNINITIALIZED
                  00000c00    00000008     F2837xD_GlobalVariableDefs.obj (CpuTimer0RegsFile)

CpuTimer1RegsFile 
*          1    00000c08    00000008     UNINITIALIZED
                  00000c08    00000008     F2837xD_GlobalVariableDefs.obj (CpuTimer1RegsFile)

CpuTimer2RegsFile 
*          1    00000c10    00000008     UNINITIALIZED
                  00000c10    00000008     F2837xD_GlobalVariableDefs.obj (CpuTimer2RegsFile)

PieCtrlRegsFile 
*          1    00000ce0    0000001a     UNINITIALIZED
                  00000ce0    0000001a     F2837xD_GlobalVariableDefs.obj (PieCtrlRegsFile)

PieVectTableFile 
*          1    00000d00    000001c0     UNINITIALIZED
                  00000d00    000001c0     F2837xD_GlobalVariableDefs.obj (PieVectTableFile)

EmuKeyVar 
*          1    00000d00    00000000     UNINITIALIZED

EmuBModeVar 
*          1    00000d00    00000000     UNINITIALIZED

FlashCallbackVar 
*          1    00000d00    00000000     UNINITIALIZED

FlashScalingVar 
*          1    00000d00    00000000     UNINITIALIZED

Cla1RegsFile 
*          1    00001400    0000003e     UNINITIALIZED
                  00001400    0000003e     F2837xD_GlobalVariableDefs.obj (Cla1RegsFile)

Clb1LogicCfgRegsFile 
*          1    00003000    0000003e     UNINITIALIZED
                  00003000    0000003e     F2837xD_GlobalVariableDefs.obj (Clb1LogicCfgRegsFile)

Clb1LogicCtrlRegsFile 
*          1    00003100    00000040     UNINITIALIZED
                  00003100    00000040     F2837xD_GlobalVariableDefs.obj (Clb1LogicCtrlRegsFile)

Clb2LogicCfgRegsFile 
*          1    00003400    0000003e     UNINITIALIZED
                  00003400    0000003e     F2837xD_GlobalVariableDefs.obj (Clb2LogicCfgRegsFile)

Clb2LogicCtrlRegsFile 
*          1    00003500    00000040     UNINITIALIZED
                  00003500    00000040     F2837xD_GlobalVariableDefs.obj (Clb2LogicCtrlRegsFile)

Clb3LogicCfgRegsFile 
*          1    00003800    0000003e     UNINITIALIZED
                  00003800    0000003e     F2837xD_GlobalVariableDefs.obj (Clb3LogicCfgRegsFile)

Clb3LogicCtrlRegsFile 
*          1    00003900    00000040     UNINITIALIZED
                  00003900    00000040     F2837xD_GlobalVariableDefs.obj (Clb3LogicCtrlRegsFile)

Clb4LogicCfgRegsFile 
*          1    00003c00    0000003e     UNINITIALIZED
                  00003c00    0000003e     F2837xD_GlobalVariableDefs.obj (Clb4LogicCfgRegsFile)

Clb4LogicCtrlRegsFile 
*          1    00003d00    00000040     UNINITIALIZED
                  00003d00    00000040     F2837xD_GlobalVariableDefs.obj (Clb4LogicCtrlRegsFile)

EPwm1RegsFile 
*          1    00004000    00000100     UNINITIALIZED
                  00004000    00000100     F2837xD_GlobalVariableDefs.obj (EPwm1RegsFile)

EPwm2RegsFile 
*          1    00004100    00000100     UNINITIALIZED
                  00004100    00000100     F2837xD_GlobalVariableDefs.obj (EPwm2RegsFile)

EPwm3RegsFile 
*          1    00004200    00000100     UNINITIALIZED
                  00004200    00000100     F2837xD_GlobalVariableDefs.obj (EPwm3RegsFile)

EPwm4RegsFile 
*          1    00004300    00000100     UNINITIALIZED
                  00004300    00000100     F2837xD_GlobalVariableDefs.obj (EPwm4RegsFile)

EPwm5RegsFile 
*          1    00004400    00000100     UNINITIALIZED
                  00004400    00000100     F2837xD_GlobalVariableDefs.obj (EPwm5RegsFile)

EPwm6RegsFile 
*          1    00004500    00000100     UNINITIALIZED
                  00004500    00000100     F2837xD_GlobalVariableDefs.obj (EPwm6RegsFile)

EPwm7RegsFile 
*          1    00004600    00000100     UNINITIALIZED
                  00004600    00000100     F2837xD_GlobalVariableDefs.obj (EPwm7RegsFile)

EPwm8RegsFile 
*          1    00004700    00000100     UNINITIALIZED
                  00004700    00000100     F2837xD_GlobalVariableDefs.obj (EPwm8RegsFile)

EPwm9RegsFile 
*          1    00004800    00000100     UNINITIALIZED
                  00004800    00000100     F2837xD_GlobalVariableDefs.obj (EPwm9RegsFile)

EPwm10RegsFile 
*          1    00004900    00000100     UNINITIALIZED
                  00004900    00000100     F2837xD_GlobalVariableDefs.obj (EPwm10RegsFile)

EPwm11RegsFile 
*          1    00004a00    00000100     UNINITIALIZED
                  00004a00    00000100     F2837xD_GlobalVariableDefs.obj (EPwm11RegsFile)

EPwm12RegsFile 
*          1    00004b00    00000100     UNINITIALIZED
                  00004b00    00000100     F2837xD_GlobalVariableDefs.obj (EPwm12RegsFile)

ECap1RegsFile 
*          1    00005000    0000001a     UNINITIALIZED
                  00005000    0000001a     F2837xD_GlobalVariableDefs.obj (ECap1RegsFile)

ECap2RegsFile 
*          1    00005020    0000001a     UNINITIALIZED
                  00005020    0000001a     F2837xD_GlobalVariableDefs.obj (ECap2RegsFile)

ECap3RegsFile 
*          1    00005040    0000001a     UNINITIALIZED
                  00005040    0000001a     F2837xD_GlobalVariableDefs.obj (ECap3RegsFile)

ECap4RegsFile 
*          1    00005060    0000001a     UNINITIALIZED
                  00005060    0000001a     F2837xD_GlobalVariableDefs.obj (ECap4RegsFile)

ECap5RegsFile 
*          1    00005080    0000001a     UNINITIALIZED
                  00005080    0000001a     F2837xD_GlobalVariableDefs.obj (ECap5RegsFile)

ECap6RegsFile 
*          1    000050a0    0000001a     UNINITIALIZED
                  000050a0    0000001a     F2837xD_GlobalVariableDefs.obj (ECap6RegsFile)

EQep1RegsFile 
*          1    00005100    00000022     UNINITIALIZED
                  00005100    00000022     F2837xD_GlobalVariableDefs.obj (EQep1RegsFile)

EQep2RegsFile 
*          1    00005140    00000022     UNINITIALIZED
                  00005140    00000022     F2837xD_GlobalVariableDefs.obj (EQep2RegsFile)

EQep3RegsFile 
*          1    00005180    00000022     UNINITIALIZED
                  00005180    00000022     F2837xD_GlobalVariableDefs.obj (EQep3RegsFile)

DacaRegsFile 
*          1    00005c00    00000007     UNINITIALIZED
                  00005c00    00000007     F2837xD_GlobalVariableDefs.obj (DacaRegsFile)

DacbRegsFile 
*          1    00005c10    00000007     UNINITIALIZED
                  00005c10    00000007     F2837xD_GlobalVariableDefs.obj (DacbRegsFile)

DaccRegsFile 
*          1    00005c20    00000007     UNINITIALIZED
                  00005c20    00000007     F2837xD_GlobalVariableDefs.obj (DaccRegsFile)

Cmpss1RegsFile 
*          1    00005c80    0000001b     UNINITIALIZED
                  00005c80    0000001b     F2837xD_GlobalVariableDefs.obj (Cmpss1RegsFile)

Cmpss2RegsFile 
*          1    00005ca0    0000001b     UNINITIALIZED
                  00005ca0    0000001b     F2837xD_GlobalVariableDefs.obj (Cmpss2RegsFile)

Cmpss3RegsFile 
*          1    00005cc0    0000001b     UNINITIALIZED
                  00005cc0    0000001b     F2837xD_GlobalVariableDefs.obj (Cmpss3RegsFile)

Cmpss4RegsFile 
*          1    00005ce0    0000001b     UNINITIALIZED
                  00005ce0    0000001b     F2837xD_GlobalVariableDefs.obj (Cmpss4RegsFile)

Cmpss5RegsFile 
*          1    00005d00    0000001b     UNINITIALIZED
                  00005d00    0000001b     F2837xD_GlobalVariableDefs.obj (Cmpss5RegsFile)

Cmpss6RegsFile 
*          1    00005d20    0000001b     UNINITIALIZED
                  00005d20    0000001b     F2837xD_GlobalVariableDefs.obj (Cmpss6RegsFile)

Cmpss7RegsFile 
*          1    00005d40    0000001b     UNINITIALIZED
                  00005d40    0000001b     F2837xD_GlobalVariableDefs.obj (Cmpss7RegsFile)

Cmpss8RegsFile 
*          1    00005d60    0000001b     UNINITIALIZED
                  00005d60    0000001b     F2837xD_GlobalVariableDefs.obj (Cmpss8RegsFile)

I2caRegsFile 
*          1    00007300    00000022     UNINITIALIZED
                  00007300    00000022     F2837xD_GlobalVariableDefs.obj (I2caRegsFile)

I2cbRegsFile 
*          1    00007340    00000022     UNINITIALIZED
                  00007340    00000022     F2837xD_GlobalVariableDefs.obj (I2cbRegsFile)

AdcaRegsFile 
*          1    00007400    0000007c     UNINITIALIZED
                  00007400    0000007c     F2837xD_GlobalVariableDefs.obj (AdcaRegsFile)

AdcbRegsFile 
*          1    00007480    0000007c     UNINITIALIZED
                  00007480    0000007c     F2837xD_GlobalVariableDefs.obj (AdcbRegsFile)

AdccRegsFile 
*          1    00007500    0000007c     UNINITIALIZED
                  00007500    0000007c     F2837xD_GlobalVariableDefs.obj (AdccRegsFile)

AdcdRegsFile 
*          1    00007580    0000007c     UNINITIALIZED
                  00007580    0000007c     F2837xD_GlobalVariableDefs.obj (AdcdRegsFile)

CanaRegsFile 
*          1    00048000    00000164     UNINITIALIZED
                  00048000    00000164     F2837xD_GlobalVariableDefs.obj (CanaRegsFile)

CanbRegsFile 
*          1    0004a000    00000164     UNINITIALIZED
                  0004a000    00000164     F2837xD_GlobalVariableDefs.obj (CanbRegsFile)

AnalogSubsysRegsFile 
*          1    0005d180    0000003e     UNINITIALIZED
                  0005d180    0000003e     F2837xD_GlobalVariableDefs.obj (AnalogSubsysRegsFile)

Cla1SoftIntRegsFile 
*          1    00000ce0    00000000     DSECT

Clb1DataExchRegsFile 
*          1    00003200    00000108     UNINITIALIZED
                  00003200    00000108     F2837xD_GlobalVariableDefs.obj (Clb1DataExchRegsFile)

Clb2DataExchRegsFile 
*          1    00003600    00000108     UNINITIALIZED
                  00003600    00000108     F2837xD_GlobalVariableDefs.obj (Clb2DataExchRegsFile)

Clb3DataExchRegsFile 
*          1    00003a00    00000108     UNINITIALIZED
                  00003a00    00000108     F2837xD_GlobalVariableDefs.obj (Clb3DataExchRegsFile)

Clb4DataExchRegsFile 
*          1    00003e00    00000108     UNINITIALIZED
                  00003e00    00000108     F2837xD_GlobalVariableDefs.obj (Clb4DataExchRegsFile)

Sdfm1RegsFile 
*          1    00005e00    00000048     UNINITIALIZED
                  00005e00    00000048     F2837xD_GlobalVariableDefs.obj (Sdfm1RegsFile)

Sdfm2RegsFile 
*          1    00005e80    00000048     UNINITIALIZED
                  00005e80    00000048     F2837xD_GlobalVariableDefs.obj (Sdfm2RegsFile)

McbspaRegsFile 
*          1    00006000    00000024     UNINITIALIZED
                  00006000    00000024     F2837xD_GlobalVariableDefs.obj (McbspaRegsFile)

McbspbRegsFile 
*          1    00006040    00000024     UNINITIALIZED
                  00006040    00000024     F2837xD_GlobalVariableDefs.obj (McbspbRegsFile)

SpiaRegsFile 
*          1    00006100    00000010     UNINITIALIZED
                  00006100    00000010     F2837xD_GlobalVariableDefs.obj (SpiaRegsFile)

SpibRegsFile 
*          1    00006110    00000010     UNINITIALIZED
                  00006110    00000010     F2837xD_GlobalVariableDefs.obj (SpibRegsFile)

SpicRegsFile 
*          1    00006120    00000010     UNINITIALIZED
                  00006120    00000010     F2837xD_GlobalVariableDefs.obj (SpicRegsFile)

UppRegsFile 
*          1    00006200    00000048     UNINITIALIZED
                  00006200    00000048     F2837xD_GlobalVariableDefs.obj (UppRegsFile)

WdRegsFile 
*          1    00007000    0000002b     UNINITIALIZED
                  00007000    0000002b     F2837xD_GlobalVariableDefs.obj (WdRegsFile)

NmiIntruptRegsFile 
*          1    00007060    00000007     UNINITIALIZED
                  00007060    00000007     F2837xD_GlobalVariableDefs.obj (NmiIntruptRegsFile)

XintRegsFile 
*          1    00007070    0000000b     UNINITIALIZED
                  00007070    0000000b     F2837xD_GlobalVariableDefs.obj (XintRegsFile)

SciaRegsFile 
*          1    00007200    00000010     UNINITIALIZED
                  00007200    00000010     F2837xD_GlobalVariableDefs.obj (SciaRegsFile)

ScibRegsFile 
*          1    00007210    00000010     UNINITIALIZED
                  00007210    00000010     F2837xD_GlobalVariableDefs.obj (ScibRegsFile)

ScicRegsFile 
*          1    00007220    00000010     UNINITIALIZED
                  00007220    00000010     F2837xD_GlobalVariableDefs.obj (ScicRegsFile)

ScidRegsFile 
*          1    00007230    00000010     UNINITIALIZED
                  00007230    00000010     F2837xD_GlobalVariableDefs.obj (ScidRegsFile)

InputXbarRegsFile 
*          1    00007900    00000020     UNINITIALIZED
                  00007900    00000020     F2837xD_GlobalVariableDefs.obj (InputXbarRegsFile)

XbarRegsFile 
*          1    00007920    0000000e     UNINITIALIZED
                  00007920    0000000e     F2837xD_GlobalVariableDefs.obj (XbarRegsFile)

SyncSocRegsFile 
*          1    00007940    00000006     UNINITIALIZED
                  00007940    00000006     F2837xD_GlobalVariableDefs.obj (SyncSocRegsFile)

EPwmXbarRegsFile 
*          1    00007a00    00000040     UNINITIALIZED
                  00007a00    00000040     F2837xD_GlobalVariableDefs.obj (EPwmXbarRegsFile)

ClbXbarRegsFile 
*          1    00007a40    00000040     UNINITIALIZED
                  00007a40    00000040     F2837xD_GlobalVariableDefs.obj (ClbXbarRegsFile)

OutputXbarRegsFile 
*          1    00007a80    00000040     UNINITIALIZED
                  00007a80    00000040     F2837xD_GlobalVariableDefs.obj (OutputXbarRegsFile)

GpioCtrlRegsFile 
*          1    00007c00    00000180     UNINITIALIZED
                  00007c00    00000180     F2837xD_GlobalVariableDefs.obj (GpioCtrlRegsFile)

GpioDataRegsFile 
*          1    00007f00    00000030     UNINITIALIZED
                  00007f00    00000030     F2837xD_GlobalVariableDefs.obj (GpioDataRegsFile)

IpcRegsFile 
*          1    00050000    00000024     UNINITIALIZED
                  00050000    00000024     F2837xD_GlobalVariableDefs.obj (IpcRegsFile)

FlashPumpSemaphoreRegsFile 
*          1    00050024    00000002     UNINITIALIZED
                  00050024    00000002     F2837xD_GlobalVariableDefs.obj (FlashPumpSemaphoreRegsFile)

RomPrefetchRegsFile 
*          1    0005e608    00000002     UNINITIALIZED
                  0005e608    00000002     F2837xD_GlobalVariableDefs.obj (RomPrefetchRegsFile)

DcsmZ1RegsFile 
*          1    0005f000    00000022     UNINITIALIZED
                  0005f000    00000022     F2837xD_GlobalVariableDefs.obj (DcsmZ1RegsFile)

DcsmZ2RegsFile 
*          1    0005f040    00000022     UNINITIALIZED
                  0005f040    00000022     F2837xD_GlobalVariableDefs.obj (DcsmZ2RegsFile)

DcsmCommonRegsFile 
*          1    0005f070    00000006     UNINITIALIZED
                  0005f070    00000006     F2837xD_GlobalVariableDefs.obj (DcsmCommonRegsFile)

DmaRegsFile 
*          1    00001000    000000e0     UNINITIALIZED
                  00001000    000000e0     F2837xD_GlobalVariableDefs.obj (DmaRegsFile)

DmaClaSrcSelRegsFile 
*          1    00007980    0000001a     UNINITIALIZED
                  00007980    0000001a     F2837xD_GlobalVariableDefs.obj (DmaClaSrcSelRegsFile)

Emif1RegsFile 
*          1    00047000    00000028     UNINITIALIZED
                  00047000    00000028     F2837xD_GlobalVariableDefs.obj (Emif1RegsFile)

Emif2RegsFile 
*          1    00047800    00000028     UNINITIALIZED
                  00047800    00000028     F2837xD_GlobalVariableDefs.obj (Emif2RegsFile)

MemCfgRegsFile 
*          1    0005f400    00000076     UNINITIALIZED
                  0005f400    00000076     F2837xD_GlobalVariableDefs.obj (MemCfgRegsFile)

Emif1ConfigRegsFile 
*          1    0005f480    0000000a     UNINITIALIZED
                  0005f480    0000000a     F2837xD_GlobalVariableDefs.obj (Emif1ConfigRegsFile)

Emif2ConfigRegsFile 
*          1    0005f4a0    0000000a     UNINITIALIZED
                  0005f4a0    0000000a     F2837xD_GlobalVariableDefs.obj (Emif2ConfigRegsFile)

AccessProtectionRegsFile 
*          1    0005f4c0    0000002e     UNINITIALIZED
                  0005f4c0    0000002e     F2837xD_GlobalVariableDefs.obj (AccessProtectionRegsFile)

MemoryErrorRegsFile 
*          1    0005f500    0000003a     UNINITIALIZED
                  0005f500    0000003a     F2837xD_GlobalVariableDefs.obj (MemoryErrorRegsFile)

RomWaitStateRegsFile 
*          1    0005f540    00000002     UNINITIALIZED
                  0005f540    00000002     F2837xD_GlobalVariableDefs.obj (RomWaitStateRegsFile)

Flash0CtrlRegsFile 
*          1    0005f800    00000182     UNINITIALIZED
                  0005f800    00000182     F2837xD_GlobalVariableDefs.obj (Flash0CtrlRegsFile)

Flash0EccRegsFile 
*          1    0005fb00    00000028     UNINITIALIZED
                  0005fb00    00000028     F2837xD_GlobalVariableDefs.obj (Flash0EccRegsFile)

DevCfgRegsFile 
*          1    0005d000    0000012e     UNINITIALIZED
                  0005d000    0000012e     F2837xD_GlobalVariableDefs.obj (DevCfgRegsFile)

ClkCfgRegsFile 
*          1    0005d200    00000032     UNINITIALIZED
                  0005d200    00000032     F2837xD_GlobalVariableDefs.obj (ClkCfgRegsFile)

CpuSysRegsFile 
*          1    0005d300    00000082     UNINITIALIZED
                  0005d300    00000082     F2837xD_GlobalVariableDefs.obj (CpuSysRegsFile)

.cinit     0    00083658    000000e4     
                  00083658    0000002f     launchpad_tx.obj (.cinit:_rtDataTypeNames)
                  00083687    0000001a     ext_svr_c2000.obj (.cinit)
                  000836a1    00000019     launchpad_tx.obj (.cinit:_rtDataTypeSizes)
                  000836ba    0000000e     launchpad_tx.obj (.cinit:_rtBTransitions)
                  000836c8    0000000e     launchpad_tx.obj (.cinit)
                  000836d6    0000000e     rts2800_fpu32.lib : exit.c.obj (.cinit)
                  000836e4    0000000d     ext_work_c2000.obj (.cinit)
                  000836f1    0000000a     c2837xDBoard_Realtime_Support.obj (.cinit)
                  000836fb    00000008     launchpad_tx.obj (.cinit:_rtPTransitions)
                  00083703    00000008     ert_main.obj (.cinit)
                  0008370b    00000007     launchpad_tx_data.obj (.cinit)
                  00083712    00000005     rts2800_fpu32.lib : _lock.c.obj (.cinit:__lock)
                  00083717    00000005                       : _lock.c.obj (.cinit:__unlock)
                  0008371c    00000005     updown_c2000.obj (.cinit:_firstTime$1)
                  00083721    00000005     rtiostream_serial_c28x_ext.obj (.cinit)
                  00083726    00000004     MW_c28xGPIO.obj (.cinit)
                  0008372a    00000004     ext_svr_c2000.obj (.cinit:_ERRMSG_PROCESSSELECTSIGNAL)
                  0008372e    00000004     ext_svr_c2000.obj (.cinit:_ERRMSG_PROCESSSELECTTRIGGER)
                  00083732    00000004     rts2800_fpu32.lib : memory.c.obj (.cinit)
                  00083736    00000004     updown_c2000.obj (.cinit)
                  0008373a    00000002     --HOLE-- [fill = 0]

.pinit     0    00080004    00000000     UNINITIALIZED

.text      0    000800ac    0000317b     
                  000800ac    0000094e     updown_c2000.obj (.text)
                  000809fa    000008a9     ext_svr_c2000.obj (.text)
                  000812a3    00000585     F2837xD_DefaultISR.obj (.text:retain)
                  00081828    000004aa     F2837xD_SysCtrl.obj (.text)
                  00081cd2    000002da     F2837xD_Ipc_Driver_Lite.obj (.text)
                  00081fac    0000028c     rts2800_fpu32.lib : memory.c.obj (.text)
                  00082238    00000244     F2837xD_Gpio.obj (.text)
                  0008247c    0000021e     c2837xDBoard_Realtime_Support.obj (.text)
                  0008269a    000001bf     rtiostream_serial_c28x_ext.obj (.text)
                  00082859    00000103     launchpad_tx.obj (.text)
                  0008295c    000000e6     c2837xDBoard_Realtime_Support.obj (.text:retain)
                  00082a42    000000d8     rtiostream_interface_c2000.obj (.text)
                  00082b1a    000000b9     datamodify.obj (.text)
                  00082bd3    000000b4     ert_main.obj (.text)
                  00082c87    000000ab     ext_work_c2000.obj (.text)
                  00082d32    00000098     MW_c28xx_board.obj (.text)
                  00082dca    0000007c     F2837xD_CpuTimers.obj (.text)
                  00082e46    0000007b     rtiostream_utils_c2000.obj (.text)
                  00082ec1    00000070     c2837xDSchedulerTimer0.obj (.text)
                  00082f31    00000066     daemon_checksum.obj (.text)
                  00082f97    00000056     rts2800_fpu32.lib : boot28.asm.obj (.text)
                  00082fed    00000051     MW_c28xx_csl.obj (.text)
                  0008303e    00000047     DSP28xx_SciUtil.obj (.text)
                  00083085    00000044     c2837xDSchedulerTimer0.obj (.text:retain)
                  000830c9    00000030     MW_c28xGPIO.obj (.text)
                  000830f9    00000029     rts2800_fpu32.lib : exit.c.obj (.text)
                  00083122    00000028     F2837xD_PieCtrl.obj (.text)
                  0008314a    00000026     F2837xD_PieVect.obj (.text)
                  00083170    00000024     rts2800_fpu32.lib : cpy_tbl.c.obj (.text)
                  00083194    00000022                       : i_div28.asm.obj (.text)
                  000831b6    0000001d                       : memcpy.c.obj (.text)
                  000831d3    00000012                       : args_main.c.obj (.text)
                  000831e5    00000011     MW_c28xGlobalInterrupts.obj (.text)
                  000831f6    0000000c     c2000HardwareTimerConfig.obj (.text)
                  00083202    0000000a     rts2800_fpu32.lib : strcmp.c.obj (.text)
                  0008320c    00000009                       : _lock.c.obj (.text)
                  00083215    00000008     F2837xD_CodeStartBranch.obj (.text)
                  0008321d    00000007     rts2800_fpu32.lib : memset.c.obj (.text)
                  00083224    00000002                       : pre_init.c.obj (.text)
                  00083226    00000001                       : startup.c.obj (.text)

.TI.ramfunc 
*          0    00083228    0000003f     RUN ADDR = 000080a8
                  00083228    00000037     F2837xD_SysCtrl.obj (.TI.ramfunc)
                  0008325f    00000004     F2837xD_usDelay.obj (.TI.ramfunc)
                  00083263    00000004     sysctl.obj (.TI.ramfunc)

.econst    0    00083268    000003ee     
                  00083268    000001c0     F2837xD_PieVect.obj (.econst:_PieVectTableInit)
                  00083428    00000100     daemon_checksum.obj (.econst:_crc8_table_j1850)
                  00083528    000000dc     launchpad_tx.obj (.econst:.string)
                  00083604    0000003b     ext_svr_c2000.obj (.econst:.string)
                  0008363f    00000001     --HOLE-- [fill = 0]
                  00083640    00000010     rtiostream_interface_c2000.obj (.econst:.string)
                  00083650    00000004     launchpad_tx.obj (.econst)
                  00083654    00000002     ext_work_c2000.obj (.econst)

.switch    0    0008373c    00000060     
                  0008373c    00000024     c2837xDBoard_Realtime_Support.obj (.switch:_CPU02toCPU01IPC0IntHandler)
                  00083760    00000020     ext_svr_c2000.obj (.switch:_rt_PktServerWork)
                  00083780    0000001c     c2837xDBoard_Realtime_Support.obj (.switch:_setInXBARForCPU2)

.stack     1    00000122    00000400     UNINITIALIZED
                  00000122    00000400     --HOLE--

.reset     0    003fffc0    00000002     DSECT
                  003fffc0    00000002     rts2800_fpu32.lib : boot28.asm.obj (.reset)

.esysmem   1    0000b000    00000400     UNINITIALIZED
                  0000b000    00000004     rts2800_fpu32.lib : memory.c.obj (.esysmem)
                  0000b004    000003fc     --HOLE--

GETBUFFER 
*          0    0003f800    00000000     DSECT

GETWRITEIDX 
*          0    0003f800    00000000     DSECT

PUTREADIDX 
*          0    0003f800    00000000     DSECT

WRITEFLAG1CPU2 
*          0    0003f800    00000000     DSECT

WRITEFLAG2CPU2 
*          0    0003f800    00000000     DSECT

READFLAG1CPU2 
*          0    0003f800    00000000     DSECT

READFLAG2CPU2 
*          0    0003f800    00000000     DSECT

.ebss      1    0000e000    000001d0     UNINITIALIZED
                  0000e000    00000058     updown_c2000.obj (.ebss:_uploadInfoArray)
                  0000e058    00000020     rtiostream_serial_c28x_ext.obj (.ebss:_srcSerial)
                  0000e078    00000006     launchpad_tx.obj (.ebss:_rtPTransitions)
                  0000e07e    00000002     rts2800_fpu32.lib : _lock.c.obj (.ebss:__lock)
                  0000e080    00000058     launchpad_tx.obj (.ebss)
                  0000e0d8    00000018     F2837xD_CpuTimers.obj (.ebss)
                  0000e0f0    0000000e     ext_svr_c2000.obj (.ebss)
                  0000e0fe    00000002     rts2800_fpu32.lib : _lock.c.obj (.ebss:__unlock)
                  0000e100    00000042     datamodify.obj (.ebss)
                  0000e142    0000002c     launchpad_tx.obj (.ebss:_rtDataTypeNames)
                  0000e16e    0000000c     launchpad_tx.obj (.ebss:_rtBTransitions)
                  0000e17a    00000006     c2837xDBoard_Realtime_Support.obj (.ebss)
                  0000e180    00000016     launchpad_tx.obj (.ebss:_rtDataTypeSizes)
                  0000e196    0000000a     ext_svr_c2000.obj (.ebss:_bufr$1)
                  0000e1a0    0000000a     ext_svr_c2000.obj (.ebss:_chunkBuffer)
                  0000e1aa    00000006     rts2800_fpu32.lib : exit.c.obj (.ebss)
                  0000e1b0    00000004     launchpad_tx.obj (.ebss:_systemRan$3)
                  0000e1b4    00000004     ert_main.obj (.ebss)
                  0000e1b8    00000004     ext_work_c2000.obj (.ebss)
                  0000e1bc    00000004     launchpad_tx_data.obj (.ebss)
                  0000e1c0    00000004     rts2800_fpu32.lib : memory.c.obj (.ebss)
                  0000e1c4    00000002     updown_c2000.obj (.ebss:_firstTime$1)
                  0000e1c6    00000002     rtiostream_interface_c2000.obj (.ebss)
                  0000e1c8    00000002     rtiostream_serial_c28x_ext.obj (.ebss)
                  0000e1ca    00000001     MW_c28xGPIO.obj (.ebss)
                  0000e1cb    00000001     MW_c28xGlobalInterrupts.obj (.ebss)
                  0000e1cc    00000001     MW_c28xx_csl.obj (.ebss)
                  0000e1cd    00000001     ext_svr_c2000.obj (.ebss:_ERRMSG_PROCESSSELECTSIGNAL)
                  0000e1ce    00000001     ext_svr_c2000.obj (.ebss:_ERRMSG_PROCESSSELECTTRIGGER)
                  0000e1cf    00000001     updown_c2000.obj (.ebss)

MODULE SUMMARY

       Module                              code    initialized data   uninitialized data
       ------                              ----    ----------------   ------------------
    <current directory>
       F2837xD_GlobalVariableDefs.obj      0       0                  9854              
       updown_c2000.obj                    2382    9                  91                
       ext_svr_c2000.obj                   2217    125                36                
       F2837xD_DefaultISR.obj              1413    0                  0                 
       F2837xD_SysCtrl.obj                 1304    0                  0                 
       c2837xDBoard_Realtime_Support.obj   772     74                 6                 
       launchpad_tx.obj                    259     332                176               
       F2837xD_Ipc_Driver_Lite.obj         730     0                  0                 
       rtiostream_serial_c28x_ext.obj      587     5                  34                
       F2837xD_Gpio.obj                    580     0                  0                 
       F2837xD_PieVect.obj                 38      448                0                 
       datamodify.obj                      381     0                  66                
       daemon_checksum.obj                 102     256                0                 
       rtiostream_interface_c2000.obj      216     16                 2                 
       ert_main.obj                        180     8                  4                 
       ext_work_c2000.obj                  171     15                 4                 
       c2837xDSchedulerTimer0.obj          180     0                  0                 
       MW_c28xx_board.obj                  152     0                  0                 
       F2837xD_CpuTimers.obj               124     0                  24                
       rtiostream_utils_c2000.obj          123     0                  0                 
       MW_c28xx_csl.obj                    81      0                  1                 
       DSP28xx_SciUtil.obj                 71      0                  0                 
       MW_c28xGPIO.obj                     48      4                  1                 
       F2837xD_PieCtrl.obj                 40      0                  0                 
       MW_c28xGlobalInterrupts.obj         17      0                  1                 
       c2000HardwareTimerConfig.obj        12      0                  0                 
       launchpad_tx_data.obj               0       7                  4                 
       F2837xD_CodeStartBranch.obj         10      0                  0                 
       F2837xD_usDelay.obj                 8       0                  0                 
       sysctl.obj                          8       0                  0                 
    +--+-----------------------------------+-------+------------------+--------------------+
       Total:                              12206   1299               10304             
                                                                                        
    C:/PROGRA~3/MATLAB/SUPPOR~1/3P778C~1.INS/TIC28X~1.INS/TI-CGT~1.LTS/lib/rts2800_fpu32.lib
       memory.c.obj                        652     4                  4                 
       boot28.asm.obj                      86      0                  0                 
       exit.c.obj                          41      14                 6                 
       cpy_tbl.c.obj                       36      0                  0                 
       i_div28.asm.obj                     34      0                  0                 
       memcpy.c.obj                        29      0                  0                 
       _lock.c.obj                         9       10                 4                 
       args_main.c.obj                     18      0                  0                 
       strcmp.c.obj                        10      0                  0                 
       memset.c.obj                        7       0                  0                 
       pre_init.c.obj                      2       0                  0                 
       startup.c.obj                       1       0                  0                 
    +--+-----------------------------------+-------+------------------+--------------------+
       Total:                              925     28                 14                
                                                                                        
       Heap:                               0       0                  1024              
       Stack:                              0       0                  1024              
    +--+-----------------------------------+-------+------------------+--------------------+
       Grand Total:                        13131   1327               12366             


GLOBAL DATA SYMBOLS: SORTED BY DATA PAGE

address     data page           name
--------    ----------------    ----
00000122       4 (00000100)     __stack

00000b00      2c (00000b00)     _AdcaResultRegs
00000b20      2c (00000b00)     _AdcbResultRegs

00000b40      2d (00000b40)     _AdccResultRegs
00000b60      2d (00000b40)     _AdcdResultRegs

00000c00      30 (00000c00)     _CpuTimer0Regs
00000c08      30 (00000c00)     _CpuTimer1Regs
00000c10      30 (00000c00)     _CpuTimer2Regs

00000ce0      33 (00000cc0)     _PieCtrlRegs

00000d00      34 (00000d00)     _PieVectTable

00001000      40 (00001000)     _DmaRegs

00001400      50 (00001400)     _Cla1Regs

00003000      c0 (00003000)     _Clb1LogicCfgRegs

00003100      c4 (00003100)     _Clb1LogicCtrlRegs

00003200      c8 (00003200)     _Clb1DataExchRegs

00003400      d0 (00003400)     _Clb2LogicCfgRegs

00003500      d4 (00003500)     _Clb2LogicCtrlRegs

00003600      d8 (00003600)     _Clb2DataExchRegs

00003800      e0 (00003800)     _Clb3LogicCfgRegs

00003900      e4 (00003900)     _Clb3LogicCtrlRegs

00003a00      e8 (00003a00)     _Clb3DataExchRegs

00003c00      f0 (00003c00)     _Clb4LogicCfgRegs

00003d00      f4 (00003d00)     _Clb4LogicCtrlRegs

00003e00      f8 (00003e00)     _Clb4DataExchRegs

00004000     100 (00004000)     _EPwm1Regs

00004100     104 (00004100)     _EPwm2Regs

00004200     108 (00004200)     _EPwm3Regs

00004300     10c (00004300)     _EPwm4Regs

00004400     110 (00004400)     _EPwm5Regs

00004500     114 (00004500)     _EPwm6Regs

00004600     118 (00004600)     _EPwm7Regs

00004700     11c (00004700)     _EPwm8Regs

00004800     120 (00004800)     _EPwm9Regs

00004900     124 (00004900)     _EPwm10Regs

00004a00     128 (00004a00)     _EPwm11Regs

00004b00     12c (00004b00)     _EPwm12Regs

00005000     140 (00005000)     _ECap1Regs
00005020     140 (00005000)     _ECap2Regs

00005040     141 (00005040)     _ECap3Regs
00005060     141 (00005040)     _ECap4Regs

00005080     142 (00005080)     _ECap5Regs
000050a0     142 (00005080)     _ECap6Regs

00005100     144 (00005100)     _EQep1Regs

00005140     145 (00005140)     _EQep2Regs

00005180     146 (00005180)     _EQep3Regs

00005c00     170 (00005c00)     _DacaRegs
00005c10     170 (00005c00)     _DacbRegs
00005c20     170 (00005c00)     _DaccRegs

00005c80     172 (00005c80)     _Cmpss1Regs
00005ca0     172 (00005c80)     _Cmpss2Regs

00005cc0     173 (00005cc0)     _Cmpss3Regs
00005ce0     173 (00005cc0)     _Cmpss4Regs

00005d00     174 (00005d00)     _Cmpss5Regs
00005d20     174 (00005d00)     _Cmpss6Regs

00005d40     175 (00005d40)     _Cmpss7Regs
00005d60     175 (00005d40)     _Cmpss8Regs

00005e00     178 (00005e00)     _Sdfm1Regs

00005e80     17a (00005e80)     _Sdfm2Regs

00006000     180 (00006000)     _McbspaRegs

00006040     181 (00006040)     _McbspbRegs

00006100     184 (00006100)     _SpiaRegs
00006110     184 (00006100)     _SpibRegs
00006120     184 (00006100)     _SpicRegs

00006200     188 (00006200)     _UppRegs

00007000     1c0 (00007000)     _WdRegs

00007060     1c1 (00007040)     _NmiIntruptRegs
00007070     1c1 (00007040)     _XintRegs

00007200     1c8 (00007200)     _SciaRegs
00007210     1c8 (00007200)     _ScibRegs
00007220     1c8 (00007200)     _ScicRegs
00007230     1c8 (00007200)     _ScidRegs

00007300     1cc (00007300)     _I2caRegs

00007340     1cd (00007340)     _I2cbRegs

00007400     1d0 (00007400)     _AdcaRegs

00007480     1d2 (00007480)     _AdcbRegs

00007500     1d4 (00007500)     _AdccRegs

00007580     1d6 (00007580)     _AdcdRegs

00007900     1e4 (00007900)     _InputXbarRegs
00007920     1e4 (00007900)     _XbarRegs

00007940     1e5 (00007940)     _SyncSocRegs

00007980     1e6 (00007980)     _DmaClaSrcSelRegs

00007a00     1e8 (00007a00)     _EPwmXbarRegs

00007a40     1e9 (00007a40)     _ClbXbarRegs

00007a80     1ea (00007a80)     _OutputXbarRegs

00007c00     1f0 (00007c00)     _GpioCtrlRegs

00007f00     1fc (00007f00)     _GpioDataRegs

0000b000     2c0 (0000b000)     __sys_memory

0000e058     381 (0000e040)     _srcSerial
0000e07e     381 (0000e040)     __lock

0000e080     382 (0000e080)     _launchpad_tx_DW
0000e081     382 (0000e080)     _launchpad_tx_B

0000e0d8     383 (0000e0c0)     _CpuTimer0
0000e0e0     383 (0000e0c0)     _CpuTimer1
0000e0e8     383 (0000e0c0)     _CpuTimer2
0000e0f0     383 (0000e0c0)     _seqId
0000e0fe     383 (0000e0c0)     __unlock

0000e100     384 (0000e100)     _queRx

0000e17a     385 (0000e140)     _ErrorFlag
0000e17c     385 (0000e140)     _mwInitStart
0000e17e     385 (0000e140)     _mwInitEnd

0000e1aa     386 (0000e180)     ___TI_enable_exit_profile_output
0000e1ac     386 (0000e180)     ___TI_cleanup_ptr
0000e1ae     386 (0000e180)     ___TI_dtors_ptr
0000e1b4     386 (0000e180)     _IsrOverrun
0000e1b6     386 (0000e180)     _stopRequested
0000e1b7     386 (0000e180)     _runModel
0000e1b8     386 (0000e180)     _startModel
0000e1b9     386 (0000e180)     _modelStatus
0000e1bc     386 (0000e180)     _launchpad_tx_P

0000e1c8     387 (0000e1c0)     _MW_SCI_PTR
0000e1ca     387 (0000e1c0)     _GPIO_oneTimeInit
0000e1cb     387 (0000e1c0)     _MW_InterruptDisableLock
0000e1cc     387 (0000e1c0)     _checkSCITransmitInprogress
0000e1cf     387 (0000e1c0)     _host_upstatus_is_uploading

00047000    11c0 (00047000)     _Emif1Regs

00047800    11e0 (00047800)     _Emif2Regs

00048000    1200 (00048000)     _CanaRegs

0004a000    1280 (0004a000)     _CanbRegs

00050000    1400 (00050000)     _IpcRegs
00050024    1400 (00050000)     _FlashPumpSemaphoreRegs

0005d000    1740 (0005d000)     _DevCfgRegs

0005d180    1746 (0005d180)     _AnalogSubsysRegs

0005d200    1748 (0005d200)     _ClkCfgRegs

0005d300    174c (0005d300)     _CpuSysRegs

0005e608    1798 (0005e600)     _RomPrefetchRegs

0005f000    17c0 (0005f000)     _DcsmZ1Regs

0005f040    17c1 (0005f040)     _DcsmZ2Regs
0005f070    17c1 (0005f040)     _DcsmCommonRegs

0005f400    17d0 (0005f400)     _MemCfgRegs

0005f480    17d2 (0005f480)     _Emif1ConfigRegs
0005f4a0    17d2 (0005f480)     _Emif2ConfigRegs

0005f4c0    17d3 (0005f4c0)     _AccessProtectionRegs

0005f500    17d4 (0005f500)     _MemoryErrorRegs

0005f540    17d5 (0005f540)     _RomWaitStateRegs

0005f800    17e0 (0005f800)     _Flash0CtrlRegs

0005fb00    17ec (0005fb00)     _Flash0EccRegs

00083268    20c9 (00083240)     _PieVectTableInit

00083428    20d0 (00083400)     _crc8_table_j1850

00083652    20d9 (00083640)     _launchpad_tx_M


GLOBAL SYMBOLS: SORTED ALPHABETICALLY BY Name 

page  address   name                                     
----  -------   ----                                     
0     000800ac  .text                                    
0     000830f9  C$$EXIT                                  
0     00083194  I$$DIV                                   
0     000831a5  I$$MOD                                   
0     00081361  _ADCA1_ISR                               
0     000815e1  _ADCA2_ISR                               
0     000815eb  _ADCA3_ISR                               
0     000815f5  _ADCA4_ISR                               
0     000815d7  _ADCA_EVT_ISR                            
0     0008136b  _ADCB1_ISR                               
0     00081609  _ADCB2_ISR                               
0     00081613  _ADCB3_ISR                               
0     0008161d  _ADCB4_ISR                               
0     000815ff  _ADCB_EVT_ISR                            
0     00081375  _ADCC1_ISR                               
0     00081771  _ADCC2_ISR                               
0     0008177b  _ADCC3_ISR                               
0     00081785  _ADCC4_ISR                               
0     00081767  _ADCC_EVT_ISR                            
0     00081393  _ADCD1_ISR                               
0     00081799  _ADCD2_ISR                               
0     000817a3  _ADCD3_ISR                               
0     000817ad  _ADCD4_ISR                               
0     0008178f  _ADCD_EVT_ISR                            
0     000817e9  _AUX_PLL_SLIP_ISR                        
1     0005f4c0  _AccessProtectionRegs                    
1     00007400  _AdcaRegs                                
1     00000b00  _AdcaResultRegs                          
1     00007480  _AdcbRegs                                
1     00000b20  _AdcbResultRegs                          
1     00007500  _AdccRegs                                
1     00000b40  _AdccResultRegs                          
1     00007580  _AdcdRegs                                
1     00000b60  _AdcdResultRegs                          
1     0005d180  _AnalogSubsysRegs                        
0     00081c61  _AuxAuxClkSel                            
0     00081c4b  _AuxIntOsc2Sel                           
0     00081c55  _AuxXtalOscSel                           
0     00082b63  _BytePacker16bits                        
0     00082b3d  _BytePacker32bits                        
0     00082b1a  _BytePackerInplace32bits                 
0     000815af  _CANA0_ISR                               
0     000815b9  _CANA1_ISR                               
0     000815c3  _CANB0_ISR                               
0     000815cd  _CANB1_ISR                               
0     00081627  _CLA1_1_ISR                              
0     00081631  _CLA1_2_ISR                              
0     0008163b  _CLA1_3_ISR                              
0     00081645  _CLA1_4_ISR                              
0     0008164f  _CLA1_5_ISR                              
0     00081659  _CLA1_6_ISR                              
0     00081663  _CLA1_7_ISR                              
0     0008166d  _CLA1_8_ISR                              
0     000817f3  _CLA_OVERFLOW_ISR                        
0     000817fd  _CLA_UNDERFLOW_ISR                       
0     0008295c  _CPU02toCPU01IPC0IntHandler              
1     00048000  _CanaRegs                                
1     0004a000  _CanbRegs                                
1     00001400  _Cla1Regs                                
1     00003200  _Clb1DataExchRegs                        
1     00003000  _Clb1LogicCfgRegs                        
1     00003100  _Clb1LogicCtrlRegs                       
1     00003600  _Clb2DataExchRegs                        
1     00003400  _Clb2LogicCfgRegs                        
1     00003500  _Clb2LogicCtrlRegs                       
1     00003a00  _Clb3DataExchRegs                        
1     00003800  _Clb3LogicCfgRegs                        
1     00003900  _Clb3LogicCtrlRegs                       
1     00003e00  _Clb4DataExchRegs                        
1     00003c00  _Clb4LogicCfgRegs                        
1     00003d00  _Clb4LogicCtrlRegs                       
1     00007a40  _ClbXbarRegs                             
1     0005d200  _ClkCfgRegs                              
1     00005c80  _Cmpss1Regs                              
1     00005ca0  _Cmpss2Regs                              
1     00005cc0  _Cmpss3Regs                              
1     00005ce0  _Cmpss4Regs                              
1     00005d00  _Cmpss5Regs                              
1     00005d20  _Cmpss6Regs                              
1     00005d40  _Cmpss7Regs                              
1     00005d60  _Cmpss8Regs                              
0     00082e0b  _ConfigCpuTimer                          
0     00081cb5  _ConfigureTMXAnalogTrim                  
1     0005d300  _CpuSysRegs                              
1     0000e0d8  _CpuTimer0                               
1     00000c00  _CpuTimer0Regs                           
1     0000e0e0  _CpuTimer1                               
1     00000c08  _CpuTimer1Regs                           
1     0000e0e8  _CpuTimer2                               
1     00000c10  _CpuTimer2Regs                           
0     00081bf6  _CsmUnlock                               
0     000812b7  _DATALOG_ISR                             
0     000814fb  _DMA_CH1_ISR                             
0     00081505  _DMA_CH2_ISR                             
0     0008150f  _DMA_CH3_ISR                             
0     00081519  _DMA_CH4_ISR                             
0     00081523  _DMA_CH5_ISR                             
0     0008152d  _DMA_CH6_ISR                             
1     00005c00  _DacaRegs                                
1     00005c10  _DacbRegs                                
1     00005c20  _DaccRegs                                
1     0005f070  _DcsmCommonRegs                          
1     0005f000  _DcsmZ1Regs                              
1     0005f040  _DcsmZ2Regs                              
0     00081fa5  _DelayLoop                               
1     0005d000  _DevCfgRegs                              
0     0008190b  _DisableDog                              
0     000818cc  _DisablePeripheralClocks                 
1     00007980  _DmaClaSrcSelRegs                        
1     00001000  _DmaRegs                                 
0     00081451  _ECAP1_ISR                               
0     0008145b  _ECAP2_ISR                               
0     00081465  _ECAP3_ISR                               
0     0008146f  _ECAP4_ISR                               
0     00081479  _ECAP5_ISR                               
0     00081483  _ECAP6_ISR                               
1     00005000  _ECap1Regs                               
1     00005020  _ECap2Regs                               
1     00005040  _ECap3Regs                               
1     00005060  _ECap4Regs                               
1     00005080  _ECap5Regs                               
1     000050a0  _ECap6Regs                               
0     000817b7  _EMIF_ERROR_ISR                          
0     00081811  _EMPTY_ISR                               
0     000812cb  _EMU_ISR                                 
0     0008170d  _EPWM10_ISR                              
0     000816e5  _EPWM10_TZ_ISR                           
0     00081717  _EPWM11_ISR                              
0     000816ef  _EPWM11_TZ_ISR                           
0     00081721  _EPWM12_ISR                              
0     000816f9  _EPWM12_TZ_ISR                           
0     00081401  _EPWM1_ISR                               
0     000813b1  _EPWM1_TZ_ISR                            
0     0008140b  _EPWM2_ISR                               
0     000813bb  _EPWM2_TZ_ISR                            
0     00081415  _EPWM3_ISR                               
0     000813c5  _EPWM3_TZ_ISR                            
0     0008141f  _EPWM4_ISR                               
0     000813cf  _EPWM4_TZ_ISR                            
0     00081429  _EPWM5_ISR                               
0     000813d9  _EPWM5_TZ_ISR                            
0     00081433  _EPWM6_ISR                               
0     000813e3  _EPWM6_TZ_ISR                            
0     0008143d  _EPWM7_ISR                               
0     000813ed  _EPWM7_TZ_ISR                            
0     00081447  _EPWM8_ISR                               
0     000813f7  _EPWM8_TZ_ISR                            
0     00081703  _EPWM9_ISR                               
0     000816db  _EPWM9_TZ_ISR                            
1     00004900  _EPwm10Regs                              
1     00004a00  _EPwm11Regs                              
1     00004b00  _EPwm12Regs                              
1     00004000  _EPwm1Regs                               
1     00004100  _EPwm2Regs                               
1     00004200  _EPwm3Regs                               
1     00004300  _EPwm4Regs                               
1     00004400  _EPwm5Regs                               
1     00004500  _EPwm6Regs                               
1     00004600  _EPwm7Regs                               
1     00004700  _EPwm8Regs                               
1     00004800  _EPwm9Regs                               
1     00007a00  _EPwmXbarRegs                            
0     0008148d  _EQEP1_ISR                               
0     00081497  _EQEP2_ISR                               
0     000814a1  _EQEP3_ISR                               
1     00005100  _EQep1Regs                               
1     00005140  _EQep2Regs                               
1     00005180  _EQep3Regs                               
1     0005f480  _Emif1ConfigRegs                         
1     00047000  _Emif1Regs                               
1     0005f4a0  _Emif2ConfigRegs                         
1     00047800  _Emif2Regs                               
0     00083141  _EnableInterrupts                        
1     0000e17a  _ErrorFlag                               
0     00082b0f  _ExtCloseConnection                      
0     00082b0b  _ExtForceDisconnect                      
0     00082ad7  _ExtGetHostPkt                           
0     00082a9b  _ExtInit                                 
0     00082afc  _ExtModeSleep                            
0     00082b01  _ExtOpenConnection                       
0     00080f50  _ExtParseArgsAndInitUD                   
0     00082a42  _ExtProcessArgs                          
0     00082aa1  _ExtSetHostPkt                           
0     00082abc  _ExtSetHostPkt8bit                       
0     00082b13  _ExtShutDown                             
0     00082a98  _ExtUserDataCreate                       
0     00082af8  _ExtUserDataDestroy                      
0     00080f75  _ExtWaitForStartPkt                      
0     00082af3  _ExtWaitForStartPktFromHost              
0     000080df  _F28x_usDelay                            
0     000817cb  _FLASH_CORRECTABLE_ERROR_ISR             
0     0008169f  _FPU_OVERFLOW_ISR                        
0     000816a9  _FPU_UNDERFLOW_ISR                       
1     0005f800  _Flash0CtrlRegs                          
1     0005fb00  _Flash0EccRegs                           
0     000080d1  _FlashOff                                
1     00050024  _FlashPumpSemaphoreRegs                  
0     00082431  _GPIO_EnableUnbondedIOPullups            
0     0008240c  _GPIO_EnableUnbondedIOPullupsFor100Pin   
0     000823f3  _GPIO_EnableUnbondedIOPullupsFor176Pin   
0     00082447  _GPIO_ReadPin                            
0     00082398  _GPIO_SetupLock                          
0     00082278  _GPIO_SetupPinMux                        
0     00082304  _GPIO_SetupPinOptions                    
0     000823c1  _GPIO_SetupXINT1Gpio                     
0     000823cb  _GPIO_SetupXINT2Gpio                     
0     000823d5  _GPIO_SetupXINT3Gpio                     
0     000823df  _GPIO_SetupXINT4Gpio                     
0     000823e9  _GPIO_SetupXINT5Gpio                     
0     000830d4  _GPIO_TogglePin                          
0     0008245e  _GPIO_WritePin                           
1     0000e1ca  _GPIO_oneTimeInit                        
1     00007c00  _GpioCtrlRegs                            
1     00007f00  _GpioDataRegs                            
0     00081c7f  _HALT                                    
0     00081c98  _HIB                                     
0     00081541  _I2CA_FIFO_ISR                           
0     00081537  _I2CA_ISR                                
0     00081555  _I2CB_FIFO_ISR                           
0     0008154b  _I2CB_ISR                                
1     00007300  _I2caRegs                                
1     00007340  _I2cbRegs                                
0     00081c6b  _IDLE                                    
0     000812df  _ILLEGAL_ISR                             
0     000816b3  _IPC0_ISR                                
0     000816bd  _IPC1_ISR                                
0     000816c7  _IPC2_ISR                                
0     000816d1  _IPC3_ISR                                
0     00081d64  _IPCLiteLtoRClearBits                    
0     00081d8e  _IPCLiteLtoRClearBits_Protected          
0     00081ced  _IPCLiteLtoRDataRead                     
0     00081db8  _IPCLiteLtoRDataWrite                    
0     00081ddd  _IPCLiteLtoRDataWrite_Protected          
0     00081e02  _IPCLiteLtoRFunctionCall                 
0     00081cd2  _IPCLiteLtoRGetResult                    
0     00081d10  _IPCLiteLtoRSetBits                      
0     00081d3a  _IPCLiteLtoRSetBits_Protected            
0     00081e1e  _IPCLiteReqMemAccess                     
0     00081ec8  _IPCLiteRtoLClearBits                    
0     00081ef8  _IPCLiteRtoLClearBits_Protected          
0     00081e42  _IPCLiteRtoLDataRead                     
0     00081f2b  _IPCLiteRtoLDataWrite                    
0     00081f58  _IPCLiteRtoLDataWrite_Protected          
0     00081f88  _IPCLiteRtoLFunctionCall                 
0     00081e69  _IPCLiteRtoLSetBits                      
0     00081e97  _IPCLiteRtoLSetBits_Protected            
0     00081b07  _InitAuxPll                              
0     00082dca  _InitCpuTimers                           
0     000080a8  _InitFlash                               
0     00082238  _InitGpio                                
0     00081848  _InitPeripheralClocks                    
0     00083122  _InitPieCtrl                             
0     0008314a  _InitPieVectTable                        
0     00081828  _InitSysCtrl                             
0     00081919  _InitSysPll                              
1     00007900  _InputXbarRegs                           
1     00050000  _IpcRegs                                 
0     000827d7  _IsEscapeChar16bit                       
1     0000e1b4  _IsrOverrun                              
0     000814d3  _MCBSPA_RX_ISR                           
0     000814dd  _MCBSPA_TX_ISR                           
0     000814e7  _MCBSPB_RX_ISR                           
0     000814f1  _MCBSPB_TX_ISR                           
1     0000e1cb  _MW_InterruptDisableLock                 
0     00083267  _MW_RamfuncsLoadEnd                      
abs   0000003f  _MW_RamfuncsLoadSize                     
0     00083228  _MW_RamfuncsLoadStart                    
0     000080e7  _MW_RamfuncsRunEnd                       
abs   0000003f  _MW_RamfuncsRunSize                      
0     000080a8  _MW_RamfuncsRunStart                     
1     0000e1c8  _MW_SCI_PTR                              
1     00006000  _McbspaRegs                              
1     00006040  _McbspbRegs                              
1     0005f400  _MemCfgRegs                              
1     0005f500  _MemoryErrorRegs                         
0     000812d5  _NMI_ISR                                 
0     0008181e  _NOTUSED_ISR                             
1     00007060  _NmiIntruptRegs                          
0     000830c9  _OneTimeGpioInit                         
1     00007a80  _OutputXbarRegs                          
0     00081807  _PIE_RESERVED_ISR                        
1     00000ce0  _PieCtrlRegs                             
1     00000d00  _PieVectTable                            
0     00083268  _PieVectTableInit                        
0     000817d5  _RAM_ACCESS_VIOLATION_ISR                
0     000817c1  _RAM_CORRECTABLE_ERROR_ISR               
0     000812c1  _RTOS_ISR                                
0     000800ac  _RamfuncsLoadEnd                         
abs   000000a8  _RamfuncsLoadSize                        
0     00080004  _RamfuncsLoadStart                       
0     000080a8  _RamfuncsRunEnd                          
abs   000000a8  _RamfuncsRunSize                         
0     00008000  _RamfuncsRunStart                        
0     000818f3  _ReleaseFlashPump                        
1     0005e608  _RomPrefetchRegs                         
1     0005f540  _RomWaitStateRegs                        
0     00081587  _SCIA_RX_ISR                             
0     00081591  _SCIA_TX_ISR                             
0     0008159b  _SCIB_RX_ISR                             
0     000815a5  _SCIB_TX_ISR                             
0     0008155f  _SCIC_RX_ISR                             
0     00081569  _SCIC_TX_ISR                             
0     00081573  _SCID_RX_ISR                             
0     0008157d  _SCID_TX_ISR                             
0     00008062  _SCIRXINT_isr                            
0     0008172b  _SD1_ISR                                 
0     00081735  _SD2_ISR                                 
0     000814ab  _SPIA_RX_ISR                             
0     000814b5  _SPIA_TX_ISR                             
0     000814bf  _SPIB_RX_ISR                             
0     000814c9  _SPIB_TX_ISR                             
0     0008173f  _SPIC_RX_ISR                             
0     00081749  _SPIC_TX_ISR                             
0     00081c74  _STANDBY                                 
0     000817df  _SYS_PLL_SLIP_ISR                        
1     00007200  _SciaRegs                                
1     00007210  _ScibRegs                                
1     00007220  _ScicRegs                                
1     00007230  _ScidRegs                                
1     00005e00  _Sdfm1Regs                               
1     00005e80  _Sdfm2Regs                               
0     000818e4  _SeizeFlashPump                          
0     00080dda  _SendPktToHost                           
0     000818fd  _ServiceDog                              
0     000800ac  _SetParam                                
0     000830eb  _Set_GPIOPin                             
1     00006100  _SpiaRegs                                
1     00006110  _SpibRegs                                
1     00006120  _SpicRegs                                
1     00007940  _SyncSocRegs                             
0     000080e3  _SysCtl_delay                            
0     00081c17  _SysIntOsc1Sel                           
0     00081c27  _SysIntOsc2Sel                           
0     00081c3b  _SysXtalOscSel                           
0     0008139d  _TIMER0_ISR                              
0     000812a3  _TIMER1_ISR                              
0     000812ad  _TIMER2_ISR                              
0     00083085  _TINT0_isr                               
0     00081753  _UPPA_ISR                                
0     0008175d  _USBA_ISR                                
0     00081343  _USER10_ISR                              
0     0008134d  _USER11_ISR                              
0     00081357  _USER12_ISR                              
0     000812e9  _USER1_ISR                               
0     000812f3  _USER2_ISR                               
0     000812fd  _USER3_ISR                               
0     00081307  _USER4_ISR                               
0     00081311  _USER5_ISR                               
0     0008131b  _USER6_ISR                               
0     00081325  _USER7_ISR                               
0     0008132f  _USER8_ISR                               
0     00081339  _USER9_ISR                               
0     0008053e  _UploadArmTrigger                        
0     0008071f  _UploadBufAddTimePoint                   
0     000805d3  _UploadBufDataSent                       
0     000809ab  _UploadBufGetData                        
0     0008059a  _UploadCancelLogging                     
0     00080904  _UploadCheckEndTrigger                   
0     000808b7  _UploadCheckTrigger                      
0     00080584  _UploadEndLoggingSession                 
0     0008045c  _UploadInitTrigger                       
0     000803b7  _UploadLogInfoInit                       
0     000802ea  _UploadLogInfoReset                      
0     0008031a  _UploadLogInfoTerm                       
0     00080387  _UploadPrepareForFinalFlush              
0     00080f7b  _UploadServerWork                        
1     00006200  _UppRegs                                 
0     00081695  _VCU_ISR                                 
0     000813a7  _WAKE_ISR                                
1     00007000  _WdRegs                                  
0     0008137f  _XINT1_ISR                               
0     00081389  _XINT2_ISR                               
0     00081677  _XINT3_ISR                               
0     00081681  _XINT4_ISR                               
0     0008168b  _XINT5_ISR                               
1     00007920  _XbarRegs                                
1     00007070  _XintRegs                                
1     00000522  __STACK_END                              
abs   00000400  __STACK_SIZE                             
abs   00000400  __SYSMEM_SIZE                            
1     0000e1ac  ___TI_cleanup_ptr                        
1     0000e1ae  ___TI_dtors_ptr                          
1     0000e1aa  ___TI_enable_exit_profile_output         
0     00082236  ___TI_heap_check                         
0     00082219  ___TI_heap_largest_available             
0     000821fc  ___TI_heap_total_available               
abs   ffffffff  ___TI_pprof_out_hndl                     
abs   ffffffff  ___TI_prof_data_size                     
abs   ffffffff  ___TI_prof_data_start                    
abs   ffffffff  ___binit__                               
abs   ffffffff  ___c_args__                              
0     00083658  ___cinit__                               
0     00083227  ___etext__                               
abs   ffffffff  ___pinit__                               
0     000800ac  ___text__                                
0     000831d3  __args_main                              
1     0000e07e  __lock                                   
0     00083214  __nop                                    
0     00083210  __register_lock                          
0     0008320c  __register_unlock                        
1     00000122  __stack                                  
1     0000b000  __sys_memory                             
0     00083226  __system_post_cinit                      
0     00083224  __system_pre_init                        
1     0000e0fe  __unlock                                 
0     000830f9  _abort                                   
0     00082bac  _addElement                              
0     00082156  _aligned_alloc                           
0     00082827  _byteswap_L8exp_esc                      
0     0008247c  _c2000_flash_init                        
0     00082f97  _c_int00                                 
0     00082f45  _calculate_crc8_j1850                    
0     00082f6a  _calculate_crc8_j1850_bytePacked         
0     00082f50  _calculate_crc8_j1850_withInit           
0     00082f75  _calculate_crc8_j1850_withInit_bytePacked
0     00082129  _calloc                                  
1     0000e1cc  _checkSCITransmitInprogress              
0     00082ec1  _configureTimer0                         
0     00083170  _copy_in                                 
0     00083428  _crc8_table_j1850                        
0     00008000  _deleteElement                           
0     00082f0e  _disableTimer0Interrupt                  
0     00082fed  _disableWatchdog                         
0     00082f04  _enableTimer0Interrupt                   
0     0008269a  _enable_interrupts_sci                   
0     000830fb  _exit                                    
0     00081fd7  _free                                    
0     000831ed  _globalInterruptDisable                  
0     000831e5  _globalInterruptEnable                   
0     000831f6  _hardwareTimer1Init                      
1     0000e1cf  _host_upstatus_is_uploading              
0     00082b86  _initQue                                 
0     00082495  _initSetGPIOIPC                          
0     00082ff8  _init_SCI                                
0     0008302e  _init_SCI_GPIO                           
0     0008271c  _init_SCI_external_mode                  
0     00082d32  _init_board                              
0     00082b93  _isEmpty                                 
0     00082b9f  _isFull                                  
1     0000e081  _launchpad_tx_B                          
1     0000e080  _launchpad_tx_DW                         
0     00083652  _launchpad_tx_M                          
1     0000e1bc  _launchpad_tx_P                          
0     000828e3  _launchpad_tx_initialize                 
0     00082859  _launchpad_tx_step                       
0     0008295b  _launchpad_tx_terminate                  
0     00082be9  _main                                    
0     00081fac  _malloc                                  
0     00082156  _memalign                                
0     000831b6  _memcpy                                  
0     0008321d  _memset                                  
0     00082125  _minit                                   
1     0000e1b9  _modelStatus                             
1     0000e17e  _mwInitEnd                               
1     0000e17c  _mwInitStart                             
1     0000e100  _queRx                                   
0     000820a1  _realloc                                 
0     00082f26  _restoreTimer0Interrupt                  
0     00082d09  _rtERTExtModeSetTFinal                   
0     00082d31  _rtERTExtModeStartMsg                    
0     00082ce8  _rtExtModeCheckEndTrigger                
0     00082cf1  _rtExtModeCheckInit                      
0     00082ccf  _rtExtModeOneStep                        
0     00082cff  _rtExtModeParseArgs                      
0     00082c87  _rtExtModePauseIfNeeded                  
0     00082cf9  _rtExtModeShutdown                       
0     00082ce0  _rtExtModeUpload                         
0     00082ceb  _rtExtModeUploadCheckTrigger             
0     00082ca7  _rtExtModeWaitForStartPkt                
0     00082e98  _rtIOStreamBlockingRecv                  
0     00082e6f  _rtIOStreamBlockingSend                  
0     00082e46  _rtIOStreamBlockingSend8Bits             
0     000826c7  _rtIOStreamClose                         
0     000826a9  _rtIOStreamOpen                          
0     00082704  _rtIOStreamRecv                          
0     000826db  _rtIOStreamSend                          
0     000826cd  _rtIOStreamSend8Bits                     
0     00082d28  _rtParseArgsForExtMode                   
0     00082d22  _rtSetTFinalForExtMode                   
0     000810f2  _rt_ExtModeInit                          
0     0008123d  _rt_ExtModeShutdown                      
0     0008110d  _rt_ExtModeSleep                         
0     00082bd3  _rt_OneStep                              
0     00081119  _rt_PktServerWork                        
0     0008128e  _rt_UploadBufAddTimePoint                
0     0008127f  _rt_UploadCheckEndTrigger                
0     0008126e  _rt_UploadCheckTrigger                   
0     000810e1  _rt_UploadServerWork                     
1     0000e1b7  _runModel                                
0     0008278c  _sci_rcv_external_mode                   
0     000827b6  _sci_xmit_external_mode                  
0     0008303e  _scic_xmit                               
1     0000e0f0  _seqId                                   
0     00082642  _setEpwmXBARForCPU2                      
0     00082519  _setGPIOForCPU2                          
0     0008256c  _setInXBARForCPU2                        
0     000825d5  _setOutXBARForCPU2                       
1     0000e058  _srcSerial                               
1     0000e1b8  _startModel                              
1     0000e1b6  _stopRequested                           
0     00082eff  _stopTimer0                              
0     00083202  _strcmp                                  
0     00082f31  _verify_crc8_j1850                       
abs   ffffffff  binit                                    
0     00083658  cinit                                    
0     00080000  code_start                               
0     00083227  etext                                    
abs   ffffffff  pinit                                    


GLOBAL SYMBOLS: SORTED BY Symbol Address 

page  address   name                                     
----  -------   ----                                     
0     00008000  _RamfuncsRunStart                        
0     00008000  _deleteElement                           
0     00008062  _SCIRXINT_isr                            
0     000080a8  _InitFlash                               
0     000080a8  _MW_RamfuncsRunStart                     
0     000080a8  _RamfuncsRunEnd                          
0     000080d1  _FlashOff                                
0     000080df  _F28x_usDelay                            
0     000080e3  _SysCtl_delay                            
0     000080e7  _MW_RamfuncsRunEnd                       
0     00080000  code_start                               
0     00080004  _RamfuncsLoadStart                       
0     000800ac  .text                                    
0     000800ac  _RamfuncsLoadEnd                         
0     000800ac  _SetParam                                
0     000800ac  ___text__                                
0     000802ea  _UploadLogInfoReset                      
0     0008031a  _UploadLogInfoTerm                       
0     00080387  _UploadPrepareForFinalFlush              
0     000803b7  _UploadLogInfoInit                       
[...]
0     00081771  _ADCC2_ISR                               
0     0008177b  _ADCC3_ISR                               
0     00081785  _ADCC4_ISR                               
0     0008178f  _ADCD_EVT_ISR                            
0     00081799  _ADCD2_ISR                               
0     000817a3  _ADCD3_ISR                               
0     000817ad  _ADCD4_ISR                               
0     000817b7  _EMIF_ERROR_ISR                          
0     000817c1  _RAM_CORRECTABLE_ERROR_ISR               
0     000817cb  _FLASH_CORRECTABLE_ERROR_ISR             
0     000817d5  _RAM_ACCESS_VIOLATION_ISR                
0     000817df  _SYS_PLL_SLIP_ISR                        
0     000817e9  _AUX_PLL_SLIP_ISR                        
0     000817f3  _CLA_OVERFLOW_ISR                        
0     000817fd  _CLA_UNDERFLOW_ISR                       
0     00081807  _PIE_RESERVED_ISR                        
0     00081811  _EMPTY_ISR                               
0     0008181e  _NOTUSED_ISR                             
0     00081828  _InitSysCtrl                             
0     00081848  _InitPeripheralClocks                    
0     000818cc  _DisablePeripheralClocks                 
0     000818e4  _SeizeFlashPump                          
0     000818f3  _ReleaseFlashPump                        
0     000818fd  _ServiceDog                              
0     0008190b  _DisableDog                              
0     00081919  _InitSysPll                              
0     00081b07  _InitAuxPll                              
0     00081bf6  _CsmUnlock                               
0     00081c17  _SysIntOsc1Sel                           
0     00081c27  _SysIntOsc2Sel                           
0     00081c3b  _SysXtalOscSel                           
0     00081c4b  _AuxIntOsc2Sel                           
0     00081c55  _AuxXtalOscSel                           
0     00081c61  _AuxAuxClkSel                            
0     00081c6b  _IDLE                                    
0     00081c74  _STANDBY                                 
0     00081c7f  _HALT                                    
0     00081c98  _HIB                                     
0     00081cb5  _ConfigureTMXAnalogTrim                  
0     00081cd2  _IPCLiteLtoRGetResult                    
0     00081ced  _IPCLiteLtoRDataRead                     
0     00081d10  _IPCLiteLtoRSetBits                      
0     00081d3a  _IPCLiteLtoRSetBits_Protected            
0     00081d64  _IPCLiteLtoRClearBits                    
0     00081d8e  _IPCLiteLtoRClearBits_Protected          
0     00081db8  _IPCLiteLtoRDataWrite                    
0     00081ddd  _IPCLiteLtoRDataWrite_Protected          
0     00081e02  _IPCLiteLtoRFunctionCall                 
0     00081e1e  _IPCLiteReqMemAccess                     
0     00081e42  _IPCLiteRtoLDataRead                     
0     00081e69  _IPCLiteRtoLSetBits                      
0     00081e97  _IPCLiteRtoLSetBits_Protected            
0     00081ec8  _IPCLiteRtoLClearBits                    
0     00081ef8  _IPCLiteRtoLClearBits_Protected          
0     00081f2b  _IPCLiteRtoLDataWrite                    
0     00081f58  _IPCLiteRtoLDataWrite_Protected          
0     00081f88  _IPCLiteRtoLFunctionCall                 
0     00081fa5  _DelayLoop                               
0     00081fac  _malloc                                  
0     00081fd7  _free                                    
0     000820a1  _realloc                                 
0     00082125  _minit                                   
0     00082129  _calloc                                  
0     00082156  _aligned_alloc                           
0     00082156  _memalign                                
0     000821fc  ___TI_heap_total_available               
0     00082219  ___TI_heap_largest_available             
0     00082236  ___TI_heap_check                         
0     00082238  _InitGpio                                
0     00082278  _GPIO_SetupPinMux                        
0     00082304  _GPIO_SetupPinOptions                    
0     00082398  _GPIO_SetupLock                          
0     000823c1  _GPIO_SetupXINT1Gpio                     
0     000823cb  _GPIO_SetupXINT2Gpio                     
0     000823d5  _GPIO_SetupXINT3Gpio                     
0     000823df  _GPIO_SetupXINT4Gpio                     
0     000823e9  _GPIO_SetupXINT5Gpio                     
0     000823f3  _GPIO_EnableUnbondedIOPullupsFor176Pin   
0     0008240c  _GPIO_EnableUnbondedIOPullupsFor100Pin   
0     00082431  _GPIO_EnableUnbondedIOPullups            
0     00082447  _GPIO_ReadPin                            
0     0008245e  _GPIO_WritePin                           
0     0008247c  _c2000_flash_init                        
0     00082495  _initSetGPIOIPC                          
0     00082519  _setGPIOForCPU2                          
0     0008256c  _setInXBARForCPU2                        
0     000825d5  _setOutXBARForCPU2                       
0     00082642  _setEpwmXBARForCPU2                      
0     0008269a  _enable_interrupts_sci                   
0     000826a9  _rtIOStreamOpen                          
0     000826c7  _rtIOStreamClose                         
0     000826cd  _rtIOStreamSend8Bits                     
0     000826db  _rtIOStreamSend                          
0     00082704  _rtIOStreamRecv                          
0     0008271c  _init_SCI_external_mode                  
0     0008278c  _sci_rcv_external_mode                   
0     000827b6  _sci_xmit_external_mode                  
0     000827d7  _IsEscapeChar16bit                       
0     00082827  _byteswap_L8exp_esc                      
0     00082859  _launchpad_tx_step                       
0     000828e3  _launchpad_tx_initialize                 
0     0008295b  _launchpad_tx_terminate                  
0     0008295c  _CPU02toCPU01IPC0IntHandler              
0     00082a42  _ExtProcessArgs                          
0     00082a98  _ExtUserDataCreate                       
0     00082a9b  _ExtInit                                 
0     00082aa1  _ExtSetHostPkt                           
0     00082abc  _ExtSetHostPkt8bit                       
0     00082ad7  _ExtGetHostPkt                           
0     00082af3  _ExtWaitForStartPktFromHost              
0     00082af8  _ExtUserDataDestroy                      
0     00082afc  _ExtModeSleep                            
0     00082b01  _ExtOpenConnection                       
0     00082b0b  _ExtForceDisconnect                      
0     00082b0f  _ExtCloseConnection                      
0     00082b13  _ExtShutDown                             
0     00082b1a  _BytePackerInplace32bits                 
0     00082b3d  _BytePacker32bits                        
0     00082b63  _BytePacker16bits                        
0     00082b86  _initQue                                 
0     00082b93  _isEmpty                                 
0     00082b9f  _isFull                                  
0     00082bac  _addElement                              
0     00082bd3  _rt_OneStep                              
0     00082be9  _main                                    
0     00082c87  _rtExtModePauseIfNeeded                  
0     00082ca7  _rtExtModeWaitForStartPkt                
0     00082ccf  _rtExtModeOneStep                        
0     00082ce0  _rtExtModeUpload                         
0     00082ce8  _rtExtModeCheckEndTrigger                
0     00082ceb  _rtExtModeUploadCheckTrigger             
0     00082cf1  _rtExtModeCheckInit                      
0     00082cf9  _rtExtModeShutdown                       
0     00082cff  _rtExtModeParseArgs                      
0     00082d09  _rtERTExtModeSetTFinal                   
0     00082d22  _rtSetTFinalForExtMode                   
0     00082d28  _rtParseArgsForExtMode                   
0     00082d31  _rtERTExtModeStartMsg                    
0     00082d32  _init_board                              
0     00082dca  _InitCpuTimers                           
0     00082e0b  _ConfigCpuTimer                          
0     00082e46  _rtIOStreamBlockingSend8Bits             
0     00082e6f  _rtIOStreamBlockingSend                  
0     00082e98  _rtIOStreamBlockingRecv                  
0     00082ec1  _configureTimer0                         
0     00082eff  _stopTimer0                              
0     00082f04  _enableTimer0Interrupt                   
0     00082f0e  _disableTimer0Interrupt                  
0     00082f26  _restoreTimer0Interrupt                  
0     00082f31  _verify_crc8_j1850                       
0     00082f45  _calculate_crc8_j1850                    
0     00082f50  _calculate_crc8_j1850_withInit           
0     00082f6a  _calculate_crc8_j1850_bytePacked         
0     00082f75  _calculate_crc8_j1850_withInit_bytePacked
0     00082f97  _c_int00                                 
0     00082fed  _disableWatchdog                         
0     00082ff8  _init_SCI                                
0     0008302e  _init_SCI_GPIO                           
0     0008303e  _scic_xmit                               
0     00083085  _TINT0_isr                               
0     000830c9  _OneTimeGpioInit                         
0     000830d4  _GPIO_TogglePin                          
0     000830eb  _Set_GPIOPin                             
0     000830f9  C$$EXIT                                  
0     000830f9  _abort                                   
0     000830fb  _exit                                    
0     00083122  _InitPieCtrl                             
0     00083141  _EnableInterrupts                        
0     0008314a  _InitPieVectTable                        
0     00083170  _copy_in                                 
0     00083194  I$$DIV                                   
0     000831a5  I$$MOD                                   
0     000831b6  _memcpy                                  
0     000831d3  __args_main                              
0     000831e5  _globalInterruptEnable                   
0     000831ed  _globalInterruptDisable                  
0     000831f6  _hardwareTimer1Init                      
0     00083202  _strcmp                                  
0     0008320c  __register_unlock                        
0     00083210  __register_lock                          
0     00083214  __nop                                    
0     0008321d  _memset                                  
0     00083224  __system_pre_init                        
0     00083226  __system_post_cinit                      
0     00083227  ___etext__                               
0     00083227  etext                                    
0     00083228  _MW_RamfuncsLoadStart                    
0     00083267  _MW_RamfuncsLoadEnd                      
0     00083268  _PieVectTableInit                        
0     00083428  _crc8_table_j1850                        
0     00083652  _launchpad_tx_M                          
0     00083658  ___cinit__                               
0     00083658  cinit                                    
1     00000122  __stack                                  
1     00000522  __STACK_END                              
1     00000b00  _AdcaResultRegs                          
1     00000b20  _AdcbResultRegs                          
1     00000b40  _AdccResultRegs                          
1     00000b60  _AdcdResultRegs                          
1     00000c00  _CpuTimer0Regs                           
1     00000c08  _CpuTimer1Regs                           
1     00000c10  _CpuTimer2Regs                           
1     00000ce0  _PieCtrlRegs                             
1     00000d00  _PieVectTable                            
1     00001000  _DmaRegs                                 
1     00001400  _Cla1Regs                                
1     00003000  _Clb1LogicCfgRegs                        
1     00003100  _Clb1LogicCtrlRegs                       
1     00003200  _Clb1DataExchRegs                        
1     00003400  _Clb2LogicCfgRegs                        
1     00003500  _Clb2LogicCtrlRegs                       
1     00003600  _Clb2DataExchRegs                        
1     00003800  _Clb3LogicCfgRegs                        
1     00003900  _Clb3LogicCtrlRegs                       
1     00003a00  _Clb3DataExchRegs                        
1     00003c00  _Clb4LogicCfgRegs                        
1     00003d00  _Clb4LogicCtrlRegs                       
1     00003e00  _Clb4DataExchRegs                        
1     00004000  _EPwm1Regs                               
1     00004100  _EPwm2Regs                               
1     00004200  _EPwm3Regs                               
1     00004300  _EPwm4Regs                               
1     00004400  _EPwm5Regs                               
1     00004500  _EPwm6Regs                               
1     00004600  _EPwm7Regs                               
1     00004700  _EPwm8Regs                               
1     00004800  _EPwm9Regs                               
1     00004900  _EPwm10Regs                              
1     00004a00  _EPwm11Regs                              
1     00004b00  _EPwm12Regs                              
1     00005000  _ECap1Regs                               
1     00005020  _ECap2Regs                               
1     00005040  _ECap3Regs                               
1     00005060  _ECap4Regs                               
1     00005080  _ECap5Regs                               
1     000050a0  _ECap6Regs                               
1     00005100  _EQep1Regs                               
1     00005140  _EQep2Regs                               
1     00005180  _EQep3Regs                               
1     00005c00  _DacaRegs                                
1     00005c10  _DacbRegs                                
1     00005c20  _DaccRegs                                
1     00005c80  _Cmpss1Regs                              
1     00005ca0  _Cmpss2Regs                              
1     00005cc0  _Cmpss3Regs                              
1     00005ce0  _Cmpss4Regs                              
1     00005d00  _Cmpss5Regs                              
1     00005d20  _Cmpss6Regs                              
1     00005d40  _Cmpss7Regs                              
1     00005d60  _Cmpss8Regs                              
1     00005e00  _Sdfm1Regs                               
1     00005e80  _Sdfm2Regs                               
1     00006000  _McbspaRegs                              
1     00006040  _McbspbRegs                              
1     00006100  _SpiaRegs                                
1     00006110  _SpibRegs                                
1     00006120  _SpicRegs                                
1     00006200  _UppRegs                                 
1     00007000  _WdRegs                                  
1     00007060  _NmiIntruptRegs                          
1     00007070  _XintRegs                                
1     00007200  _SciaRegs                                
1     00007210  _ScibRegs                                
1     00007220  _ScicRegs                                
1     00007230  _ScidRegs                                
1     00007300  _I2caRegs                                
1     00007340  _I2cbRegs                                
1     00007400  _AdcaRegs                                
1     00007480  _AdcbRegs                                
1     00007500  _AdccRegs                                
1     00007580  _AdcdRegs                                
1     00007900  _InputXbarRegs                           
1     00007920  _XbarRegs                                
1     00007940  _SyncSocRegs                             
1     00007980  _DmaClaSrcSelRegs                        
1     00007a00  _EPwmXbarRegs                            
1     00007a40  _ClbXbarRegs                             
1     00007a80  _OutputXbarRegs                          
1     00007c00  _GpioCtrlRegs                            
1     00007f00  _GpioDataRegs                            
1     0000b000  __sys_memory                             
1     0000e058  _srcSerial                               
1     0000e07e  __lock                                   
1     0000e080  _launchpad_tx_DW                         
1     0000e081  _launchpad_tx_B                          
1     0000e0d8  _CpuTimer0                               
1     0000e0e0  _CpuTimer1                               
1     0000e0e8  _CpuTimer2                               
1     0000e0f0  _seqId                                   
1     0000e0fe  __unlock                                 
1     0000e100  _queRx                                   
1     0000e17a  _ErrorFlag                               
1     0000e17c  _mwInitStart                             
1     0000e17e  _mwInitEnd                               
1     0000e1aa  ___TI_enable_exit_profile_output         
1     0000e1ac  ___TI_cleanup_ptr                        
1     0000e1ae  ___TI_dtors_ptr                          
1     0000e1b4  _IsrOverrun                              
1     0000e1b6  _stopRequested                           
1     0000e1b7  _runModel                                
1     0000e1b8  _startModel                              
1     0000e1b9  _modelStatus                             
1     0000e1bc  _launchpad_tx_P                          
1     0000e1c8  _MW_SCI_PTR                              
1     0000e1ca  _GPIO_oneTimeInit                        
1     0000e1cb  _MW_InterruptDisableLock                 
1     0000e1cc  _checkSCITransmitInprogress              
1     0000e1cf  _host_upstatus_is_uploading              
1     00047000  _Emif1Regs                               
1     00047800  _Emif2Regs                               
1     00048000  _CanaRegs                                
1     0004a000  _CanbRegs                                
1     00050000  _IpcRegs                                 
1     00050024  _FlashPumpSemaphoreRegs                  
1     0005d000  _DevCfgRegs                              
1     0005d180  _AnalogSubsysRegs                        
1     0005d200  _ClkCfgRegs                              
1     0005d300  _CpuSysRegs                              
1     0005e608  _RomPrefetchRegs                         
1     0005f000  _DcsmZ1Regs                              
1     0005f040  _DcsmZ2Regs                              
1     0005f070  _DcsmCommonRegs                          
1     0005f400  _MemCfgRegs                              
1     0005f480  _Emif1ConfigRegs                         
1     0005f4a0  _Emif2ConfigRegs                         
1     0005f4c0  _AccessProtectionRegs                    
1     0005f500  _MemoryErrorRegs                         
1     0005f540  _RomWaitStateRegs                        
1     0005f800  _Flash0CtrlRegs                          
1     0005fb00  _Flash0EccRegs                           
abs   0000003f  _MW_RamfuncsLoadSize                     
abs   0000003f  _MW_RamfuncsRunSize                      
abs   000000a8  _RamfuncsLoadSize                        
abs   000000a8  _RamfuncsRunSize                         
abs   00000400  __STACK_SIZE                             
abs   00000400  __SYSMEM_SIZE                            
abs   ffffffff  ___TI_pprof_out_hndl                     
abs   ffffffff  ___TI_prof_data_size                     
abs   ffffffff  ___TI_prof_data_start                    
abs   ffffffff  ___binit__                               
abs   ffffffff  ___c_args__                              
abs   ffffffff  ___pinit__                               
abs   ffffffff  binit                                    
abs   ffffffff  pinit                                    

[508 symbols]
